../Core/Src/main.c:65:13:MEMS_Init	48	static
../Core/Src/main.c:105:5:main	8	static
../Core/Src/main.c:158:6:SystemClock_Config	128	static
../Core/Src/main.c:212:13:SystemPower_Config	8	static
../Core/Src/main.c:232:13:MX_ICACHE_Init	8	static
../Core/Src/main.c:264:13:MX_USART1_UART_Init	8	static
../Core/Src/main.c:312:13:MX_GPIO_Init	64	static
../Core/Src/main.c:578:6:HAL_GPIO_EXTI_Rising_Callback	16	static
../Core/Src/main.c:584:5:_write	24	static
../Core/Src/main.c:597:6:Error_Handler	4	static,ignoring_inline_asm
