16:41:18 **** Incremental Build of configuration Debug for project MemoryAndSection ****
make -j8 all 
arm-none-eabi-size  MemoryAndSection.elf 
   text	   data	    bss	    dec	    hex	filename
  11528	     34	   1846	  13408	   3460	MemoryAndSection.elf
Finished building: default.size.stdout
 
17:15:37 **** Incremental Build of configuration Debug for project MemoryAndSection ****
make -j8 all 
arm-none-eabi-gcc "../Core/Src/main.c" -mcpu=cortex-m4 -std=gnu11 -g3 -DDEBUG -DUSE_HAL_DRIVER -DSTM32L452xx -c -I../Core/Inc -I../Drivers/STM32L4xx_HAL_Driver/Inc -I../Drivers/STM32L4xx_HAL_Driver/Inc/Legacy -I../Drivers/CMSIS/Device/ST/STM32L4xx/Include -I../Drivers/CMSIS/Include -O0 -ffunction-sections -fdata-sections -Wall -fstack-usage -fcyclomatic-complexity -MMD -MP -MF"Core/Src/main.d" -MT"Core/Src/main.o" --specs=nano.specs -mfpu=fpv4-sp-d16 -mfloat-abi=hard -mthumb -o "Core/Src/main.o"
../Core/Src/main.c: In function 'main':
../Core/Src/main.c:90:3: warning: implicit declaration of function '__HAL_RCC_BKPRAM_CLK_ENABLE' [-Wimplicit-function-declaration]
   90 |   __HAL_RCC_BKPRAM_CLK_ENABLE();
      |   ^~~~~~~~~~~~~~~~~~~~~~~~~~~
../Core/Src/main.c:92:3: warning: implicit declaration of function 'HAL_PWREx_EnableBkUpReg'; did you mean 'HAL_PWR_EnableBkUpReg'? [-Wimplicit-function-declaration]
   92 |   HAL_PWREx_EnableBkUpReg();
      |   ^~~~~~~~~~~~~~~~~~~~~~~
      |   HAL_PWR_EnableBkUpReg
../Core/Src/main.c:101:11: warning: implicit declaration of function 'SCB_CleanDCache_by_Addr' [-Wimplicit-function-declaration]
  101 |           SCB_CleanDCache_by_Addr((uint32_t *)u8_variable, 32);
      |           ^~~~~~~~~~~~~~~~~~~~~~~
arm-none-eabi-gcc -o "MemoryAndSection.elf" @"objects.list"   -mcpu=cortex-m4 -T"C:\Users\lagoeirl\STM32CubeIDE\workspace_1.16.0\MemoryAndSection\STM32L452RETX_FLASH.ld" --specs=nosys.specs -Wl,-Map="MemoryAndSection.map" -Wl,--gc-sections -static --specs=nano.specs -mfpu=fpv4-sp-d16 -mfloat-abi=hard -mthumb -Wl,--start-group -lc -lm -Wl,--end-group
C:/ST/STM32CubeIDE_1.16.0/STM32CubeIDE/plugins/com.st.stm32cube.ide.mcu.externaltools.gnu-tools-for-stm32.12.3.rel1.win32_1.0.200.202406191623/tools/bin/../lib/gcc/arm-none-eabi/12.3.1/../../../../arm-none-eabi/bin/ld.exe: warning: MemoryAndSection.elf has a LOAD segment with RWX permissions
C:/ST/STM32CubeIDE_1.16.0/STM32CubeIDE/plugins/com.st.stm32cube.ide.mcu.externaltools.gnu-tools-for-stm32.12.3.rel1.win32_1.0.200.202406191623/tools/bin/../lib/gcc/arm-none-eabi/12.3.1/../../../../arm-none-eabi/bin/ld.exe: ./Core/Src/main.o: in function `main':
C:/Users/lagoeirl/STM32CubeIDE/workspace_1.16.0/MemoryAndSection/Debug/../Core/Src/main.c:90: undefined reference to `__HAL_RCC_BKPRAM_CLK_ENABLE'
C:/ST/STM32CubeIDE_1.16.0/STM32CubeIDE/plugins/com.st.stm32cube.ide.mcu.externaltools.gnu-tools-for-stm32.12.3.rel1.win32_1.0.200.202406191623/tools/bin/../lib/gcc/arm-none-eabi/12.3.1/../../../../arm-none-eabi/bin/ld.exe: C:/Users/lagoeirl/STM32CubeIDE/workspace_1.16.0/MemoryAndSection/Debug/../Core/Src/main.c:92: undefined reference to `HAL_PWREx_EnableBkUpReg'
C:/ST/STM32CubeIDE_1.16.0/STM32CubeIDE/plugins/com.st.stm32cube.ide.mcu.externaltools.gnu-tools-for-stm32.12.3.rel1.win32_1.0.200.202406191623/tools/bin/../lib/gcc/arm-none-eabi/12.3.1/../../../../arm-none-eabi/bin/ld.exe: C:/Users/lagoeirl/STM32CubeIDE/workspace_1.16.0/MemoryAndSection/Debug/../Core/Src/main.c:101: undefined reference to `SCB_CleanDCache_by_Addr'
collect2.exe: error: ld returned 1 exit status
make: *** [makefile:64: MemoryAndSection.elf] Error 1
"make -j8 all" terminated with exit code 2. Build might be incomplete.
17:16:25 **** Incremental Build of configuration Debug for project MemoryAndSection ****
make -j8 all 
arm-none-eabi-gcc -o "MemoryAndSection.elf" @"objects.list"   -mcpu=cortex-m4 -T"C:\Users\lagoeirl\STM32CubeIDE\workspace_1.16.0\MemoryAndSection\STM32L452RETX_FLASH.ld" --specs=nosys.specs -Wl,-Map="MemoryAndSection.map" -Wl,--gc-sections -static --specs=nano.specs -mfpu=fpv4-sp-d16 -mfloat-abi=hard -mthumb -Wl,--start-group -lc -lm -Wl,--end-group
C:/ST/STM32CubeIDE_1.16.0/STM32CubeIDE/plugins/com.st.stm32cube.ide.mcu.externaltools.gnu-tools-for-stm32.12.3.rel1.win32_1.0.200.202406191623/tools/bin/../lib/gcc/arm-none-eabi/12.3.1/../../../../arm-none-eabi/bin/ld.exe: warning: MemoryAndSection.elf has a LOAD segment with RWX permissions
C:/ST/STM32CubeIDE_1.16.0/STM32CubeIDE/plugins/com.st.stm32cube.ide.mcu.externaltools.gnu-tools-for-stm32.12.3.rel1.win32_1.0.200.202406191623/tools/bin/../lib/gcc/arm-none-eabi/12.3.1/../../../../arm-none-eabi/bin/ld.exe: ./Core/Src/main.o: in function `main':
C:/Users/lagoeirl/STM32CubeIDE/workspace_1.16.0/MemoryAndSection/Debug/../Core/Src/main.c:90: undefined reference to `__HAL_RCC_BKPRAM_CLK_ENABLE'
C:/ST/STM32CubeIDE_1.16.0/STM32CubeIDE/plugins/com.st.stm32cube.ide.mcu.externaltools.gnu-tools-for-stm32.12.3.rel1.win32_1.0.200.202406191623/tools/bin/../lib/gcc/arm-none-eabi/12.3.1/../../../../arm-none-eabi/bin/ld.exe: C:/Users/lagoeirl/STM32CubeIDE/workspace_1.16.0/MemoryAndSection/Debug/../Core/Src/main.c:92: undefined reference to `HAL_PWREx_EnableBkUpReg'
C:/ST/STM32CubeIDE_1.16.0/STM32CubeIDE/plugins/com.st.stm32cube.ide.mcu.externaltools.gnu-tools-for-stm32.12.3.rel1.win32_1.0.200.202406191623/tools/bin/../lib/gcc/arm-none-eabi/12.3.1/../../../../arm-none-eabi/bin/ld.exe: C:/Users/lagoeirl/STM32CubeIDE/workspace_1.16.0/MemoryAndSection/Debug/../Core/Src/main.c:101: undefined reference to `SCB_CleanDCache_by_Addr'
collect2.exe: error: ld returned 1 exit status
make: *** [makefile:64: MemoryAndSection.elf] Error 1
"make -j8 all" terminated with exit code 2. Build might be incomplete.
17:17:07 **** Incremental Build of configuration Debug for project MemoryAndSection ****
make -j8 all 
arm-none-eabi-gcc "../Core/Src/main.c" -mcpu=cortex-m4 -std=gnu11 -g3 -DDEBUG -DUSE_HAL_DRIVER -DSTM32L452xx -c -I../Core/Inc -I../Drivers/STM32L4xx_HAL_Driver/Inc -I../Drivers/STM32L4xx_HAL_Driver/Inc/Legacy -I../Drivers/CMSIS/Device/ST/STM32L4xx/Include -I../Drivers/CMSIS/Include -O0 -ffunction-sections -fdata-sections -Wall -fstack-usage -fcyclomatic-complexity -MMD -MP -MF"Core/Src/main.d" -MT"Core/Src/main.o" --specs=nano.specs -mfpu=fpv4-sp-d16 -mfloat-abi=hard -mthumb -o "Core/Src/main.o"
../Core/Src/main.c: In function 'main':
../Core/Src/main.c:90:3: warning: implicit declaration of function 'HAL_RCC_BKPRAM_CLK_ENABLE' [-Wimplicit-function-declaration]
   90 |   HAL_RCC_BKPRAM_CLK_ENABLE();
      |   ^~~~~~~~~~~~~~~~~~~~~~~~~
../Core/Src/main.c:92:3: warning: implicit declaration of function 'HAL_PWREx_EnableBkUpReg'; did you mean 'HAL_PWR_EnableBkUpReg'? [-Wimplicit-function-declaration]
   92 |   HAL_PWREx_EnableBkUpReg();
      |   ^~~~~~~~~~~~~~~~~~~~~~~
      |   HAL_PWR_EnableBkUpReg
../Core/Src/main.c:101:11: warning: implicit declaration of function 'SCB_CleanDCache_by_Addr' [-Wimplicit-function-declaration]
  101 |           SCB_CleanDCache_by_Addr((uint32_t *)u8_variable, 32);
      |           ^~~~~~~~~~~~~~~~~~~~~~~
arm-none-eabi-gcc -o "MemoryAndSection.elf" @"objects.list"   -mcpu=cortex-m4 -T"C:\Users\lagoeirl\STM32CubeIDE\workspace_1.16.0\MemoryAndSection\STM32L452RETX_FLASH.ld" --specs=nosys.specs -Wl,-Map="MemoryAndSection.map" -Wl,--gc-sections -static --specs=nano.specs -mfpu=fpv4-sp-d16 -mfloat-abi=hard -mthumb -Wl,--start-group -lc -lm -Wl,--end-group
C:/ST/STM32CubeIDE_1.16.0/STM32CubeIDE/plugins/com.st.stm32cube.ide.mcu.externaltools.gnu-tools-for-stm32.12.3.rel1.win32_1.0.200.202406191623/tools/bin/../lib/gcc/arm-none-eabi/12.3.1/../../../../arm-none-eabi/bin/ld.exe: warning: MemoryAndSection.elf has a LOAD segment with RWX permissions
C:/ST/STM32CubeIDE_1.16.0/STM32CubeIDE/plugins/com.st.stm32cube.ide.mcu.externaltools.gnu-tools-for-stm32.12.3.rel1.win32_1.0.200.202406191623/tools/bin/../lib/gcc/arm-none-eabi/12.3.1/../../../../arm-none-eabi/bin/ld.exe: ./Core/Src/main.o: in function `main':
C:/Users/lagoeirl/STM32CubeIDE/workspace_1.16.0/MemoryAndSection/Debug/../Core/Src/main.c:90: undefined reference to `HAL_RCC_BKPRAM_CLK_ENABLE'
C:/ST/STM32CubeIDE_1.16.0/STM32CubeIDE/plugins/com.st.stm32cube.ide.mcu.externaltools.gnu-tools-for-stm32.12.3.rel1.win32_1.0.200.202406191623/tools/bin/../lib/gcc/arm-none-eabi/12.3.1/../../../../arm-none-eabi/bin/ld.exe: C:/Users/lagoeirl/STM32CubeIDE/workspace_1.16.0/MemoryAndSection/Debug/../Core/Src/main.c:92: undefined reference to `HAL_PWREx_EnableBkUpReg'
C:/ST/STM32CubeIDE_1.16.0/STM32CubeIDE/plugins/com.st.stm32cube.ide.mcu.externaltools.gnu-tools-for-stm32.12.3.rel1.win32_1.0.200.202406191623/tools/bin/../lib/gcc/arm-none-eabi/12.3.1/../../../../arm-none-eabi/bin/ld.exe: C:/Users/lagoeirl/STM32CubeIDE/workspace_1.16.0/MemoryAndSection/Debug/../Core/Src/main.c:101: undefined reference to `SCB_CleanDCache_by_Addr'
collect2.exe: error: ld returned 1 exit status
make: *** [makefile:64: MemoryAndSection.elf] Error 1
"make -j8 all" terminated with exit code 2. Build might be incomplete.
17:19:57 **** Incremental Build of configuration Debug for project MemoryAndSection ****
make -j8 all 
arm-none-eabi-gcc "../Core/Src/main.c" -mcpu=cortex-m4 -std=gnu11 -g3 -DDEBUG -DUSE_HAL_DRIVER -DSTM32L452xx -c -I../Core/Inc -I../Drivers/STM32L4xx_HAL_Driver/Inc -I../Drivers/STM32L4xx_HAL_Driver/Inc/Legacy -I../Drivers/CMSIS/Device/ST/STM32L4xx/Include -I../Drivers/CMSIS/Include -O0 -ffunction-sections -fdata-sections -Wall -fstack-usage -fcyclomatic-complexity -MMD -MP -MF"Core/Src/main.d" -MT"Core/Src/main.o" --specs=nano.specs -mfpu=fpv4-sp-d16 -mfloat-abi=hard -mthumb -o "Core/Src/main.o"
../Core/Src/main.c: In function 'main':
../Core/Src/main.c:95:3: warning: implicit declaration of function '__HAL_RCC_BKPRAM_CLK_ENABLE' [-Wimplicit-function-declaration]
   95 |   __HAL_RCC_BKPRAM_CLK_ENABLE();
      |   ^~~~~~~~~~~~~~~~~~~~~~~~~~~
../Core/Src/main.c:97:3: warning: implicit declaration of function 'HAL_PWREx_EnableBkUpReg'; did you mean 'HAL_PWR_EnableBkUpReg'? [-Wimplicit-function-declaration]
   97 |   HAL_PWREx_EnableBkUpReg();
      |   ^~~~~~~~~~~~~~~~~~~~~~~
      |   HAL_PWR_EnableBkUpReg
../Core/Src/main.c:106:11: warning: implicit declaration of function 'SCB_CleanDCache_by_Addr' [-Wimplicit-function-declaration]
  106 |           SCB_CleanDCache_by_Addr((uint32_t *)u8_variable, 32);
      |           ^~~~~~~~~~~~~~~~~~~~~~~
arm-none-eabi-gcc -o "MemoryAndSection.elf" @"objects.list"   -mcpu=cortex-m4 -T"C:\Users\lagoeirl\STM32CubeIDE\workspace_1.16.0\MemoryAndSection\STM32L452RETX_FLASH.ld" --specs=nosys.specs -Wl,-Map="MemoryAndSection.map" -Wl,--gc-sections -static --specs=nano.specs -mfpu=fpv4-sp-d16 -mfloat-abi=hard -mthumb -Wl,--start-group -lc -lm -Wl,--end-group
C:/ST/STM32CubeIDE_1.16.0/STM32CubeIDE/plugins/com.st.stm32cube.ide.mcu.externaltools.gnu-tools-for-stm32.12.3.rel1.win32_1.0.200.202406191623/tools/bin/../lib/gcc/arm-none-eabi/12.3.1/../../../../arm-none-eabi/bin/ld.exe: warning: MemoryAndSection.elf has a LOAD segment with RWX permissions
C:/ST/STM32CubeIDE_1.16.0/STM32CubeIDE/plugins/com.st.stm32cube.ide.mcu.externaltools.gnu-tools-for-stm32.12.3.rel1.win32_1.0.200.202406191623/tools/bin/../lib/gcc/arm-none-eabi/12.3.1/../../../../arm-none-eabi/bin/ld.exe: ./Core/Src/main.o: in function `main':
C:/Users/lagoeirl/STM32CubeIDE/workspace_1.16.0/MemoryAndSection/Debug/../Core/Src/main.c:95: undefined reference to `__HAL_RCC_BKPRAM_CLK_ENABLE'
C:/ST/STM32CubeIDE_1.16.0/STM32CubeIDE/plugins/com.st.stm32cube.ide.mcu.externaltools.gnu-tools-for-stm32.12.3.rel1.win32_1.0.200.202406191623/tools/bin/../lib/gcc/arm-none-eabi/12.3.1/../../../../arm-none-eabi/bin/ld.exe: C:/Users/lagoeirl/STM32CubeIDE/workspace_1.16.0/MemoryAndSection/Debug/../Core/Src/main.c:97: undefined reference to `HAL_PWREx_EnableBkUpReg'
C:/ST/STM32CubeIDE_1.16.0/STM32CubeIDE/plugins/com.st.stm32cube.ide.mcu.externaltools.gnu-tools-for-stm32.12.3.rel1.win32_1.0.200.202406191623/tools/bin/../lib/gcc/arm-none-eabi/12.3.1/../../../../arm-none-eabi/bin/ld.exe: C:/Users/lagoeirl/STM32CubeIDE/workspace_1.16.0/MemoryAndSection/Debug/../Core/Src/main.c:106: undefined reference to `SCB_CleanDCache_by_Addr'
collect2.exe: error: ld returned 1 exit status
make: *** [makefile:64: MemoryAndSection.elf] Error 1
"make -j8 all" terminated with exit code 2. Build might be incomplete.
17:20:03 **** Incremental Build of configuration Debug for project MemoryAndSection ****
make -j8 all 
arm-none-eabi-gcc -o "MemoryAndSection.elf" @"objects.list"   -mcpu=cortex-m4 -T"C:\Users\lagoeirl\STM32CubeIDE\workspace_1.16.0\MemoryAndSection\STM32L452RETX_FLASH.ld" --specs=nosys.specs -Wl,-Map="MemoryAndSection.map" -Wl,--gc-sections -static --specs=nano.specs -mfpu=fpv4-sp-d16 -mfloat-abi=hard -mthumb -Wl,--start-group -lc -lm -Wl,--end-group
C:/ST/STM32CubeIDE_1.16.0/STM32CubeIDE/plugins/com.st.stm32cube.ide.mcu.externaltools.gnu-tools-for-stm32.12.3.rel1.win32_1.0.200.202406191623/tools/bin/../lib/gcc/arm-none-eabi/12.3.1/../../../../arm-none-eabi/bin/ld.exe: warning: MemoryAndSection.elf has a LOAD segment with RWX permissions
C:/ST/STM32CubeIDE_1.16.0/STM32CubeIDE/plugins/com.st.stm32cube.ide.mcu.externaltools.gnu-tools-for-stm32.12.3.rel1.win32_1.0.200.202406191623/tools/bin/../lib/gcc/arm-none-eabi/12.3.1/../../../../arm-none-eabi/bin/ld.exe: ./Core/Src/main.o: in function `main':
C:/Users/lagoeirl/STM32CubeIDE/workspace_1.16.0/MemoryAndSection/Debug/../Core/Src/main.c:95: undefined reference to `__HAL_RCC_BKPRAM_CLK_ENABLE'
C:/ST/STM32CubeIDE_1.16.0/STM32CubeIDE/plugins/com.st.stm32cube.ide.mcu.externaltools.gnu-tools-for-stm32.12.3.rel1.win32_1.0.200.202406191623/tools/bin/../lib/gcc/arm-none-eabi/12.3.1/../../../../arm-none-eabi/bin/ld.exe: C:/Users/lagoeirl/STM32CubeIDE/workspace_1.16.0/MemoryAndSection/Debug/../Core/Src/main.c:97: undefined reference to `HAL_PWREx_EnableBkUpReg'
C:/ST/STM32CubeIDE_1.16.0/STM32CubeIDE/plugins/com.st.stm32cube.ide.mcu.externaltools.gnu-tools-for-stm32.12.3.rel1.win32_1.0.200.202406191623/tools/bin/../lib/gcc/arm-none-eabi/12.3.1/../../../../arm-none-eabi/bin/ld.exe: C:/Users/lagoeirl/STM32CubeIDE/workspace_1.16.0/MemoryAndSection/Debug/../Core/Src/main.c:106: undefined reference to `SCB_CleanDCache_by_Addr'
collect2.exe: error: ld returned 1 exit status
make: *** [makefile:64: MemoryAndSection.elf] Error 1
"make -j8 all" terminated with exit code 2. Build might be incomplete.
18:27:13 **** Incremental Build of configuration Debug for project MemoryAndSection ****
make -j8 all 
arm-none-eabi-gcc "../Core/Src/main.c" -mcpu=cortex-m4 -std=gnu11 -g3 -DDEBUG -DUSE_HAL_DRIVER -DSTM32L452xx -c -I../Core/Inc -I../Drivers/STM32L4xx_HAL_Driver/Inc -I../Drivers/STM32L4xx_HAL_Driver/Inc/Legacy -I../Drivers/CMSIS/Device/ST/STM32L4xx/Include -I../Drivers/CMSIS/Include -O0 -ffunction-sections -fdata-sections -Wall -fstack-usage -fcyclomatic-complexity -MMD -MP -MF"Core/Src/main.d" -MT"Core/Src/main.o" --specs=nano.specs -mfpu=fpv4-sp-d16 -mfloat-abi=hard -mthumb -o "Core/Src/main.o"
../Core/Src/main.c: In function 'main':
../Core/Src/main.c:95:3: warning: implicit declaration of function '__HAL_RCC_BKPRAM_CLK_ENABLE' [-Wimplicit-function-declaration]
   95 |   __HAL_RCC_BKPRAM_CLK_ENABLE();
      |   ^~~~~~~~~~~~~~~~~~~~~~~~~~~
../Core/Src/main.c:97:3: warning: implicit declaration of function 'HAL_PWREx_EnableBkUpReg'; did you mean 'HAL_PWR_EnableBkUpReg'? [-Wimplicit-function-declaration]
   97 |   HAL_PWREx_EnableBkUpReg();
      |   ^~~~~~~~~~~~~~~~~~~~~~~
      |   HAL_PWR_EnableBkUpReg
../Core/Src/main.c:106:11: warning: implicit declaration of function 'SCB_CleanDCache_by_Addr' [-Wimplicit-function-declaration]
  106 |           SCB_CleanDCache_by_Addr((uint32_t *)u8_variable, 32);
      |           ^~~~~~~~~~~~~~~~~~~~~~~
arm-none-eabi-gcc -o "MemoryAndSection.elf" @"objects.list"   -mcpu=cortex-m4 -T"C:\Users\lagoeirl\STM32CubeIDE\workspace_1.16.0\MemoryAndSection\STM32L452RETX_FLASH.ld" --specs=nosys.specs -Wl,-Map="MemoryAndSection.map" -Wl,--gc-sections -static --specs=nano.specs -mfpu=fpv4-sp-d16 -mfloat-abi=hard -mthumb -Wl,--start-group -lc -lm -Wl,--end-group
C:/ST/STM32CubeIDE_1.16.0/STM32CubeIDE/plugins/com.st.stm32cube.ide.mcu.externaltools.gnu-tools-for-stm32.12.3.rel1.win32_1.0.200.202406191623/tools/bin/../lib/gcc/arm-none-eabi/12.3.1/../../../../arm-none-eabi/bin/ld.exe: warning: MemoryAndSection.elf has a LOAD segment with RWX permissions
C:/ST/STM32CubeIDE_1.16.0/STM32CubeIDE/plugins/com.st.stm32cube.ide.mcu.externaltools.gnu-tools-for-stm32.12.3.rel1.win32_1.0.200.202406191623/tools/bin/../lib/gcc/arm-none-eabi/12.3.1/../../../../arm-none-eabi/bin/ld.exe: ./Core/Src/main.o: in function `main':
C:/Users/lagoeirl/STM32CubeIDE/workspace_1.16.0/MemoryAndSection/Debug/../Core/Src/main.c:95: undefined reference to `__HAL_RCC_BKPRAM_CLK_ENABLE'
C:/ST/STM32CubeIDE_1.16.0/STM32CubeIDE/plugins/com.st.stm32cube.ide.mcu.externaltools.gnu-tools-for-stm32.12.3.rel1.win32_1.0.200.202406191623/tools/bin/../lib/gcc/arm-none-eabi/12.3.1/../../../../arm-none-eabi/bin/ld.exe: C:/Users/lagoeirl/STM32CubeIDE/workspace_1.16.0/MemoryAndSection/Debug/../Core/Src/main.c:97: undefined reference to `HAL_PWREx_EnableBkUpReg'
C:/ST/STM32CubeIDE_1.16.0/STM32CubeIDE/plugins/com.st.stm32cube.ide.mcu.externaltools.gnu-tools-for-stm32.12.3.rel1.win32_1.0.200.202406191623/tools/bin/../lib/gcc/arm-none-eabi/12.3.1/../../../../arm-none-eabi/bin/ld.exe: C:/Users/lagoeirl/STM32CubeIDE/workspace_1.16.0/MemoryAndSection/Debug/../Core/Src/main.c:106: undefined reference to `SCB_CleanDCache_by_Addr'
collect2.exe: error: ld returned 1 exit status
make: *** [makefile:64: MemoryAndSection.elf] Error 1
"make -j8 all" terminated with exit code 2. Build might be incomplete.
18:28:02 **** Incremental Build of configuration Debug for project MemoryAndSection ****
make -j8 all 
arm-none-eabi-gcc -o "MemoryAndSection.elf" @"objects.list"   -mcpu=cortex-m4 -T"C:\Users\lagoeirl\STM32CubeIDE\workspace_1.16.0\MemoryAndSection\STM32L452RETX_FLASH.ld" --specs=nosys.specs -Wl,-Map="MemoryAndSection.map" -Wl,--gc-sections -static --specs=nano.specs -mfpu=fpv4-sp-d16 -mfloat-abi=hard -mthumb -Wl,--start-group -lc -lm -Wl,--end-group
C:/ST/STM32CubeIDE_1.16.0/STM32CubeIDE/plugins/com.st.stm32cube.ide.mcu.externaltools.gnu-tools-for-stm32.12.3.rel1.win32_1.0.200.202406191623/tools/bin/../lib/gcc/arm-none-eabi/12.3.1/../../../../arm-none-eabi/bin/ld.exe: warning: MemoryAndSection.elf has a LOAD segment with RWX permissions
C:/ST/STM32CubeIDE_1.16.0/STM32CubeIDE/plugins/com.st.stm32cube.ide.mcu.externaltools.gnu-tools-for-stm32.12.3.rel1.win32_1.0.200.202406191623/tools/bin/../lib/gcc/arm-none-eabi/12.3.1/../../../../arm-none-eabi/bin/ld.exe: ./Core/Src/main.o: in function `main':
C:/Users/lagoeirl/STM32CubeIDE/workspace_1.16.0/MemoryAndSection/Debug/../Core/Src/main.c:95: undefined reference to `__HAL_RCC_BKPRAM_CLK_ENABLE'
C:/ST/STM32CubeIDE_1.16.0/STM32CubeIDE/plugins/com.st.stm32cube.ide.mcu.externaltools.gnu-tools-for-stm32.12.3.rel1.win32_1.0.200.202406191623/tools/bin/../lib/gcc/arm-none-eabi/12.3.1/../../../../arm-none-eabi/bin/ld.exe: C:/Users/lagoeirl/STM32CubeIDE/workspace_1.16.0/MemoryAndSection/Debug/../Core/Src/main.c:97: undefined reference to `HAL_PWREx_EnableBkUpReg'
C:/ST/STM32CubeIDE_1.16.0/STM32CubeIDE/plugins/com.st.stm32cube.ide.mcu.externaltools.gnu-tools-for-stm32.12.3.rel1.win32_1.0.200.202406191623/tools/bin/../lib/gcc/arm-none-eabi/12.3.1/../../../../arm-none-eabi/bin/ld.exe: C:/Users/lagoeirl/STM32CubeIDE/workspace_1.16.0/MemoryAndSection/Debug/../Core/Src/main.c:106: undefined reference to `SCB_CleanDCache_by_Addr'
collect2.exe: error: ld returned 1 exit status
make: *** [makefile:64: MemoryAndSection.elf] Error 1
"make -j8 all" terminated with exit code 2. Build might be incomplete.
18:30:05 **** Incremental Build of configuration Debug for project MemoryAndSection ****
make -j8 all 
arm-none-eabi-gcc "../Core/Src/main.c" -mcpu=cortex-m4 -std=gnu11 -g3 -DDEBUG -DUSE_HAL_DRIVER -DSTM32L452xx -c -I../Core/Inc -I../Drivers/STM32L4xx_HAL_Driver/Inc -I../Drivers/STM32L4xx_HAL_Driver/Inc/Legacy -I../Drivers/CMSIS/Device/ST/STM32L4xx/Include -I../Drivers/CMSIS/Include -O0 -ffunction-sections -fdata-sections -Wall -fstack-usage -fcyclomatic-complexity -MMD -MP -MF"Core/Src/main.d" -MT"Core/Src/main.o" --specs=nano.specs -mfpu=fpv4-sp-d16 -mfloat-abi=hard -mthumb -o "Core/Src/main.o"
../Core/Src/main.c: In function 'main':
../Core/Src/main.c:95:3: warning: implicit declaration of function '__HAL_RCC_BKPRAM_CLK_ENABLE' [-Wimplicit-function-declaration]
   95 |   __HAL_RCC_BKPRAM_CLK_ENABLE();
      |   ^~~~~~~~~~~~~~~~~~~~~~~~~~~
../Core/Src/main.c:97:3: warning: implicit declaration of function 'HAL_PWREx_EnableBkUpReg'; did you mean 'HAL_PWR_EnableBkUpReg'? [-Wimplicit-function-declaration]
   97 |   HAL_PWREx_EnableBkUpReg();
      |   ^~~~~~~~~~~~~~~~~~~~~~~
      |   HAL_PWR_EnableBkUpReg
../Core/Src/main.c:107:11: warning: implicit declaration of function 'SCB_CleanDCache_by_Addr' [-Wimplicit-function-declaration]
  107 |           SCB_CleanDCache_by_Addr((uint32_t *)u8_variable, 32);
      |           ^~~~~~~~~~~~~~~~~~~~~~~
arm-none-eabi-gcc -o "MemoryAndSection.elf" @"objects.list"   -mcpu=cortex-m4 -T"C:\Users\lagoeirl\STM32CubeIDE\workspace_1.16.0\MemoryAndSection\STM32L452RETX_FLASH.ld" --specs=nosys.specs -Wl,-Map="MemoryAndSection.map" -Wl,--gc-sections -static --specs=nano.specs -mfpu=fpv4-sp-d16 -mfloat-abi=hard -mthumb -Wl,--start-group -lc -lm -Wl,--end-group
C:/ST/STM32CubeIDE_1.16.0/STM32CubeIDE/plugins/com.st.stm32cube.ide.mcu.externaltools.gnu-tools-for-stm32.12.3.rel1.win32_1.0.200.202406191623/tools/bin/../lib/gcc/arm-none-eabi/12.3.1/../../../../arm-none-eabi/bin/ld.exe: warning: MemoryAndSection.elf has a LOAD segment with RWX permissions
C:/ST/STM32CubeIDE_1.16.0/STM32CubeIDE/plugins/com.st.stm32cube.ide.mcu.externaltools.gnu-tools-for-stm32.12.3.rel1.win32_1.0.200.202406191623/tools/bin/../lib/gcc/arm-none-eabi/12.3.1/../../../../arm-none-eabi/bin/ld.exe: ./Core/Src/main.o: in function `main':
C:/Users/lagoeirl/STM32CubeIDE/workspace_1.16.0/MemoryAndSection/Debug/../Core/Src/main.c:95: undefined reference to `__HAL_RCC_BKPRAM_CLK_ENABLE'
C:/ST/STM32CubeIDE_1.16.0/STM32CubeIDE/plugins/com.st.stm32cube.ide.mcu.externaltools.gnu-tools-for-stm32.12.3.rel1.win32_1.0.200.202406191623/tools/bin/../lib/gcc/arm-none-eabi/12.3.1/../../../../arm-none-eabi/bin/ld.exe: C:/Users/lagoeirl/STM32CubeIDE/workspace_1.16.0/MemoryAndSection/Debug/../Core/Src/main.c:97: undefined reference to `HAL_PWREx_EnableBkUpReg'
C:/ST/STM32CubeIDE_1.16.0/STM32CubeIDE/plugins/com.st.stm32cube.ide.mcu.externaltools.gnu-tools-for-stm32.12.3.rel1.win32_1.0.200.202406191623/tools/bin/../lib/gcc/arm-none-eabi/12.3.1/../../../../arm-none-eabi/bin/ld.exe: C:/Users/lagoeirl/STM32CubeIDE/workspace_1.16.0/MemoryAndSection/Debug/../Core/Src/main.c:107: undefined reference to `SCB_CleanDCache_by_Addr'
collect2.exe: error: ld returned 1 exit status
make: *** [makefile:64: MemoryAndSection.elf] Error 1
"make -j8 all" terminated with exit code 2. Build might be incomplete.
18:36:52 **** Incremental Build of configuration Debug for project MemoryAndSection ****
make -j8 all 
arm-none-eabi-gcc "../Core/Src/main.c" -mcpu=cortex-m4 -std=gnu11 -g3 -DDEBUG -DUSE_HAL_DRIVER -DSTM32L452xx -c -I../Core/Inc -I../Drivers/STM32L4xx_HAL_Driver/Inc -I../Drivers/STM32L4xx_HAL_Driver/Inc/Legacy -I../Drivers/CMSIS/Device/ST/STM32L4xx/Include -I../Drivers/CMSIS/Include -O0 -ffunction-sections -fdata-sections -Wall -fstack-usage -fcyclomatic-complexity -MMD -MP -MF"Core/Src/main.d" -MT"Core/Src/main.o" --specs=nano.specs -mfpu=fpv4-sp-d16 -mfloat-abi=hard -mthumb -o "Core/Src/main.o"
../Core/Src/main.c: In function 'main':
../Core/Src/main.c:95:3: warning: implicit declaration of function '__HAL_RCC_BKPSRAM_CLK_ENABLE' [-Wimplicit-function-declaration]
   95 |   __HAL_RCC_BKPSRAM_CLK_ENABLE();
      |   ^~~~~~~~~~~~~~~~~~~~~~~~~~~~
../Core/Src/main.c:97:3: warning: implicit declaration of function 'HAL_PWREx_EnableBkUpReg'; did you mean 'HAL_PWR_EnableBkUpReg'? [-Wimplicit-function-declaration]
   97 |   HAL_PWREx_EnableBkUpReg();
      |   ^~~~~~~~~~~~~~~~~~~~~~~
      |   HAL_PWR_EnableBkUpReg
../Core/Src/main.c:107:11: warning: implicit declaration of function 'SCB_CleanDCache_by_Addr' [-Wimplicit-function-declaration]
  107 |           SCB_CleanDCache_by_Addr((uint32_t *)u8_variable, 32);
      |           ^~~~~~~~~~~~~~~~~~~~~~~
arm-none-eabi-gcc -o "MemoryAndSection.elf" @"objects.list"   -mcpu=cortex-m4 -T"C:\Users\lagoeirl\STM32CubeIDE\workspace_1.16.0\MemoryAndSection\STM32L452RETX_FLASH.ld" --specs=nosys.specs -Wl,-Map="MemoryAndSection.map" -Wl,--gc-sections -static --specs=nano.specs -mfpu=fpv4-sp-d16 -mfloat-abi=hard -mthumb -Wl,--start-group -lc -lm -Wl,--end-group
C:/ST/STM32CubeIDE_1.16.0/STM32CubeIDE/plugins/com.st.stm32cube.ide.mcu.externaltools.gnu-tools-for-stm32.12.3.rel1.win32_1.0.200.202406191623/tools/bin/../lib/gcc/arm-none-eabi/12.3.1/../../../../arm-none-eabi/bin/ld.exe: warning: MemoryAndSection.elf has a LOAD segment with RWX permissions
C:/ST/STM32CubeIDE_1.16.0/STM32CubeIDE/plugins/com.st.stm32cube.ide.mcu.externaltools.gnu-tools-for-stm32.12.3.rel1.win32_1.0.200.202406191623/tools/bin/../lib/gcc/arm-none-eabi/12.3.1/../../../../arm-none-eabi/bin/ld.exe: ./Core/Src/main.o: in function `main':
C:/Users/lagoeirl/STM32CubeIDE/workspace_1.16.0/MemoryAndSection/Debug/../Core/Src/main.c:95: undefined reference to `__HAL_RCC_BKPSRAM_CLK_ENABLE'
C:/ST/STM32CubeIDE_1.16.0/STM32CubeIDE/plugins/com.st.stm32cube.ide.mcu.externaltools.gnu-tools-for-stm32.12.3.rel1.win32_1.0.200.202406191623/tools/bin/../lib/gcc/arm-none-eabi/12.3.1/../../../../arm-none-eabi/bin/ld.exe: C:/Users/lagoeirl/STM32CubeIDE/workspace_1.16.0/MemoryAndSection/Debug/../Core/Src/main.c:97: undefined reference to `HAL_PWREx_EnableBkUpReg'
C:/ST/STM32CubeIDE_1.16.0/STM32CubeIDE/plugins/com.st.stm32cube.ide.mcu.externaltools.gnu-tools-for-stm32.12.3.rel1.win32_1.0.200.202406191623/tools/bin/../lib/gcc/arm-none-eabi/12.3.1/../../../../arm-none-eabi/bin/ld.exe: C:/Users/lagoeirl/STM32CubeIDE/workspace_1.16.0/MemoryAndSection/Debug/../Core/Src/main.c:107: undefined reference to `SCB_CleanDCache_by_Addr'
collect2.exe: error: ld returned 1 exit status
make: *** [makefile:64: MemoryAndSection.elf] Error 1
"make -j8 all" terminated with exit code 2. Build might be incomplete.
09:18:33 **** Build of configuration Debug for project MemoryAndSection ****
make -j8 all 
arm-none-eabi-gcc -o "MemoryAndSection.elf" @"objects.list"   -mcpu=cortex-m4 -T"C:\Users\lagoeirl\STM32CubeIDE\workspace_1.16.0\MemoryAndSection\STM32L452RETX_FLASH.ld" --specs=nosys.specs -Wl,-Map="MemoryAndSection.map" -Wl,--gc-sections -static --specs=nano.specs -mfpu=fpv4-sp-d16 -mfloat-abi=hard -mthumb -Wl,--start-group -lc -lm -Wl,--end-group
C:/ST/STM32CubeIDE_1.16.0/STM32CubeIDE/plugins/com.st.stm32cube.ide.mcu.externaltools.gnu-tools-for-stm32.12.3.rel1.win32_1.0.200.202406191623/tools/bin/../lib/gcc/arm-none-eabi/12.3.1/../../../../arm-none-eabi/bin/ld.exe: warning: MemoryAndSection.elf has a LOAD segment with RWX permissions
C:/ST/STM32CubeIDE_1.16.0/STM32CubeIDE/plugins/com.st.stm32cube.ide.mcu.externaltools.gnu-tools-for-stm32.12.3.rel1.win32_1.0.200.202406191623/tools/bin/../lib/gcc/arm-none-eabi/12.3.1/../../../../arm-none-eabi/bin/ld.exe: ./Core/Src/main.o: in function `main':
C:/Users/lagoeirl/STM32CubeIDE/workspace_1.16.0/MemoryAndSection/Debug/../Core/Src/main.c:95: undefined reference to `__HAL_RCC_BKPSRAM_CLK_ENABLE'
C:/ST/STM32CubeIDE_1.16.0/STM32CubeIDE/plugins/com.st.stm32cube.ide.mcu.externaltools.gnu-tools-for-stm32.12.3.rel1.win32_1.0.200.202406191623/tools/bin/../lib/gcc/arm-none-eabi/12.3.1/../../../../arm-none-eabi/bin/ld.exe: C:/Users/lagoeirl/STM32CubeIDE/workspace_1.16.0/MemoryAndSection/Debug/../Core/Src/main.c:97: undefined reference to `HAL_PWREx_EnableBkUpReg'
C:/ST/STM32CubeIDE_1.16.0/STM32CubeIDE/plugins/com.st.stm32cube.ide.mcu.externaltools.gnu-tools-for-stm32.12.3.rel1.win32_1.0.200.202406191623/tools/bin/../lib/gcc/arm-none-eabi/12.3.1/../../../../arm-none-eabi/bin/ld.exe: C:/Users/lagoeirl/STM32CubeIDE/workspace_1.16.0/MemoryAndSection/Debug/../Core/Src/main.c:107: undefined reference to `SCB_CleanDCache_by_Addr'
collect2.exe: error: ld returned 1 exit status
make: *** [makefile:64: MemoryAndSection.elf] Error 1
"make -j8 all" terminated with exit code 2. Build might be incomplete.
09:18:34 **** Build of configuration Debug for project TestPaulo ****
make -j8 all 
arm-none-eabi-gcc "../Drivers/STM32U5xx_HAL_Driver/Src/stm32u5xx_hal.c" -mcpu=cortex-m33 -std=gnu11 -g3 -DDEBUG -DUSE_HAL_DRIVER -DSTM32U585xx -c -I../X-CUBE-MEMS1/Target -I../Drivers/BSP/B-U585I-IOT02A -I../Core/Inc -I../Drivers/STM32U5xx_HAL_Driver/Inc -I../Drivers/STM32U5xx_HAL_Driver/Inc/Legacy -I../Drivers/CMSIS/Device/ST/STM32U5xx/Include -I../Drivers/CMSIS/Include -I../Drivers/BSP/Components/ism330dhcx -O0 -ffunction-sections -fdata-sections -Wall -fstack-usage -fcyclomatic-complexity -MMD -MP -MF"Drivers/STM32U5xx_HAL_Driver/Src/stm32u5xx_hal.d" -MT"Drivers/STM32U5xx_HAL_Driver/Src/stm32u5xx_hal.o" --specs=nano.specs -mfpu=fpv5-sp-d16 -mfloat-abi=hard -mthumb -o "Drivers/STM32U5xx_HAL_Driver/Src/stm32u5xx_hal.o"
arm-none-eabi-gcc "../Drivers/STM32U5xx_HAL_Driver/Src/stm32u5xx_hal_cortex.c" -mcpu=cortex-m33 -std=gnu11 -g3 -DDEBUG -DUSE_HAL_DRIVER -DSTM32U585xx -c -I../X-CUBE-MEMS1/Target -I../Drivers/BSP/B-U585I-IOT02A -I../Core/Inc -I../Drivers/STM32U5xx_HAL_Driver/Inc -I../Drivers/STM32U5xx_HAL_Driver/Inc/Legacy -I../Drivers/CMSIS/Device/ST/STM32U5xx/Include -I../Drivers/CMSIS/Include -I../Drivers/BSP/Components/ism330dhcx -O0 -ffunction-sections -fdata-sections -Wall -fstack-usage -fcyclomatic-complexity -MMD -MP -MF"Drivers/STM32U5xx_HAL_Driver/Src/stm32u5xx_hal_cortex.d" -MT"Drivers/STM32U5xx_HAL_Driver/Src/stm32u5xx_hal_cortex.o" --specs=nano.specs -mfpu=fpv5-sp-d16 -mfloat-abi=hard -mthumb -o "Drivers/STM32U5xx_HAL_Driver/Src/stm32u5xx_hal_cortex.o"
arm-none-eabi-gcc "../Drivers/STM32U5xx_HAL_Driver/Src/stm32u5xx_hal_dma.c" -mcpu=cortex-m33 -std=gnu11 -g3 -DDEBUG -DUSE_HAL_DRIVER -DSTM32U585xx -c -I../X-CUBE-MEMS1/Target -I../Drivers/BSP/B-U585I-IOT02A -I../Core/Inc -I../Drivers/STM32U5xx_HAL_Driver/Inc -I../Drivers/STM32U5xx_HAL_Driver/Inc/Legacy -I../Drivers/CMSIS/Device/ST/STM32U5xx/Include -I../Drivers/CMSIS/Include -I../Drivers/BSP/Components/ism330dhcx -O0 -ffunction-sections -fdata-sections -Wall -fstack-usage -fcyclomatic-complexity -MMD -MP -MF"Drivers/STM32U5xx_HAL_Driver/Src/stm32u5xx_hal_dma.d" -MT"Drivers/STM32U5xx_HAL_Driver/Src/stm32u5xx_hal_dma.o" --specs=nano.specs -mfpu=fpv5-sp-d16 -mfloat-abi=hard -mthumb -o "Drivers/STM32U5xx_HAL_Driver/Src/stm32u5xx_hal_dma.o"
arm-none-eabi-gcc "../Drivers/STM32U5xx_HAL_Driver/Src/stm32u5xx_hal_dma_ex.c" -mcpu=cortex-m33 -std=gnu11 -g3 -DDEBUG -DUSE_HAL_DRIVER -DSTM32U585xx -c -I../X-CUBE-MEMS1/Target -I../Drivers/BSP/B-U585I-IOT02A -I../Core/Inc -I../Drivers/STM32U5xx_HAL_Driver/Inc -I../Drivers/STM32U5xx_HAL_Driver/Inc/Legacy -I../Drivers/CMSIS/Device/ST/STM32U5xx/Include -I../Drivers/CMSIS/Include -I../Drivers/BSP/Components/ism330dhcx -O0 -ffunction-sections -fdata-sections -Wall -fstack-usage -fcyclomatic-complexity -MMD -MP -MF"Drivers/STM32U5xx_HAL_Driver/Src/stm32u5xx_hal_dma_ex.d" -MT"Drivers/STM32U5xx_HAL_Driver/Src/stm32u5xx_hal_dma_ex.o" --specs=nano.specs -mfpu=fpv5-sp-d16 -mfloat-abi=hard -mthumb -o "Drivers/STM32U5xx_HAL_Driver/Src/stm32u5xx_hal_dma_ex.o"
arm-none-eabi-gcc "../Drivers/STM32U5xx_HAL_Driver/Src/stm32u5xx_hal_exti.c" -mcpu=cortex-m33 -std=gnu11 -g3 -DDEBUG -DUSE_HAL_DRIVER -DSTM32U585xx -c -I../X-CUBE-MEMS1/Target -I../Drivers/BSP/B-U585I-IOT02A -I../Core/Inc -I../Drivers/STM32U5xx_HAL_Driver/Inc -I../Drivers/STM32U5xx_HAL_Driver/Inc/Legacy -I../Drivers/CMSIS/Device/ST/STM32U5xx/Include -I../Drivers/CMSIS/Include -I../Drivers/BSP/Components/ism330dhcx -O0 -ffunction-sections -fdata-sections -Wall -fstack-usage -fcyclomatic-complexity -MMD -MP -MF"Drivers/STM32U5xx_HAL_Driver/Src/stm32u5xx_hal_exti.d" -MT"Drivers/STM32U5xx_HAL_Driver/Src/stm32u5xx_hal_exti.o" --specs=nano.specs -mfpu=fpv5-sp-d16 -mfloat-abi=hard -mthumb -o "Drivers/STM32U5xx_HAL_Driver/Src/stm32u5xx_hal_exti.o"
arm-none-eabi-gcc "../Drivers/STM32U5xx_HAL_Driver/Src/stm32u5xx_hal_flash.c" -mcpu=cortex-m33 -std=gnu11 -g3 -DDEBUG -DUSE_HAL_DRIVER -DSTM32U585xx -c -I../X-CUBE-MEMS1/Target -I../Drivers/BSP/B-U585I-IOT02A -I../Core/Inc -I../Drivers/STM32U5xx_HAL_Driver/Inc -I../Drivers/STM32U5xx_HAL_Driver/Inc/Legacy -I../Drivers/CMSIS/Device/ST/STM32U5xx/Include -I../Drivers/CMSIS/Include -I../Drivers/BSP/Components/ism330dhcx -O0 -ffunction-sections -fdata-sections -Wall -fstack-usage -fcyclomatic-complexity -MMD -MP -MF"Drivers/STM32U5xx_HAL_Driver/Src/stm32u5xx_hal_flash.d" -MT"Drivers/STM32U5xx_HAL_Driver/Src/stm32u5xx_hal_flash.o" --specs=nano.specs -mfpu=fpv5-sp-d16 -mfloat-abi=hard -mthumb -o "Drivers/STM32U5xx_HAL_Driver/Src/stm32u5xx_hal_flash.o"
arm-none-eabi-gcc "../Drivers/STM32U5xx_HAL_Driver/Src/stm32u5xx_hal_flash_ex.c" -mcpu=cortex-m33 -std=gnu11 -g3 -DDEBUG -DUSE_HAL_DRIVER -DSTM32U585xx -c -I../X-CUBE-MEMS1/Target -I../Drivers/BSP/B-U585I-IOT02A -I../Core/Inc -I../Drivers/STM32U5xx_HAL_Driver/Inc -I../Drivers/STM32U5xx_HAL_Driver/Inc/Legacy -I../Drivers/CMSIS/Device/ST/STM32U5xx/Include -I../Drivers/CMSIS/Include -I../Drivers/BSP/Components/ism330dhcx -O0 -ffunction-sections -fdata-sections -Wall -fstack-usage -fcyclomatic-complexity -MMD -MP -MF"Drivers/STM32U5xx_HAL_Driver/Src/stm32u5xx_hal_flash_ex.d" -MT"Drivers/STM32U5xx_HAL_Driver/Src/stm32u5xx_hal_flash_ex.o" --specs=nano.specs -mfpu=fpv5-sp-d16 -mfloat-abi=hard -mthumb -o "Drivers/STM32U5xx_HAL_Driver/Src/stm32u5xx_hal_flash_ex.o"
arm-none-eabi-gcc "../Drivers/STM32U5xx_HAL_Driver/Src/stm32u5xx_hal_gpio.c" -mcpu=cortex-m33 -std=gnu11 -g3 -DDEBUG -DUSE_HAL_DRIVER -DSTM32U585xx -c -I../X-CUBE-MEMS1/Target -I../Drivers/BSP/B-U585I-IOT02A -I../Core/Inc -I../Drivers/STM32U5xx_HAL_Driver/Inc -I../Drivers/STM32U5xx_HAL_Driver/Inc/Legacy -I../Drivers/CMSIS/Device/ST/STM32U5xx/Include -I../Drivers/CMSIS/Include -I../Drivers/BSP/Components/ism330dhcx -O0 -ffunction-sections -fdata-sections -Wall -fstack-usage -fcyclomatic-complexity -MMD -MP -MF"Drivers/STM32U5xx_HAL_Driver/Src/stm32u5xx_hal_gpio.d" -MT"Drivers/STM32U5xx_HAL_Driver/Src/stm32u5xx_hal_gpio.o" --specs=nano.specs -mfpu=fpv5-sp-d16 -mfloat-abi=hard -mthumb -o "Drivers/STM32U5xx_HAL_Driver/Src/stm32u5xx_hal_gpio.o"
arm-none-eabi-gcc "../Drivers/STM32U5xx_HAL_Driver/Src/stm32u5xx_hal_gtzc.c" -mcpu=cortex-m33 -std=gnu11 -g3 -DDEBUG -DUSE_HAL_DRIVER -DSTM32U585xx -c -I../X-CUBE-MEMS1/Target -I../Drivers/BSP/B-U585I-IOT02A -I../Core/Inc -I../Drivers/STM32U5xx_HAL_Driver/Inc -I../Drivers/STM32U5xx_HAL_Driver/Inc/Legacy -I../Drivers/CMSIS/Device/ST/STM32U5xx/Include -I../Drivers/CMSIS/Include -I../Drivers/BSP/Components/ism330dhcx -O0 -ffunction-sections -fdata-sections -Wall -fstack-usage -fcyclomatic-complexity -MMD -MP -MF"Drivers/STM32U5xx_HAL_Driver/Src/stm32u5xx_hal_gtzc.d" -MT"Drivers/STM32U5xx_HAL_Driver/Src/stm32u5xx_hal_gtzc.o" --specs=nano.specs -mfpu=fpv5-sp-d16 -mfloat-abi=hard -mthumb -o "Drivers/STM32U5xx_HAL_Driver/Src/stm32u5xx_hal_gtzc.o"
arm-none-eabi-gcc "../Drivers/STM32U5xx_HAL_Driver/Src/stm32u5xx_hal_i2c.c" -mcpu=cortex-m33 -std=gnu11 -g3 -DDEBUG -DUSE_HAL_DRIVER -DSTM32U585xx -c -I../X-CUBE-MEMS1/Target -I../Drivers/BSP/B-U585I-IOT02A -I../Core/Inc -I../Drivers/STM32U5xx_HAL_Driver/Inc -I../Drivers/STM32U5xx_HAL_Driver/Inc/Legacy -I../Drivers/CMSIS/Device/ST/STM32U5xx/Include -I../Drivers/CMSIS/Include -I../Drivers/BSP/Components/ism330dhcx -O0 -ffunction-sections -fdata-sections -Wall -fstack-usage -fcyclomatic-complexity -MMD -MP -MF"Drivers/STM32U5xx_HAL_Driver/Src/stm32u5xx_hal_i2c.d" -MT"Drivers/STM32U5xx_HAL_Driver/Src/stm32u5xx_hal_i2c.o" --specs=nano.specs -mfpu=fpv5-sp-d16 -mfloat-abi=hard -mthumb -o "Drivers/STM32U5xx_HAL_Driver/Src/stm32u5xx_hal_i2c.o"
arm-none-eabi-gcc "../Drivers/STM32U5xx_HAL_Driver/Src/stm32u5xx_hal_i2c_ex.c" -mcpu=cortex-m33 -std=gnu11 -g3 -DDEBUG -DUSE_HAL_DRIVER -DSTM32U585xx -c -I../X-CUBE-MEMS1/Target -I../Drivers/BSP/B-U585I-IOT02A -I../Core/Inc -I../Drivers/STM32U5xx_HAL_Driver/Inc -I../Drivers/STM32U5xx_HAL_Driver/Inc/Legacy -I../Drivers/CMSIS/Device/ST/STM32U5xx/Include -I../Drivers/CMSIS/Include -I../Drivers/BSP/Components/ism330dhcx -O0 -ffunction-sections -fdata-sections -Wall -fstack-usage -fcyclomatic-complexity -MMD -MP -MF"Drivers/STM32U5xx_HAL_Driver/Src/stm32u5xx_hal_i2c_ex.d" -MT"Drivers/STM32U5xx_HAL_Driver/Src/stm32u5xx_hal_i2c_ex.o" --specs=nano.specs -mfpu=fpv5-sp-d16 -mfloat-abi=hard -mthumb -o "Drivers/STM32U5xx_HAL_Driver/Src/stm32u5xx_hal_i2c_ex.o"
arm-none-eabi-gcc "../Drivers/STM32U5xx_HAL_Driver/Src/stm32u5xx_hal_icache.c" -mcpu=cortex-m33 -std=gnu11 -g3 -DDEBUG -DUSE_HAL_DRIVER -DSTM32U585xx -c -I../X-CUBE-MEMS1/Target -I../Drivers/BSP/B-U585I-IOT02A -I../Core/Inc -I../Drivers/STM32U5xx_HAL_Driver/Inc -I../Drivers/STM32U5xx_HAL_Driver/Inc/Legacy -I../Drivers/CMSIS/Device/ST/STM32U5xx/Include -I../Drivers/CMSIS/Include -I../Drivers/BSP/Components/ism330dhcx -O0 -ffunction-sections -fdata-sections -Wall -fstack-usage -fcyclomatic-complexity -MMD -MP -MF"Drivers/STM32U5xx_HAL_Driver/Src/stm32u5xx_hal_icache.d" -MT"Drivers/STM32U5xx_HAL_Driver/Src/stm32u5xx_hal_icache.o" --specs=nano.specs -mfpu=fpv5-sp-d16 -mfloat-abi=hard -mthumb -o "Drivers/STM32U5xx_HAL_Driver/Src/stm32u5xx_hal_icache.o"
arm-none-eabi-gcc "../Drivers/STM32U5xx_HAL_Driver/Src/stm32u5xx_hal_pwr.c" -mcpu=cortex-m33 -std=gnu11 -g3 -DDEBUG -DUSE_HAL_DRIVER -DSTM32U585xx -c -I../X-CUBE-MEMS1/Target -I../Drivers/BSP/B-U585I-IOT02A -I../Core/Inc -I../Drivers/STM32U5xx_HAL_Driver/Inc -I../Drivers/STM32U5xx_HAL_Driver/Inc/Legacy -I../Drivers/CMSIS/Device/ST/STM32U5xx/Include -I../Drivers/CMSIS/Include -I../Drivers/BSP/Components/ism330dhcx -O0 -ffunction-sections -fdata-sections -Wall -fstack-usage -fcyclomatic-complexity -MMD -MP -MF"Drivers/STM32U5xx_HAL_Driver/Src/stm32u5xx_hal_pwr.d" -MT"Drivers/STM32U5xx_HAL_Driver/Src/stm32u5xx_hal_pwr.o" --specs=nano.specs -mfpu=fpv5-sp-d16 -mfloat-abi=hard -mthumb -o "Drivers/STM32U5xx_HAL_Driver/Src/stm32u5xx_hal_pwr.o"
arm-none-eabi-gcc "../Drivers/STM32U5xx_HAL_Driver/Src/stm32u5xx_hal_pwr_ex.c" -mcpu=cortex-m33 -std=gnu11 -g3 -DDEBUG -DUSE_HAL_DRIVER -DSTM32U585xx -c -I../X-CUBE-MEMS1/Target -I../Drivers/BSP/B-U585I-IOT02A -I../Core/Inc -I../Drivers/STM32U5xx_HAL_Driver/Inc -I../Drivers/STM32U5xx_HAL_Driver/Inc/Legacy -I../Drivers/CMSIS/Device/ST/STM32U5xx/Include -I../Drivers/CMSIS/Include -I../Drivers/BSP/Components/ism330dhcx -O0 -ffunction-sections -fdata-sections -Wall -fstack-usage -fcyclomatic-complexity -MMD -MP -MF"Drivers/STM32U5xx_HAL_Driver/Src/stm32u5xx_hal_pwr_ex.d" -MT"Drivers/STM32U5xx_HAL_Driver/Src/stm32u5xx_hal_pwr_ex.o" --specs=nano.specs -mfpu=fpv5-sp-d16 -mfloat-abi=hard -mthumb -o "Drivers/STM32U5xx_HAL_Driver/Src/stm32u5xx_hal_pwr_ex.o"
arm-none-eabi-gcc "../Drivers/STM32U5xx_HAL_Driver/Src/stm32u5xx_hal_rcc.c" -mcpu=cortex-m33 -std=gnu11 -g3 -DDEBUG -DUSE_HAL_DRIVER -DSTM32U585xx -c -I../X-CUBE-MEMS1/Target -I../Drivers/BSP/B-U585I-IOT02A -I../Core/Inc -I../Drivers/STM32U5xx_HAL_Driver/Inc -I../Drivers/STM32U5xx_HAL_Driver/Inc/Legacy -I../Drivers/CMSIS/Device/ST/STM32U5xx/Include -I../Drivers/CMSIS/Include -I../Drivers/BSP/Components/ism330dhcx -O0 -ffunction-sections -fdata-sections -Wall -fstack-usage -fcyclomatic-complexity -MMD -MP -MF"Drivers/STM32U5xx_HAL_Driver/Src/stm32u5xx_hal_rcc.d" -MT"Drivers/STM32U5xx_HAL_Driver/Src/stm32u5xx_hal_rcc.o" --specs=nano.specs -mfpu=fpv5-sp-d16 -mfloat-abi=hard -mthumb -o "Drivers/STM32U5xx_HAL_Driver/Src/stm32u5xx_hal_rcc.o"
arm-none-eabi-gcc "../Drivers/STM32U5xx_HAL_Driver/Src/stm32u5xx_hal_rcc_ex.c" -mcpu=cortex-m33 -std=gnu11 -g3 -DDEBUG -DUSE_HAL_DRIVER -DSTM32U585xx -c -I../X-CUBE-MEMS1/Target -I../Drivers/BSP/B-U585I-IOT02A -I../Core/Inc -I../Drivers/STM32U5xx_HAL_Driver/Inc -I../Drivers/STM32U5xx_HAL_Driver/Inc/Legacy -I../Drivers/CMSIS/Device/ST/STM32U5xx/Include -I../Drivers/CMSIS/Include -I../Drivers/BSP/Components/ism330dhcx -O0 -ffunction-sections -fdata-sections -Wall -fstack-usage -fcyclomatic-complexity -MMD -MP -MF"Drivers/STM32U5xx_HAL_Driver/Src/stm32u5xx_hal_rcc_ex.d" -MT"Drivers/STM32U5xx_HAL_Driver/Src/stm32u5xx_hal_rcc_ex.o" --specs=nano.specs -mfpu=fpv5-sp-d16 -mfloat-abi=hard -mthumb -o "Drivers/STM32U5xx_HAL_Driver/Src/stm32u5xx_hal_rcc_ex.o"
arm-none-eabi-gcc "../Drivers/STM32U5xx_HAL_Driver/Src/stm32u5xx_hal_tim.c" -mcpu=cortex-m33 -std=gnu11 -g3 -DDEBUG -DUSE_HAL_DRIVER -DSTM32U585xx -c -I../X-CUBE-MEMS1/Target -I../Drivers/BSP/B-U585I-IOT02A -I../Core/Inc -I../Drivers/STM32U5xx_HAL_Driver/Inc -I../Drivers/STM32U5xx_HAL_Driver/Inc/Legacy -I../Drivers/CMSIS/Device/ST/STM32U5xx/Include -I../Drivers/CMSIS/Include -I../Drivers/BSP/Components/ism330dhcx -O0 -ffunction-sections -fdata-sections -Wall -fstack-usage -fcyclomatic-complexity -MMD -MP -MF"Drivers/STM32U5xx_HAL_Driver/Src/stm32u5xx_hal_tim.d" -MT"Drivers/STM32U5xx_HAL_Driver/Src/stm32u5xx_hal_tim.o" --specs=nano.specs -mfpu=fpv5-sp-d16 -mfloat-abi=hard -mthumb -o "Drivers/STM32U5xx_HAL_Driver/Src/stm32u5xx_hal_tim.o"
arm-none-eabi-gcc "../Drivers/STM32U5xx_HAL_Driver/Src/stm32u5xx_hal_tim_ex.c" -mcpu=cortex-m33 -std=gnu11 -g3 -DDEBUG -DUSE_HAL_DRIVER -DSTM32U585xx -c -I../X-CUBE-MEMS1/Target -I../Drivers/BSP/B-U585I-IOT02A -I../Core/Inc -I../Drivers/STM32U5xx_HAL_Driver/Inc -I../Drivers/STM32U5xx_HAL_Driver/Inc/Legacy -I../Drivers/CMSIS/Device/ST/STM32U5xx/Include -I../Drivers/CMSIS/Include -I../Drivers/BSP/Components/ism330dhcx -O0 -ffunction-sections -fdata-sections -Wall -fstack-usage -fcyclomatic-complexity -MMD -MP -MF"Drivers/STM32U5xx_HAL_Driver/Src/stm32u5xx_hal_tim_ex.d" -MT"Drivers/STM32U5xx_HAL_Driver/Src/stm32u5xx_hal_tim_ex.o" --specs=nano.specs -mfpu=fpv5-sp-d16 -mfloat-abi=hard -mthumb -o "Drivers/STM32U5xx_HAL_Driver/Src/stm32u5xx_hal_tim_ex.o"
arm-none-eabi-gcc "../Drivers/STM32U5xx_HAL_Driver/Src/stm32u5xx_hal_uart.c" -mcpu=cortex-m33 -std=gnu11 -g3 -DDEBUG -DUSE_HAL_DRIVER -DSTM32U585xx -c -I../X-CUBE-MEMS1/Target -I../Drivers/BSP/B-U585I-IOT02A -I../Core/Inc -I../Drivers/STM32U5xx_HAL_Driver/Inc -I../Drivers/STM32U5xx_HAL_Driver/Inc/Legacy -I../Drivers/CMSIS/Device/ST/STM32U5xx/Include -I../Drivers/CMSIS/Include -I../Drivers/BSP/Components/ism330dhcx -O0 -ffunction-sections -fdata-sections -Wall -fstack-usage -fcyclomatic-complexity -MMD -MP -MF"Drivers/STM32U5xx_HAL_Driver/Src/stm32u5xx_hal_uart.d" -MT"Drivers/STM32U5xx_HAL_Driver/Src/stm32u5xx_hal_uart.o" --specs=nano.specs -mfpu=fpv5-sp-d16 -mfloat-abi=hard -mthumb -o "Drivers/STM32U5xx_HAL_Driver/Src/stm32u5xx_hal_uart.o"
arm-none-eabi-gcc "../Drivers/STM32U5xx_HAL_Driver/Src/stm32u5xx_hal_uart_ex.c" -mcpu=cortex-m33 -std=gnu11 -g3 -DDEBUG -DUSE_HAL_DRIVER -DSTM32U585xx -c -I../X-CUBE-MEMS1/Target -I../Drivers/BSP/B-U585I-IOT02A -I../Core/Inc -I../Drivers/STM32U5xx_HAL_Driver/Inc -I../Drivers/STM32U5xx_HAL_Driver/Inc/Legacy -I../Drivers/CMSIS/Device/ST/STM32U5xx/Include -I../Drivers/CMSIS/Include -I../Drivers/BSP/Components/ism330dhcx -O0 -ffunction-sections -fdata-sections -Wall -fstack-usage -fcyclomatic-complexity -MMD -MP -MF"Drivers/STM32U5xx_HAL_Driver/Src/stm32u5xx_hal_uart_ex.d" -MT"Drivers/STM32U5xx_HAL_Driver/Src/stm32u5xx_hal_uart_ex.o" --specs=nano.specs -mfpu=fpv5-sp-d16 -mfloat-abi=hard -mthumb -o "Drivers/STM32U5xx_HAL_Driver/Src/stm32u5xx_hal_uart_ex.o"
arm-none-eabi-gcc "../Drivers/BSP/Components/ism330dhcx/ism330dhcx.c" -mcpu=cortex-m33 -std=gnu11 -g3 -DDEBUG -DUSE_HAL_DRIVER -DSTM32U585xx -c -I../X-CUBE-MEMS1/Target -I../Drivers/BSP/B-U585I-IOT02A -I../Core/Inc -I../Drivers/STM32U5xx_HAL_Driver/Inc -I../Drivers/STM32U5xx_HAL_Driver/Inc/Legacy -I../Drivers/CMSIS/Device/ST/STM32U5xx/Include -I../Drivers/CMSIS/Include -I../Drivers/BSP/Components/ism330dhcx -O0 -ffunction-sections -fdata-sections -Wall -fstack-usage -fcyclomatic-complexity -MMD -MP -MF"Drivers/BSP/Components/ism330dhcx/ism330dhcx.d" -MT"Drivers/BSP/Components/ism330dhcx/ism330dhcx.o" --specs=nano.specs -mfpu=fpv5-sp-d16 -mfloat-abi=hard -mthumb -o "Drivers/BSP/Components/ism330dhcx/ism330dhcx.o"
arm-none-eabi-gcc "../Drivers/BSP/Components/ism330dhcx/ism330dhcx_reg.c" -mcpu=cortex-m33 -std=gnu11 -g3 -DDEBUG -DUSE_HAL_DRIVER -DSTM32U585xx -c -I../X-CUBE-MEMS1/Target -I../Drivers/BSP/B-U585I-IOT02A -I../Core/Inc -I../Drivers/STM32U5xx_HAL_Driver/Inc -I../Drivers/STM32U5xx_HAL_Driver/Inc/Legacy -I../Drivers/CMSIS/Device/ST/STM32U5xx/Include -I../Drivers/CMSIS/Include -I../Drivers/BSP/Components/ism330dhcx -O0 -ffunction-sections -fdata-sections -Wall -fstack-usage -fcyclomatic-complexity -MMD -MP -MF"Drivers/BSP/Components/ism330dhcx/ism330dhcx_reg.d" -MT"Drivers/BSP/Components/ism330dhcx/ism330dhcx_reg.o" --specs=nano.specs -mfpu=fpv5-sp-d16 -mfloat-abi=hard -mthumb -o "Drivers/BSP/Components/ism330dhcx/ism330dhcx_reg.o"
arm-none-eabi-gcc "../Drivers/BSP/B-U585I-IOT02A/b_u585i_iot02a_bus.c" -mcpu=cortex-m33 -std=gnu11 -g3 -DDEBUG -DUSE_HAL_DRIVER -DSTM32U585xx -c -I../X-CUBE-MEMS1/Target -I../Drivers/BSP/B-U585I-IOT02A -I../Core/Inc -I../Drivers/STM32U5xx_HAL_Driver/Inc -I../Drivers/STM32U5xx_HAL_Driver/Inc/Legacy -I../Drivers/CMSIS/Device/ST/STM32U5xx/Include -I../Drivers/CMSIS/Include -I../Drivers/BSP/Components/ism330dhcx -O0 -ffunction-sections -fdata-sections -Wall -fstack-usage -fcyclomatic-complexity -MMD -MP -MF"Drivers/BSP/B-U585I-IOT02A/b_u585i_iot02a_bus.d" -MT"Drivers/BSP/B-U585I-IOT02A/b_u585i_iot02a_bus.o" --specs=nano.specs -mfpu=fpv5-sp-d16 -mfloat-abi=hard -mthumb -o "Drivers/BSP/B-U585I-IOT02A/b_u585i_iot02a_bus.o"
arm-none-eabi-gcc -mcpu=cortex-m33 -g3 -DDEBUG -c -x assembler-with-cpp -MMD -MP -MF"Core/Startup/startup_stm32u585aiixq.d" -MT"Core/Startup/startup_stm32u585aiixq.o" --specs=nano.specs -mfpu=fpv5-sp-d16 -mfloat-abi=hard -mthumb -o "Core/Startup/startup_stm32u585aiixq.o" "../Core/Startup/startup_stm32u585aiixq.s"
arm-none-eabi-gcc "../Core/Src/main.c" -mcpu=cortex-m33 -std=gnu11 -g3 -DDEBUG -DUSE_HAL_DRIVER -DSTM32U585xx -c -I../X-CUBE-MEMS1/Target -I../Drivers/BSP/B-U585I-IOT02A -I../Core/Inc -I../Drivers/STM32U5xx_HAL_Driver/Inc -I../Drivers/STM32U5xx_HAL_Driver/Inc/Legacy -I../Drivers/CMSIS/Device/ST/STM32U5xx/Include -I../Drivers/CMSIS/Include -I../Drivers/BSP/Components/ism330dhcx -O0 -ffunction-sections -fdata-sections -Wall -fstack-usage -fcyclomatic-complexity -MMD -MP -MF"Core/Src/main.d" -MT"Core/Src/main.o" --specs=nano.specs -mfpu=fpv5-sp-d16 -mfloat-abi=hard -mthumb -o "Core/Src/main.o"
arm-none-eabi-gcc "../Core/Src/stm32u5xx_hal_msp.c" -mcpu=cortex-m33 -std=gnu11 -g3 -DDEBUG -DUSE_HAL_DRIVER -DSTM32U585xx -c -I../X-CUBE-MEMS1/Target -I../Drivers/BSP/B-U585I-IOT02A -I../Core/Inc -I../Drivers/STM32U5xx_HAL_Driver/Inc -I../Drivers/STM32U5xx_HAL_Driver/Inc/Legacy -I../Drivers/CMSIS/Device/ST/STM32U5xx/Include -I../Drivers/CMSIS/Include -I../Drivers/BSP/Components/ism330dhcx -O0 -ffunction-sections -fdata-sections -Wall -fstack-usage -fcyclomatic-complexity -MMD -MP -MF"Core/Src/stm32u5xx_hal_msp.d" -MT"Core/Src/stm32u5xx_hal_msp.o" --specs=nano.specs -mfpu=fpv5-sp-d16 -mfloat-abi=hard -mthumb -o "Core/Src/stm32u5xx_hal_msp.o"
arm-none-eabi-gcc "../Core/Src/stm32u5xx_it.c" -mcpu=cortex-m33 -std=gnu11 -g3 -DDEBUG -DUSE_HAL_DRIVER -DSTM32U585xx -c -I../X-CUBE-MEMS1/Target -I../Drivers/BSP/B-U585I-IOT02A -I../Core/Inc -I../Drivers/STM32U5xx_HAL_Driver/Inc -I../Drivers/STM32U5xx_HAL_Driver/Inc/Legacy -I../Drivers/CMSIS/Device/ST/STM32U5xx/Include -I../Drivers/CMSIS/Include -I../Drivers/BSP/Components/ism330dhcx -O0 -ffunction-sections -fdata-sections -Wall -fstack-usage -fcyclomatic-complexity -MMD -MP -MF"Core/Src/stm32u5xx_it.d" -MT"Core/Src/stm32u5xx_it.o" --specs=nano.specs -mfpu=fpv5-sp-d16 -mfloat-abi=hard -mthumb -o "Core/Src/stm32u5xx_it.o"
arm-none-eabi-gcc "../Core/Src/syscalls.c" -mcpu=cortex-m33 -std=gnu11 -g3 -DDEBUG -DUSE_HAL_DRIVER -DSTM32U585xx -c -I../X-CUBE-MEMS1/Target -I../Drivers/BSP/B-U585I-IOT02A -I../Core/Inc -I../Drivers/STM32U5xx_HAL_Driver/Inc -I../Drivers/STM32U5xx_HAL_Driver/Inc/Legacy -I../Drivers/CMSIS/Device/ST/STM32U5xx/Include -I../Drivers/CMSIS/Include -I../Drivers/BSP/Components/ism330dhcx -O0 -ffunction-sections -fdata-sections -Wall -fstack-usage -fcyclomatic-complexity -MMD -MP -MF"Core/Src/syscalls.d" -MT"Core/Src/syscalls.o" --specs=nano.specs -mfpu=fpv5-sp-d16 -mfloat-abi=hard -mthumb -o "Core/Src/syscalls.o"
arm-none-eabi-gcc "../Core/Src/sysmem.c" -mcpu=cortex-m33 -std=gnu11 -g3 -DDEBUG -DUSE_HAL_DRIVER -DSTM32U585xx -c -I../X-CUBE-MEMS1/Target -I../Drivers/BSP/B-U585I-IOT02A -I../Core/Inc -I../Drivers/STM32U5xx_HAL_Driver/Inc -I../Drivers/STM32U5xx_HAL_Driver/Inc/Legacy -I../Drivers/CMSIS/Device/ST/STM32U5xx/Include -I../Drivers/CMSIS/Include -I../Drivers/BSP/Components/ism330dhcx -O0 -ffunction-sections -fdata-sections -Wall -fstack-usage -fcyclomatic-complexity -MMD -MP -MF"Core/Src/sysmem.d" -MT"Core/Src/sysmem.o" --specs=nano.specs -mfpu=fpv5-sp-d16 -mfloat-abi=hard -mthumb -o "Core/Src/sysmem.o"
arm-none-eabi-gcc "../Core/Src/system_stm32u5xx.c" -mcpu=cortex-m33 -std=gnu11 -g3 -DDEBUG -DUSE_HAL_DRIVER -DSTM32U585xx -c -I../X-CUBE-MEMS1/Target -I../Drivers/BSP/B-U585I-IOT02A -I../Core/Inc -I../Drivers/STM32U5xx_HAL_Driver/Inc -I../Drivers/STM32U5xx_HAL_Driver/Inc/Legacy -I../Drivers/CMSIS/Device/ST/STM32U5xx/Include -I../Drivers/CMSIS/Include -I../Drivers/BSP/Components/ism330dhcx -O0 -ffunction-sections -fdata-sections -Wall -fstack-usage -fcyclomatic-complexity -MMD -MP -MF"Core/Src/system_stm32u5xx.d" -MT"Core/Src/system_stm32u5xx.o" --specs=nano.specs -mfpu=fpv5-sp-d16 -mfloat-abi=hard -mthumb -o "Core/Src/system_stm32u5xx.o"
arm-none-eabi-gcc -o "TestPaulo.elf" @"objects.list"   -mcpu=cortex-m33 -T"C:\Users\lagoeirl\STM32CubeIDE\workspace_1.16.0\TestPaulo\STM32U585AIIXQ_FLASH.ld" --specs=nosys.specs -Wl,-Map="TestPaulo.map" -Wl,--gc-sections -static --specs=nano.specs -mfpu=fpv5-sp-d16 -mfloat-abi=hard -mthumb -Wl,--start-group -lc -lm -Wl,--end-group
Finished building target: TestPaulo.elf
 
arm-none-eabi-size  TestPaulo.elf 
arm-none-eabi-objdump -h -S TestPaulo.elf  > "TestPaulo.list"
   text	   data	    bss	    dec	    hex	filename
  39843	    104	   2216	  42163	   a4b3	TestPaulo.elf
Finished building: default.size.stdout
 
Finished building: TestPaulo.list
 
09:20:04 **** Incremental Build of configuration Debug for project TestPaulo ****
make -j8 all 
arm-none-eabi-size  TestPaulo.elf 
   text	   data	    bss	    dec	    hex	filename
  39843	    104	   2216	  42163	   a4b3	TestPaulo.elf
Finished building: default.size.stdout
 
