../Core/Src/main.c:103:5:main	16	static
../Core/Src/main.c:188:6:SystemClock_Config	120	static
../Core/Src/main.c:247:13:MX_ETH_Init	8	static
../Core/Src/main.c:296:13:MX_TIM1_Init	96	static
../Core/Src/main.c:376:13:MX_TIM2_Init	72	static
../Core/Src/main.c:446:13:MX_TIM3_Init	72	static
../Core/Src/main.c:506:13:MX_USART3_UART_Init	8	static
../Core/Src/main.c:554:13:MX_USB_OTG_FS_PCD_Init	8	static
../Core/Src/main.c:590:13:MX_GPIO_Init	40	static
../Core/Src/main.c:616:6:Error_Handler	4	static,ignoring_inline_asm
