2024-11-05 07:40:27,002 [INFO] WebApp:189 - Connection lost
2024-11-05 07:40:29,331 [INFO] WebApp:186 - Connection restablished
2024-11-05 08:19:56,160 [INFO] MainUpdater:2873 - connection check result : 10
2024-11-05 08:19:56,176 [INFO] McuFinderGlobals:76 - Set McuFinderConnectedMode to true
2024-11-05 08:19:58,195 [INFO] ServerAccessManage:473 - Download File mcusAds.json._tmp_
2024-11-05 08:19:58,453 [INFO] LoadUrlFilesThread:156 - End of LoadUrlFiles Thread
2024-11-05 08:20:00,326 [INFO] ServerAccessManage:473 - Download File cube-finder-db.zip
2024-11-05 08:25:26,677 [INFO] FileExtend:240 - Unzip File : cube-finder-db.zip
2024-11-05 08:25:26,694 [INFO] FileExtend:255 - Standard Zip Deflate
2024-11-05 08:25:37,971 [INFO] LoadUrlFilesThread:156 - End of LoadUrlFiles Thread
2024-11-05 08:25:42,419 [INFO] ServerAccessManage:473 - Download File crdb_full.zip
2024-11-05 08:25:44,413 [INFO] FileExtend:240 - Unzip File : crdb_full.zip
2024-11-05 08:25:44,413 [INFO] FileExtend:255 - Standard Zip Deflate
2024-11-05 08:25:44,600 [INFO] LoadUrlFilesThread:156 - End of LoadUrlFiles Thread
2024-11-05 08:25:45,270 [INFO] ServerAccessManage:473 - Download File tutoVideoDB.zip
2024-11-05 08:25:46,618 [INFO] FileExtend:240 - Unzip File : tutoVideoDB.zip
2024-11-05 08:25:46,619 [INFO] FileExtend:255 - Standard Zip Deflate
2024-11-05 08:25:46,754 [INFO] LoadUrlFilesThread:156 - End of LoadUrlFiles Thread
2024-11-05 08:25:46,817 [WARN] DbFile:41 - Overriding database path with different value: C:\Users\lagoeirl\.stmcufinder\plugins\mcufinder/ => C:\Users\lagoeirl\.stmcufinder\plugins\mcufinder
2024-11-05 08:25:47,114 [INFO] ServerAccessManage:473 - Download File api_config.json
2024-11-05 08:25:47,233 [INFO] LoadUrlFilesThread:156 - End of LoadUrlFiles Thread
2024-11-05 08:25:47,273 [INFO] DbMcusAds:53 - JSON generation date=Fri Sep 20 10:04:38 BRT 2024 (1726837478367)
2024-11-05 08:25:47,289 [INFO] ApiDb:448 - Save user favorites file C:\Users\lagoeirl/.stm32cubeide/favorites.mcus.txt: 0 item(s)
2024-11-05 08:25:47,289 [INFO] ApiDb:452 - User favorites MCUs=[]
2024-11-05 08:25:47,368 [INFO] ApiDb:581 - Connected to CubeFinder SQLite database (C:\Users\lagoeirl\.stmcufinder\plugins\mcufinder\mcu\cube-finder-db.db)
2024-11-05 08:25:47,484 [INFO] ApiDb:668 - CubeFinder database Data Model version=2.1
2024-11-05 08:25:47,484 [INFO] ApiDb:669 - CubeFinder database Configuration version=3.0.39
2024-11-05 08:25:47,487 [INFO] ApiDb:670 - CubeFinder database generation date=2024-10-15 (1729006872)
2024-11-05 08:25:47,487 [INFO] ApiDb:671 - CubeFinder database FW Pack versions=[FP-ATR-ASTRA1_V2.0.0, FP-SNS-FLIGHT1_V5.0.2, FP-SNS-MOTENV1_V5.0.0, FP-SNS-MOTENVWB1_V1.4.0, FP-SNS-SMARTAG2_V1.2.0, FP-SNS-STBOX1_V2.0.0, STM32Cube_FW_C0_V1.2.0, STM32Cube_FW_F4_V1.28.1, STM32Cube_FW_F7_V1.17.2, STM32Cube_FW_G0_V1.6.2, STM32Cube_FW_G4_V1.6.0, STM32Cube_FW_H5_V1.3.0, STM32Cube_FW_H7RS_V1.1.0, STM32Cube_FW_H7_V1.11.2, STM32Cube_FW_L0_V1.12.2, STM32Cube_FW_L5_V1.5.1, STM32Cube_FW_U0_V1.1.0, STM32Cube_FW_U5_V1.6.0, STM32Cube_FW_WB0_V1.0.0, STM32Cube_FW_WBA_V1.4.1, STM32Cube_FW_WB_V1.20.0, STM32Cube_FW_WL_V1.3.0, X-CUBE-ALGOBUILD_V1.4.0, X-CUBE-ALS_V1.0.2, X-CUBE-AZRTOS-F4_V1.1.0, X-CUBE-AZRTOS-F7_V1.1.0, X-CUBE-AZRTOS-G0_V1.1.0, X-CUBE-AZRTOS-G4_V2.0.0, X-CUBE-AZRTOS-H7RS_V1.0.0, X-CUBE-AZRTOS-H7_V3.3.0, X-CUBE-AZRTOS-L4_V2.0.0, X-CUBE-AZRTOS-L5_V2.0.0, X-CUBE-AZRTOS-WB_V2.0.0, X-CUBE-AZRTOS-WL_V2.0.0, X-CUBE-BLE1_V7.0.0, X-CUBE-BLE2_V3.3.0, X-CUBE-BLEMGR_V3.1.0, X-CUBE-EEPRMA1_V5.1.0, X-CUBE-FREERTOS_V1.2.0, X-CUBE-GNSS1_V6.0.0, X-CUBE-MEMS1_V11.0.0, X-CUBE-NFC4_V3.0.0, X-CUBE-NFC7_V1.0.1, X-CUBE-SFXS2LP1_V4.0.0, X-CUBE-SUBG2_V5.0.0, X-CUBE-TOF1_V3.4.2]
2024-11-05 08:25:50,589 [INFO] ApiDb:240 - Found 646 in-development CPN: [B-G473E-ZEST1S, B-WB1M-WPAN1, B-WL5M-SUBG1, NUCLEO-C031C6, NUCLEO-C071RB, NUCLEO-H503RB, NUCLEO-H533RE, NUCLEO-H563ZI, NUCLEO-H7S3L8, NUCLEO-U031R8, NUCLEO-U083RC, NUCLEO-U545RE-Q, NUCLEO-U5A5ZJ-Q, NUCLEO-WB05KZ, NUCLEO-WB07CC, NUCLEO-WB09KE, NUCLEO-WBA52CG, NUCLEO-WBA55CG, STEVAL-PROTEUS1, STEVAL-SMARTAG2, STEVAL-STWINBX1, STM320518-EVAL, STM32C0116-DK, STM32C011D6Y3TR, STM32C011D6Y6TR, STM32C011F4P3, STM32C011F4P6, STM32C011F4U3, STM32C011F4U6TR, STM32C011F6P3, STM32C011F6P6, STM32C011F6U3, STM32C011F6U6TR, STM32C011J4M3, STM32C011J4M6, STM32C011J6M3, STM32C011J6M6, STM32C0316-DK, STM32C031C4T3, STM32C031C4T6, STM32C031C4U3, STM32C031C4U6, STM32C031C6T3, STM32C031C6T6, STM32C031C6U3, STM32C031C6U6, STM32C031F4P3, STM32C031F4P6, STM32C031F6P3, STM32C031F6P6, STM32C031G4U3, STM32C031G4U6, STM32C031G6U3, STM32C031G6U6, STM32C031K4T3, STM32C031K4T6, STM32C031K4U3, STM32C031K4U6, STM32C031K6T3, STM32C031K6T6, STM32C031K6U3, STM32C031K6U6, STM32C071C8T6, STM32C071C8T6N, STM32C071C8U6, STM32C071C8U6N, STM32C071CBT6, STM32C071CBT6N, STM32C071CBU6, STM32C071CBU6N, STM32C071F8P6, STM32C071F8P6N, STM32C071FBP6, STM32C071FBP6N, STM32C071FBY6TR, STM32C071G8U6, STM32C071G8U6N, STM32C071GBU6, STM32C071GBU6N, STM32C071K8T6, STM32C071K8T6N, STM32C071K8U6, STM32C071K8U6N, STM32C071KBT6, STM32C071KBT6N, STM32C071KBU6, STM32C071KBU6N, STM32C071R8T6, STM32C071R8T6N, STM32C071RBI6N, STM32C071RBT6, STM32C071RBT6N, STM32G071K8TXN, STM32G071K8UXN, STM32G081GBU6N, STM32G081KBT6N, STM32G081KBUXN, STM32G0B1CCT6N, STM32G0B1KCT6, STM32G0B1NEY6TR, STM32G0B1RCT6N, STM32G0C1CCT6, STM32G0C1CCT6N, STM32G0C1CCU6N, STM32G0C1CET6N, STM32G0C1CEU6N, STM32G0C1KCT6, STM32G0C1NEY6TR, STM32G0C1RCI6N, STM32G0C1RCT6N, STM32G0C1REI6N, STM32G0C1RET6N, STM32G0C1VCI6, STM32G0C1VEI6, STM32G411C6T3, STM32G411C6T6, STM32G411C6U3, STM32G411C6U6, STM32G411C8T3, STM32G411C8T6, STM32G411C8U3, STM32G411C8U6, STM32G411CBT3, STM32G411CBT6, STM32G411CBU3, STM32G411CBU6, STM32G411K6T3, STM32G411K6T6, STM32G411K6U3, STM32G411K6U6, STM32G411K8T3, STM32G411K8T6, STM32G411K8U3, STM32G411K8U6, STM32G411KBT3, STM32G411KBT6, STM32G411KBU3, STM32G411KBU6, STM32G411M6T3, STM32G411M6T6, STM32G411M8T3, STM32G411M8T6, STM32G411MBT3, STM32G411MBT6, STM32G411R6T3, STM32G411R6T6, STM32G411R8T3, STM32G411R8T6, STM32G411RBT3, STM32G411RBT6, STM32G414CBT3, STM32G414CBT6, STM32G414CBU3, STM32G414CBU6, STM32G414CCT3, STM32G414CCT6, STM32G414CCU3, STM32G414CCU6, STM32G414MBT3, STM32G414MBT6, STM32G414MCT3, STM32G414MCT6, STM32G414RBT3, STM32G414RBT6, STM32G414RCT3, STM32G414RCT6, STM32G414VBT3, STM32G414VBT6, STM32G414VCT3, STM32G414VCT6, STM32G431CBT3Z, STM32G431RBT3Z, STM32G471CCT6, STM32G471CCU6, STM32G471CET3, STM32G471CET6, STM32G471CEU3, STM32G471CEU6, STM32G471MCT6, STM32G471MET3, STM32G471MET6, STM32G471MEY6TR, STM32G471QCT6, STM32G471QET3, STM32G471RCT6, STM32G471RET3, STM32G471RET6, STM32G471VCH6, STM32G471VCI6, STM32G471VCT6, STM32G471VEH3, STM32G471VEH6, STM32G471VEI3, STM32G471VEI6, STM32G471VET3, STM32G471VET6, STM32G473QET3Z, STM32G473RET3Z, STM32G474CCT6, STM32G491RET3Z, STM32H503CBT6, STM32H503CBU6, STM32H503EBY6TR, STM32H503KBU6, STM32H503RBT6, STM32H523CCT6, STM32H523CCU6, STM32H523CET6, STM32H523CEU6, STM32H523HEY6TR, STM32H523RCT6, STM32H523RET6, STM32H523VCI6, STM32H523VCT6, STM32H523VEI6, STM32H523VET6, STM32H523ZCJ6, STM32H523ZCT6, STM32H523ZEJ6, STM32H523ZET6, STM32H533CET6, STM32H533CEU6, STM32H533HEY6TR, STM32H533RET6, STM32H533VEI6, STM32H533VET6, STM32H533ZEJ6, STM32H533ZET6, STM32H562AGI6, STM32H562AII6, STM32H562IGK6, STM32H562IGT6, STM32H562IIK6, STM32H562IIT6, STM32H562RGT6, STM32H562RGV6, STM32H562RIT6, STM32H562RIV6, STM32H562VGT6, STM32H562VIT6, STM32H562ZGT6, STM32H562ZIT6, STM32H563AGI6, STM32H563AII3Q, STM32H563AII6, STM32H563IGK6, STM32H563IGT6, STM32H563IIK3Q, STM32H563IIK6, STM32H563IIT3Q, STM32H563IIT6, STM32H563MIY3QTR, STM32H563RGT6, STM32H563RGV6, STM32H563RIT6, STM32H563RIV6, STM32H563VGT6, STM32H563VIT3Q, STM32H563VIT6, STM32H563ZGT6, STM32H563ZIT3Q, STM32H563ZIT6, STM32H573AII3Q, STM32H573AII6, STM32H573I-DK, STM32H573IIK3Q, STM32H573IIK6, STM32H573IIT3Q, STM32H573IIT6, STM32H573MIY3QTR, STM32H573RIT6, STM32H573RIV6, STM32H573VIT3Q, STM32H573VIT6, STM32H573ZIT3Q, STM32H573ZIT6, STM32H7R3A8I6, STM32H7R3I8K6, STM32H7R3I8T6, STM32H7R3L8H6, STM32H7R3L8H6H, STM32H7R3R8V6, STM32H7R3V8H6, STM32H7R3V8T6, STM32H7R3V8Y6TR, STM32H7R3Z8J6, STM32H7R3Z8T6, STM32H7R7A8I6, STM32H7R7I8K6, STM32H7R7I8T6, STM32H7R7L8H6, STM32H7R7L8H6H, STM32H7R7Z8J6, STM32H7S3A8I6, STM32H7S3I8K6, STM32H7S3I8T6, STM32H7S3L8H6, STM32H7S3L8H6H, STM32H7S3R8V6, STM32H7S3V8H6, STM32H7S3V8T6, STM32H7S3V8Y6TR, STM32H7S3Z8J6, STM32H7S3Z8T6, STM32H7S78-DK, STM32H7S7A8I6, STM32H7S7I8K6, STM32H7S7I8T6, STM32H7S7L8H6, STM32H7S7L8H6H, STM32H7S7Z8J6, STM32L4R5QGI6STR, STM32MP131AAE3, STM32MP131AAF3, STM32MP131AAG3, STM32MP131CAE3, STM32MP131CAF3, STM32MP131CAG3, STM32MP131DAE7, STM32MP131DAF7, STM32MP131DAG7, STM32MP131FAE7, STM32MP131FAF7, STM32MP131FAG7, STM32MP133AAE3, STM32MP133AAF3, STM32MP133AAG3, STM32MP133CAE3, STM32MP133CAF3, STM32MP133CAG3, STM32MP133DAE7, STM32MP133DAF7, STM32MP133DAG7, STM32MP133FAE7, STM32MP133FAF7, STM32MP133FAG7, STM32MP135AAE3, STM32MP135AAF3, STM32MP135AAG3, STM32MP135CAE3, STM32MP135CAF3, STM32MP135CAG3, STM32MP135DAE7, STM32MP135DAF7, STM32MP135DAG7, STM32MP135F-DK, STM32MP135FAE7, STM32MP135FAF7, STM32MP135FAF7T, STM32MP135FAF7U, STM32MP135FAG7, STM32MP251AAI3, STM32MP251AAK3, STM32MP251AAL3, STM32MP251CAI3, STM32MP251CAK3, STM32MP251CAL3, STM32MP251DAI3, STM32MP251DAK3, STM32MP251DAL3, STM32MP251FAI3, STM32MP251FAK3, STM32MP251FAL3, STM32MP253AAI3, STM32MP253AAK3, STM32MP253AAL3, STM32MP253CAI3, STM32MP253CAK3, STM32MP253CAL3, STM32MP253DAI3, STM32MP253DAK3, STM32MP253DAL3, STM32MP253FAI3, STM32MP253FAK3, STM32MP253FAL3, STM32MP255AAI3, STM32MP255AAK3, STM32MP255AAL3, STM32MP255CAI3, STM32MP255CAK3, STM32MP255CAL3, STM32MP255DAI3, STM32MP255DAK3, STM32MP255DAL3, STM32MP255FAI3, STM32MP255FAK3, STM32MP255FAL3, STM32MP257AAI3, STM32MP257AAK3, STM32MP257AAL3, STM32MP257CAI3, STM32MP257CAK3, STM32MP257CAL3, STM32MP257DAI3, STM32MP257DAK3, STM32MP257DAL3, STM32MP257F-DK, STM32MP257F-EV1, STM32MP257FAI3, STM32MP257FAK3, STM32MP257FAL3, STM32U031C6T6, STM32U031C6U6, STM32U031C8T6, STM32U031C8U6, STM32U031F4P6, STM32U031F6P6, STM32U031F8P6, STM32U031G6Y6TR, STM32U031G8Y6TR, STM32U031K4U6, STM32U031K6U6, STM32U031K8U6, STM32U031R6I6, STM32U031R6T6, STM32U031R8I6, STM32U031R8T6, STM32U073C8T6, STM32U073C8U6, STM32U073CBT6, STM32U073CBU6, STM32U073CCT6, STM32U073CCU6, STM32U073H8Y6TR, STM32U073HBY6TR, STM32U073HCY6TR, STM32U073K8U6, STM32U073KBU6, STM32U073KCU6, STM32U073M8I6, STM32U073M8T6, STM32U073MBI6, STM32U073MBT6, STM32U073MCI6, STM32U073MCT6, STM32U073R8I6, STM32U073R8T6, STM32U073RBI6, STM32U073RBT6, STM32U073RCI6, STM32U073RCT6, STM32U083C-DK, STM32U083CCT6, STM32U083CCU6, STM32U083HCY6TR, STM32U083KCU6, STM32U083MCI6, STM32U083MCT6, STM32U083RCI6, STM32U083RCT6, STM32U535CBT6, STM32U535CBT6Q, STM32U535CBU6, STM32U535CBU6Q, STM32U535CCT6, STM32U535CCT6Q, STM32U535CCU6, STM32U535CCU6Q, STM32U535CET6, STM32U535CET6Q, STM32U535CEU6, STM32U535CEU6Q, STM32U535JEY6QTR, STM32U535NCY6QTR, STM32U535NEY6QTR, STM32U535RBI6, STM32U535RBI6Q, STM32U535RBT6, STM32U535RBT6Q, STM32U535RCI6, STM32U535RCI6Q, STM32U535RCT6, STM32U535RCT6Q, STM32U535REI6, STM32U535REI6Q, STM32U535RET6, STM32U535RET6Q, STM32U535VCI6, STM32U535VCI6Q, STM32U535VCT6, STM32U535VCT6Q, STM32U535VEI6, STM32U535VEI6Q, STM32U535VET6, STM32U535VET6Q, STM32U545CET6, STM32U545CET6Q, STM32U545CEU6, STM32U545CEU6Q, STM32U545JEY6QTR, STM32U545NEY6QTR, STM32U545REI6, STM32U545REI6Q, STM32U545RET6, STM32U545RET6Q, STM32U545VEI6, STM32U545VEI6Q, STM32U545VET6, STM32U545VET6Q, STM32U595AIH6, STM32U595AIH6Q, STM32U595AJH6, STM32U595AJH6Q, STM32U595QII6, STM32U595QII6Q, STM32U595QJI6, STM32U595QJI6Q, STM32U595RIT6, STM32U595RIT6Q, STM32U595RJT6, STM32U595RJT6Q, STM32U595VIT6, STM32U595VIT6Q, STM32U595VJT6, STM32U595VJT6Q, STM32U595ZIT6, STM32U595ZIT6Q, STM32U595ZIY6QTR, STM32U595ZJT6, STM32U595ZJT6Q, STM32U595ZJY6QTR, STM32U599BJY6QTR, STM32U599NIH6Q, STM32U599NJH6Q, STM32U599VIT6Q, STM32U599VJT6, STM32U599VJT6Q, STM32U599ZIT6Q, STM32U599ZIY6QTR, STM32U599ZJT6Q, STM32U599ZJY6QTR, STM32U5A5AJH6, STM32U5A5AJH6Q, STM32U5A5QII3Q , STM32U5A5QJI6, STM32U5A5QJI6Q, STM32U5A5RJT6, STM32U5A5RJT6Q, STM32U5A5VJT6, STM32U5A5VJT6Q, STM32U5A5ZJT6, STM32U5A5ZJT6Q, STM32U5A5ZJY6QTR, STM32U5A9BJY6QTR, STM32U5A9J-DK, STM32U5A9NJH6Q, STM32U5A9VJT6Q, STM32U5A9ZJT6Q, STM32U5A9ZJY6QTR, STM32U5F7VIT6, STM32U5F7VIT6Q, STM32U5F7VJT6, STM32U5F7VJT6Q, STM32U5F9BJY6QTR, STM32U5F9NJH6Q, STM32U5F9VIT6Q, STM32U5F9VJT6Q, STM32U5F9ZIJ6QTR, STM32U5F9ZIT6Q, STM32U5F9ZJJ6QTR, STM32U5F9ZJT6Q, STM32U5G7VJT6, STM32U5G7VJT6Q, STM32U5G9BJY6QTR, STM32U5G9J-DK1, STM32U5G9J-DK2, STM32U5G9NJH6Q, STM32U5G9VJT6Q, STM32U5G9ZJJ6QTR, STM32U5G9ZJT6Q, STM32WB05KZV6TR, STM32WB05KZV7TR, STM32WB05TZF6TR, STM32WB05TZF7TR, STM32WB06CCF6TR, STM32WB06CCF7TR, STM32WB06CCV6TR, STM32WB06CCV7TR, STM32WB06KCV6TR, STM32WB06KCV7TR, STM32WB07CCF6TR, STM32WB07CCF7TR, STM32WB07CCV6TR, STM32WB07CCV7TR, STM32WB07KCV6TR, STM32WB07KCV7TR, STM32WB09KEV6TR, STM32WB09KEV7TR, STM32WB09TEF6TR, STM32WB09TEF7TR, STM32WB1MMCH6, STM32WBA50KGU6, STM32WBA50KGU6TR, STM32WBA52CEU6, STM32WBA52CEU6TR, STM32WBA52CEU7, STM32WBA52CEU7TR, STM32WBA52CGU6, STM32WBA52CGU6TR, STM32WBA52CGU6U, STM32WBA52CGU7, STM32WBA52CGU7TR, STM32WBA52KEU6, STM32WBA52KEU6TR, STM32WBA52KGU6, STM32WBA52KGU6TR, STM32WBA54CEU6, STM32WBA54CEU6TR, STM32WBA54CEU7, STM32WBA54CEU7TR, STM32WBA54CGU6, STM32WBA54CGU6TR, STM32WBA54CGU7, STM32WBA54CGU7TR, STM32WBA54KEU6, STM32WBA54KEU6TR, STM32WBA54KEU7, STM32WBA54KEU7TR, STM32WBA54KGU6, STM32WBA54KGU6TR, STM32WBA54KGU7, STM32WBA54KGU7TR, STM32WBA55CEU6, STM32WBA55CEU6TR, STM32WBA55CEU7, STM32WBA55CEU7TR, STM32WBA55CGU6, STM32WBA55CGU6TR, STM32WBA55CGU6U, STM32WBA55CGU7, STM32WBA55CGU7TR, STM32WBA55G-DK1, STM32WBA55HEF6, STM32WBA55HEF7, STM32WBA55HGF6, STM32WBA55HGF7, STM32WBA55UEI6, STM32WBA55UEI6TR, STM32WBA55UEI7, STM32WBA55UEI7TR, STM32WBA55UGI6, STM32WBA55UGI6TR, STM32WBA55UGI7, STM32WBA55UGI7TR, STM32WL5MOCH6, STM32WL5MOCH6TR]
2024-11-05 08:25:50,596 [INFO] DbMcus:218 - Found 4252 MCUs, 4252 are supported
2024-11-05 08:25:50,596 [INFO] ApiDb:423 - Load user favorites file C:\Users\lagoeirl/.stm32cubeide/favorites.mcus.txt: 0 item(s)
2024-11-05 08:25:50,596 [INFO] ApiDb:427 - User favorites MCUs=[]
2024-11-05 08:25:50,596 [INFO] DbMcus:224 - Set 0 / 0 favorites MCUs
2024-11-05 08:25:51,271 [INFO] ApiDb:448 - Save user favorites file C:\Users\lagoeirl/.stm32cubeide/favorites.boards.txt: 1 item(s)
2024-11-05 08:25:51,271 [INFO] ApiDb:452 - User favorites Boards=[NUCLEO-G070RB]
2024-11-05 08:25:51,273 [INFO] ApiDb:581 - Connected to CubeFinder SQLite database (C:\Users\lagoeirl\.stmcufinder\plugins\mcufinder\mcu\cube-finder-db.db)
2024-11-05 08:25:51,339 [INFO] ApiDb:668 - CubeFinder database Data Model version=2.1
2024-11-05 08:25:51,339 [INFO] ApiDb:669 - CubeFinder database Configuration version=3.0.39
2024-11-05 08:25:51,339 [INFO] ApiDb:670 - CubeFinder database generation date=2024-10-15 (1729006872)
2024-11-05 08:25:51,340 [INFO] ApiDb:671 - CubeFinder database FW Pack versions=[FP-ATR-ASTRA1_V2.0.0, FP-SNS-FLIGHT1_V5.0.2, FP-SNS-MOTENV1_V5.0.0, FP-SNS-MOTENVWB1_V1.4.0, FP-SNS-SMARTAG2_V1.2.0, FP-SNS-STBOX1_V2.0.0, STM32Cube_FW_C0_V1.2.0, STM32Cube_FW_F4_V1.28.1, STM32Cube_FW_F7_V1.17.2, STM32Cube_FW_G0_V1.6.2, STM32Cube_FW_G4_V1.6.0, STM32Cube_FW_H5_V1.3.0, STM32Cube_FW_H7RS_V1.1.0, STM32Cube_FW_H7_V1.11.2, STM32Cube_FW_L0_V1.12.2, STM32Cube_FW_L5_V1.5.1, STM32Cube_FW_U0_V1.1.0, STM32Cube_FW_U5_V1.6.0, STM32Cube_FW_WB0_V1.0.0, STM32Cube_FW_WBA_V1.4.1, STM32Cube_FW_WB_V1.20.0, STM32Cube_FW_WL_V1.3.0, X-CUBE-ALGOBUILD_V1.4.0, X-CUBE-ALS_V1.0.2, X-CUBE-AZRTOS-F4_V1.1.0, X-CUBE-AZRTOS-F7_V1.1.0, X-CUBE-AZRTOS-G0_V1.1.0, X-CUBE-AZRTOS-G4_V2.0.0, X-CUBE-AZRTOS-H7RS_V1.0.0, X-CUBE-AZRTOS-H7_V3.3.0, X-CUBE-AZRTOS-L4_V2.0.0, X-CUBE-AZRTOS-L5_V2.0.0, X-CUBE-AZRTOS-WB_V2.0.0, X-CUBE-AZRTOS-WL_V2.0.0, X-CUBE-BLE1_V7.0.0, X-CUBE-BLE2_V3.3.0, X-CUBE-BLEMGR_V3.1.0, X-CUBE-EEPRMA1_V5.1.0, X-CUBE-FREERTOS_V1.2.0, X-CUBE-GNSS1_V6.0.0, X-CUBE-MEMS1_V11.0.0, X-CUBE-NFC4_V3.0.0, X-CUBE-NFC7_V1.0.1, X-CUBE-SFXS2LP1_V4.0.0, X-CUBE-SUBG2_V5.0.0, X-CUBE-TOF1_V3.4.2]
2024-11-05 08:25:51,440 [INFO] DbBoardsSqlite:226 - include board P-NUCLEO-WB55-NUCLEO as a kit item of type 'Nucleo-64'
2024-11-05 08:25:51,442 [INFO] DbBoardsSqlite:226 - include board P-NUCLEO-WB55-USBDONGLE as a kit item of type 'Nucleo USB Dongle'
2024-11-05 08:25:51,443 [INFO] DbBoardsSqlite:226 - include board STEVAL-IDP005V1 as a kit item of type 'Evaluation Board'
2024-11-05 08:25:51,443 [INFO] DbBoardsSqlite:226 - include board STEVAL-IDP005V2 as a kit item of type 'Evaluation Board'
2024-11-05 08:25:51,511 [INFO] ApiDb:240 - Found 646 in-development CPN: [B-G473E-ZEST1S, B-WB1M-WPAN1, B-WL5M-SUBG1, NUCLEO-C031C6, NUCLEO-C071RB, NUCLEO-H503RB, NUCLEO-H533RE, NUCLEO-H563ZI, NUCLEO-H7S3L8, NUCLEO-U031R8, NUCLEO-U083RC, NUCLEO-U545RE-Q, NUCLEO-U5A5ZJ-Q, NUCLEO-WB05KZ, NUCLEO-WB07CC, NUCLEO-WB09KE, NUCLEO-WBA52CG, NUCLEO-WBA55CG, STEVAL-PROTEUS1, STEVAL-SMARTAG2, STEVAL-STWINBX1, STM320518-EVAL, STM32C0116-DK, STM32C011D6Y3TR, STM32C011D6Y6TR, STM32C011F4P3, STM32C011F4P6, STM32C011F4U3, STM32C011F4U6TR, STM32C011F6P3, STM32C011F6P6, STM32C011F6U3, STM32C011F6U6TR, STM32C011J4M3, STM32C011J4M6, STM32C011J6M3, STM32C011J6M6, STM32C0316-DK, STM32C031C4T3, STM32C031C4T6, STM32C031C4U3, STM32C031C4U6, STM32C031C6T3, STM32C031C6T6, STM32C031C6U3, STM32C031C6U6, STM32C031F4P3, STM32C031F4P6, STM32C031F6P3, STM32C031F6P6, STM32C031G4U3, STM32C031G4U6, STM32C031G6U3, STM32C031G6U6, STM32C031K4T3, STM32C031K4T6, STM32C031K4U3, STM32C031K4U6, STM32C031K6T3, STM32C031K6T6, STM32C031K6U3, STM32C031K6U6, STM32C071C8T6, STM32C071C8T6N, STM32C071C8U6, STM32C071C8U6N, STM32C071CBT6, STM32C071CBT6N, STM32C071CBU6, STM32C071CBU6N, STM32C071F8P6, STM32C071F8P6N, STM32C071FBP6, STM32C071FBP6N, STM32C071FBY6TR, STM32C071G8U6, STM32C071G8U6N, STM32C071GBU6, STM32C071GBU6N, STM32C071K8T6, STM32C071K8T6N, STM32C071K8U6, STM32C071K8U6N, STM32C071KBT6, STM32C071KBT6N, STM32C071KBU6, STM32C071KBU6N, STM32C071R8T6, STM32C071R8T6N, STM32C071RBI6N, STM32C071RBT6, STM32C071RBT6N, STM32G071K8TXN, STM32G071K8UXN, STM32G081GBU6N, STM32G081KBT6N, STM32G081KBUXN, STM32G0B1CCT6N, STM32G0B1KCT6, STM32G0B1NEY6TR, STM32G0B1RCT6N, STM32G0C1CCT6, STM32G0C1CCT6N, STM32G0C1CCU6N, STM32G0C1CET6N, STM32G0C1CEU6N, STM32G0C1KCT6, STM32G0C1NEY6TR, STM32G0C1RCI6N, STM32G0C1RCT6N, STM32G0C1REI6N, STM32G0C1RET6N, STM32G0C1VCI6, STM32G0C1VEI6, STM32G411C6T3, STM32G411C6T6, STM32G411C6U3, STM32G411C6U6, STM32G411C8T3, STM32G411C8T6, STM32G411C8U3, STM32G411C8U6, STM32G411CBT3, STM32G411CBT6, STM32G411CBU3, STM32G411CBU6, STM32G411K6T3, STM32G411K6T6, STM32G411K6U3, STM32G411K6U6, STM32G411K8T3, STM32G411K8T6, STM32G411K8U3, STM32G411K8U6, STM32G411KBT3, STM32G411KBT6, STM32G411KBU3, STM32G411KBU6, STM32G411M6T3, STM32G411M6T6, STM32G411M8T3, STM32G411M8T6, STM32G411MBT3, STM32G411MBT6, STM32G411R6T3, STM32G411R6T6, STM32G411R8T3, STM32G411R8T6, STM32G411RBT3, STM32G411RBT6, STM32G414CBT3, STM32G414CBT6, STM32G414CBU3, STM32G414CBU6, STM32G414CCT3, STM32G414CCT6, STM32G414CCU3, STM32G414CCU6, STM32G414MBT3, STM32G414MBT6, STM32G414MCT3, STM32G414MCT6, STM32G414RBT3, STM32G414RBT6, STM32G414RCT3, STM32G414RCT6, STM32G414VBT3, STM32G414VBT6, STM32G414VCT3, STM32G414VCT6, STM32G431CBT3Z, STM32G431RBT3Z, STM32G471CCT6, STM32G471CCU6, STM32G471CET3, STM32G471CET6, STM32G471CEU3, STM32G471CEU6, STM32G471MCT6, STM32G471MET3, STM32G471MET6, STM32G471MEY6TR, STM32G471QCT6, STM32G471QET3, STM32G471RCT6, STM32G471RET3, STM32G471RET6, STM32G471VCH6, STM32G471VCI6, STM32G471VCT6, STM32G471VEH3, STM32G471VEH6, STM32G471VEI3, STM32G471VEI6, STM32G471VET3, STM32G471VET6, STM32G473QET3Z, STM32G473RET3Z, STM32G474CCT6, STM32G491RET3Z, STM32H503CBT6, STM32H503CBU6, STM32H503EBY6TR, STM32H503KBU6, STM32H503RBT6, STM32H523CCT6, STM32H523CCU6, STM32H523CET6, STM32H523CEU6, STM32H523HEY6TR, STM32H523RCT6, STM32H523RET6, STM32H523VCI6, STM32H523VCT6, STM32H523VEI6, STM32H523VET6, STM32H523ZCJ6, STM32H523ZCT6, STM32H523ZEJ6, STM32H523ZET6, STM32H533CET6, STM32H533CEU6, STM32H533HEY6TR, STM32H533RET6, STM32H533VEI6, STM32H533VET6, STM32H533ZEJ6, STM32H533ZET6, STM32H562AGI6, STM32H562AII6, STM32H562IGK6, STM32H562IGT6, STM32H562IIK6, STM32H562IIT6, STM32H562RGT6, STM32H562RGV6, STM32H562RIT6, STM32H562RIV6, STM32H562VGT6, STM32H562VIT6, STM32H562ZGT6, STM32H562ZIT6, STM32H563AGI6, STM32H563AII3Q, STM32H563AII6, STM32H563IGK6, STM32H563IGT6, STM32H563IIK3Q, STM32H563IIK6, STM32H563IIT3Q, STM32H563IIT6, STM32H563MIY3QTR, STM32H563RGT6, STM32H563RGV6, STM32H563RIT6, STM32H563RIV6, STM32H563VGT6, STM32H563VIT3Q, STM32H563VIT6, STM32H563ZGT6, STM32H563ZIT3Q, STM32H563ZIT6, STM32H573AII3Q, STM32H573AII6, STM32H573I-DK, STM32H573IIK3Q, STM32H573IIK6, STM32H573IIT3Q, STM32H573IIT6, STM32H573MIY3QTR, STM32H573RIT6, STM32H573RIV6, STM32H573VIT3Q, STM32H573VIT6, STM32H573ZIT3Q, STM32H573ZIT6, STM32H7R3A8I6, STM32H7R3I8K6, STM32H7R3I8T6, STM32H7R3L8H6, STM32H7R3L8H6H, STM32H7R3R8V6, STM32H7R3V8H6, STM32H7R3V8T6, STM32H7R3V8Y6TR, STM32H7R3Z8J6, STM32H7R3Z8T6, STM32H7R7A8I6, STM32H7R7I8K6, STM32H7R7I8T6, STM32H7R7L8H6, STM32H7R7L8H6H, STM32H7R7Z8J6, STM32H7S3A8I6, STM32H7S3I8K6, STM32H7S3I8T6, STM32H7S3L8H6, STM32H7S3L8H6H, STM32H7S3R8V6, STM32H7S3V8H6, STM32H7S3V8T6, STM32H7S3V8Y6TR, STM32H7S3Z8J6, STM32H7S3Z8T6, STM32H7S78-DK, STM32H7S7A8I6, STM32H7S7I8K6, STM32H7S7I8T6, STM32H7S7L8H6, STM32H7S7L8H6H, STM32H7S7Z8J6, STM32L4R5QGI6STR, STM32MP131AAE3, STM32MP131AAF3, STM32MP131AAG3, STM32MP131CAE3, STM32MP131CAF3, STM32MP131CAG3, STM32MP131DAE7, STM32MP131DAF7, STM32MP131DAG7, STM32MP131FAE7, STM32MP131FAF7, STM32MP131FAG7, STM32MP133AAE3, STM32MP133AAF3, STM32MP133AAG3, STM32MP133CAE3, STM32MP133CAF3, STM32MP133CAG3, STM32MP133DAE7, STM32MP133DAF7, STM32MP133DAG7, STM32MP133FAE7, STM32MP133FAF7, STM32MP133FAG7, STM32MP135AAE3, STM32MP135AAF3, STM32MP135AAG3, STM32MP135CAE3, STM32MP135CAF3, STM32MP135CAG3, STM32MP135DAE7, STM32MP135DAF7, STM32MP135DAG7, STM32MP135F-DK, STM32MP135FAE7, STM32MP135FAF7, STM32MP135FAF7T, STM32MP135FAF7U, STM32MP135FAG7, STM32MP251AAI3, STM32MP251AAK3, STM32MP251AAL3, STM32MP251CAI3, STM32MP251CAK3, STM32MP251CAL3, STM32MP251DAI3, STM32MP251DAK3, STM32MP251DAL3, STM32MP251FAI3, STM32MP251FAK3, STM32MP251FAL3, STM32MP253AAI3, STM32MP253AAK3, STM32MP253AAL3, STM32MP253CAI3, STM32MP253CAK3, STM32MP253CAL3, STM32MP253DAI3, STM32MP253DAK3, STM32MP253DAL3, STM32MP253FAI3, STM32MP253FAK3, STM32MP253FAL3, STM32MP255AAI3, STM32MP255AAK3, STM32MP255AAL3, STM32MP255CAI3, STM32MP255CAK3, STM32MP255CAL3, STM32MP255DAI3, STM32MP255DAK3, STM32MP255DAL3, STM32MP255FAI3, STM32MP255FAK3, STM32MP255FAL3, STM32MP257AAI3, STM32MP257AAK3, STM32MP257AAL3, STM32MP257CAI3, STM32MP257CAK3, STM32MP257CAL3, STM32MP257DAI3, STM32MP257DAK3, STM32MP257DAL3, STM32MP257F-DK, STM32MP257F-EV1, STM32MP257FAI3, STM32MP257FAK3, STM32MP257FAL3, STM32U031C6T6, STM32U031C6U6, STM32U031C8T6, STM32U031C8U6, STM32U031F4P6, STM32U031F6P6, STM32U031F8P6, STM32U031G6Y6TR, STM32U031G8Y6TR, STM32U031K4U6, STM32U031K6U6, STM32U031K8U6, STM32U031R6I6, STM32U031R6T6, STM32U031R8I6, STM32U031R8T6, STM32U073C8T6, STM32U073C8U6, STM32U073CBT6, STM32U073CBU6, STM32U073CCT6, STM32U073CCU6, STM32U073H8Y6TR, STM32U073HBY6TR, STM32U073HCY6TR, STM32U073K8U6, STM32U073KBU6, STM32U073KCU6, STM32U073M8I6, STM32U073M8T6, STM32U073MBI6, STM32U073MBT6, STM32U073MCI6, STM32U073MCT6, STM32U073R8I6, STM32U073R8T6, STM32U073RBI6, STM32U073RBT6, STM32U073RCI6, STM32U073RCT6, STM32U083C-DK, STM32U083CCT6, STM32U083CCU6, STM32U083HCY6TR, STM32U083KCU6, STM32U083MCI6, STM32U083MCT6, STM32U083RCI6, STM32U083RCT6, STM32U535CBT6, STM32U535CBT6Q, STM32U535CBU6, STM32U535CBU6Q, STM32U535CCT6, STM32U535CCT6Q, STM32U535CCU6, STM32U535CCU6Q, STM32U535CET6, STM32U535CET6Q, STM32U535CEU6, STM32U535CEU6Q, STM32U535JEY6QTR, STM32U535NCY6QTR, STM32U535NEY6QTR, STM32U535RBI6, STM32U535RBI6Q, STM32U535RBT6, STM32U535RBT6Q, STM32U535RCI6, STM32U535RCI6Q, STM32U535RCT6, STM32U535RCT6Q, STM32U535REI6, STM32U535REI6Q, STM32U535RET6, STM32U535RET6Q, STM32U535VCI6, STM32U535VCI6Q, STM32U535VCT6, STM32U535VCT6Q, STM32U535VEI6, STM32U535VEI6Q, STM32U535VET6, STM32U535VET6Q, STM32U545CET6, STM32U545CET6Q, STM32U545CEU6, STM32U545CEU6Q, STM32U545JEY6QTR, STM32U545NEY6QTR, STM32U545REI6, STM32U545REI6Q, STM32U545RET6, STM32U545RET6Q, STM32U545VEI6, STM32U545VEI6Q, STM32U545VET6, STM32U545VET6Q, STM32U595AIH6, STM32U595AIH6Q, STM32U595AJH6, STM32U595AJH6Q, STM32U595QII6, STM32U595QII6Q, STM32U595QJI6, STM32U595QJI6Q, STM32U595RIT6, STM32U595RIT6Q, STM32U595RJT6, STM32U595RJT6Q, STM32U595VIT6, STM32U595VIT6Q, STM32U595VJT6, STM32U595VJT6Q, STM32U595ZIT6, STM32U595ZIT6Q, STM32U595ZIY6QTR, STM32U595ZJT6, STM32U595ZJT6Q, STM32U595ZJY6QTR, STM32U599BJY6QTR, STM32U599NIH6Q, STM32U599NJH6Q, STM32U599VIT6Q, STM32U599VJT6, STM32U599VJT6Q, STM32U599ZIT6Q, STM32U599ZIY6QTR, STM32U599ZJT6Q, STM32U599ZJY6QTR, STM32U5A5AJH6, STM32U5A5AJH6Q, STM32U5A5QII3Q , STM32U5A5QJI6, STM32U5A5QJI6Q, STM32U5A5RJT6, STM32U5A5RJT6Q, STM32U5A5VJT6, STM32U5A5VJT6Q, STM32U5A5ZJT6, STM32U5A5ZJT6Q, STM32U5A5ZJY6QTR, STM32U5A9BJY6QTR, STM32U5A9J-DK, STM32U5A9NJH6Q, STM32U5A9VJT6Q, STM32U5A9ZJT6Q, STM32U5A9ZJY6QTR, STM32U5F7VIT6, STM32U5F7VIT6Q, STM32U5F7VJT6, STM32U5F7VJT6Q, STM32U5F9BJY6QTR, STM32U5F9NJH6Q, STM32U5F9VIT6Q, STM32U5F9VJT6Q, STM32U5F9ZIJ6QTR, STM32U5F9ZIT6Q, STM32U5F9ZJJ6QTR, STM32U5F9ZJT6Q, STM32U5G7VJT6, STM32U5G7VJT6Q, STM32U5G9BJY6QTR, STM32U5G9J-DK1, STM32U5G9J-DK2, STM32U5G9NJH6Q, STM32U5G9VJT6Q, STM32U5G9ZJJ6QTR, STM32U5G9ZJT6Q, STM32WB05KZV6TR, STM32WB05KZV7TR, STM32WB05TZF6TR, STM32WB05TZF7TR, STM32WB06CCF6TR, STM32WB06CCF7TR, STM32WB06CCV6TR, STM32WB06CCV7TR, STM32WB06KCV6TR, STM32WB06KCV7TR, STM32WB07CCF6TR, STM32WB07CCF7TR, STM32WB07CCV6TR, STM32WB07CCV7TR, STM32WB07KCV6TR, STM32WB07KCV7TR, STM32WB09KEV6TR, STM32WB09KEV7TR, STM32WB09TEF6TR, STM32WB09TEF7TR, STM32WB1MMCH6, STM32WBA50KGU6, STM32WBA50KGU6TR, STM32WBA52CEU6, STM32WBA52CEU6TR, STM32WBA52CEU7, STM32WBA52CEU7TR, STM32WBA52CGU6, STM32WBA52CGU6TR, STM32WBA52CGU6U, STM32WBA52CGU7, STM32WBA52CGU7TR, STM32WBA52KEU6, STM32WBA52KEU6TR, STM32WBA52KGU6, STM32WBA52KGU6TR, STM32WBA54CEU6, STM32WBA54CEU6TR, STM32WBA54CEU7, STM32WBA54CEU7TR, STM32WBA54CGU6, STM32WBA54CGU6TR, STM32WBA54CGU7, STM32WBA54CGU7TR, STM32WBA54KEU6, STM32WBA54KEU6TR, STM32WBA54KEU7, STM32WBA54KEU7TR, STM32WBA54KGU6, STM32WBA54KGU6TR, STM32WBA54KGU7, STM32WBA54KGU7TR, STM32WBA55CEU6, STM32WBA55CEU6TR, STM32WBA55CEU7, STM32WBA55CEU7TR, STM32WBA55CGU6, STM32WBA55CGU6TR, STM32WBA55CGU6U, STM32WBA55CGU7, STM32WBA55CGU7TR, STM32WBA55G-DK1, STM32WBA55HEF6, STM32WBA55HEF7, STM32WBA55HGF6, STM32WBA55HGF7, STM32WBA55UEI6, STM32WBA55UEI6TR, STM32WBA55UEI7, STM32WBA55UEI7TR, STM32WBA55UGI6, STM32WBA55UGI6TR, STM32WBA55UGI7, STM32WBA55UGI7TR, STM32WL5MOCH6, STM32WL5MOCH6TR]
2024-11-05 08:25:52,048 [INFO] BoardInfo:889 - No configuration file found for board P-NUCLEO-WB55
2024-11-05 08:25:52,049 [INFO] DbBoards:161 - Kit is not supported: P-NUCLEO-WB55
2024-11-05 08:25:52,078 [INFO] BoardInfo:889 - No configuration file found for board STEVAL-BFA001V1B
2024-11-05 08:25:52,084 [INFO] DbBoards:161 - Kit is not supported: STEVAL-BFA001V1B
2024-11-05 08:25:52,088 [INFO] BoardInfo:889 - No configuration file found for board STEVAL-BFA001V2B
2024-11-05 08:25:52,090 [INFO] DbBoards:161 - Kit is not supported: STEVAL-BFA001V2B
2024-11-05 08:25:53,177 [INFO] DbBoards:168 - Found 201 boards, 198 are supported
2024-11-05 08:25:53,177 [INFO] DbBoards:169 - Found 201 boards, 25 of them is supported for  Bsp
2024-11-05 08:25:53,183 [INFO] ApiDb:423 - Load user favorites file C:\Users\lagoeirl/.stm32cubeide/favorites.boards.txt: 1 item(s)
2024-11-05 08:25:53,183 [INFO] ApiDb:427 - User favorites Boards=[NUCLEO-G070RB]
2024-11-05 08:25:53,183 [INFO] DbBoards:198 - Set 1 / 1 favorites Boards
2024-11-05 08:25:53,364 [INFO] LoadUrlFilesThread:185 - End of LoadServerUrlFiles without Thread
2024-11-05 08:25:53,365 [INFO] TargetSelectorAdapter:259 - Refresh data is successful
2024-11-05 08:25:53,456 [INFO] ApiDb:668 - CubeFinder database Data Model version=2.1
2024-11-05 08:25:53,456 [INFO] ApiDb:669 - CubeFinder database Configuration version=3.0.39
2024-11-05 08:25:53,456 [INFO] ApiDb:670 - CubeFinder database generation date=2024-10-15 (1729006872)
2024-11-05 08:25:53,456 [INFO] ApiDb:671 - CubeFinder database FW Pack versions=[FP-ATR-ASTRA1_V2.0.0, FP-SNS-FLIGHT1_V5.0.2, FP-SNS-MOTENV1_V5.0.0, FP-SNS-MOTENVWB1_V1.4.0, FP-SNS-SMARTAG2_V1.2.0, FP-SNS-STBOX1_V2.0.0, STM32Cube_FW_C0_V1.2.0, STM32Cube_FW_F4_V1.28.1, STM32Cube_FW_F7_V1.17.2, STM32Cube_FW_G0_V1.6.2, STM32Cube_FW_G4_V1.6.0, STM32Cube_FW_H5_V1.3.0, STM32Cube_FW_H7RS_V1.1.0, STM32Cube_FW_H7_V1.11.2, STM32Cube_FW_L0_V1.12.2, STM32Cube_FW_L5_V1.5.1, STM32Cube_FW_U0_V1.1.0, STM32Cube_FW_U5_V1.6.0, STM32Cube_FW_WB0_V1.0.0, STM32Cube_FW_WBA_V1.4.1, STM32Cube_FW_WB_V1.20.0, STM32Cube_FW_WL_V1.3.0, X-CUBE-ALGOBUILD_V1.4.0, X-CUBE-ALS_V1.0.2, X-CUBE-AZRTOS-F4_V1.1.0, X-CUBE-AZRTOS-F7_V1.1.0, X-CUBE-AZRTOS-G0_V1.1.0, X-CUBE-AZRTOS-G4_V2.0.0, X-CUBE-AZRTOS-H7RS_V1.0.0, X-CUBE-AZRTOS-H7_V3.3.0, X-CUBE-AZRTOS-L4_V2.0.0, X-CUBE-AZRTOS-L5_V2.0.0, X-CUBE-AZRTOS-WB_V2.0.0, X-CUBE-AZRTOS-WL_V2.0.0, X-CUBE-BLE1_V7.0.0, X-CUBE-BLE2_V3.3.0, X-CUBE-BLEMGR_V3.1.0, X-CUBE-EEPRMA1_V5.1.0, X-CUBE-FREERTOS_V1.2.0, X-CUBE-GNSS1_V6.0.0, X-CUBE-MEMS1_V11.0.0, X-CUBE-NFC4_V3.0.0, X-CUBE-NFC7_V1.0.1, X-CUBE-SFXS2LP1_V4.0.0, X-CUBE-SUBG2_V5.0.0, X-CUBE-TOF1_V3.4.2]
2024-11-05 08:25:55,055 [ERROR] DbExamplesSqlite:437 - Missing JSON key: board_cpn
2024-11-05 08:25:55,056 [ERROR] DbExamplesSqlite:437 - Missing JSON key: board_cpn
2024-11-05 08:25:55,056 [ERROR] DbExamplesSqlite:437 - Missing JSON key: board_cpn
2024-11-05 08:25:55,056 [ERROR] DbExamplesSqlite:437 - Missing JSON key: board_cpn
2024-11-05 08:25:55,535 [ERROR] DbExamplesSqlite:437 - Missing JSON key: board_cpn
2024-11-05 08:25:55,535 [ERROR] DbExamplesSqlite:437 - Missing JSON key: board_cpn
2024-11-05 08:25:55,535 [ERROR] DbExamplesSqlite:437 - Missing JSON key: board_cpn
2024-11-05 08:25:55,536 [ERROR] DbExamplesSqlite:437 - Missing JSON key: board_cpn
2024-11-05 08:25:55,536 [ERROR] DbExamplesSqlite:437 - Missing JSON key: board_cpn
2024-11-05 08:25:55,536 [ERROR] DbExamplesSqlite:437 - Missing JSON key: board_cpn
2024-11-05 08:25:55,536 [ERROR] DbExamplesSqlite:437 - Missing JSON key: board_cpn
2024-11-05 08:25:55,536 [ERROR] DbExamplesSqlite:437 - Missing JSON key: board_cpn
2024-11-05 08:25:55,537 [ERROR] DbExamplesSqlite:437 - Missing JSON key: board_cpn
2024-11-05 08:25:55,540 [INFO] DbExamplesSqlite:395 - Ignored 28 examples not supported by CubeIDE
2024-11-05 08:25:55,540 [INFO] DbExamplesSqlite:396 - Found 8617 examples active
2024-11-05 08:25:55,540 [INFO] DbExamplesSqlite:397 - Found 0 examples obsolete
2024-11-05 08:25:55,540 [INFO] DbExamplesSqlite:398 - Found 0 examples under development
2024-11-05 08:25:55,540 [INFO] DbExamplesSqlite:399 - Found 10 examples not building
2024-11-05 08:25:55,544 [INFO] DbExamples:125 - Found 8599 examples
2024-11-05 08:25:55,567 [INFO] DbExamples:222 - Found 108 boards with related examples
2024-11-05 08:25:55,569 [INFO] DbExamples:235 - Found 90 MCUs with related examples
2024-11-05 08:25:55,602 [INFO] ApiDb:423 - Load user favorites file C:\Users\lagoeirl/.stm32cubeide/favorites.examples.txt: 0 item(s)
2024-11-05 08:25:55,602 [INFO] ApiDb:427 - User favorites Examples=[]
2024-11-05 08:25:55,609 [INFO] DbExamples:250 - Set 0 / 0 favorites Examples
2024-11-05 08:25:55,846 [INFO] McuFinderGlobals:76 - Set McuFinderConnectedMode to true
2024-11-05 08:25:55,867 [INFO] MultiScanPanel:200 - Auto-refresh data requested => check proxy status ongoing
2024-11-05 08:25:55,890 [INFO] FinderPluginLoader:95 - Searching for filters in installed packs
2024-11-05 08:25:55,916 [INFO] FinderPluginLoader:108 - Found C:\Users\lagoeirl\STM32Cube\Repository\Packs\STMicroelectronics\X-CUBE-AI\9.1.0\CubeMX\plugins\ip\ai.9.1.0.jar
2024-11-05 08:25:55,916 [INFO] FinderPluginLoader:118 - Loading ai.9.1.0
2024-11-05 08:25:56,116 [INFO] McuExtendedFiltersManager:95 - Add MCU extended filter: Artificial Intelligence
2024-11-05 08:25:56,979 [INFO] AInterface:112 - AInterface using toolDir: C:/Users/lagoeirl/STM32Cube/Repository//Packs/STMicroelectronics/X-CUBE-AI/9.1.0/Utilities/windows
2024-11-05 08:25:57,567 [INFO] LoadUrlFilesThread:185 - End of LoadServerUrlFiles without Thread
2024-11-05 08:25:57,568 [INFO] DetailPanel:341 - Set advertising image to C:/Users/lagoeirl/STM32Cube/Repository/\en.prom-stm32c071-usb-memories-mcu-finder.png
2024-11-05 08:27:42,346 [INFO] MultiScanPanel:200 - Auto-refresh data requested => check proxy status ongoing
2024-11-05 08:27:42,482 [INFO] LoadUrlFilesThread:185 - End of LoadServerUrlFiles without Thread
2024-11-05 08:27:42,483 [INFO] DetailPanel:341 - Set advertising image to C:/Users/lagoeirl/STM32Cube/Repository/\en.prom-stm32c071-usb-memories-mcu-finder.png
2024-11-05 08:27:42,504 [INFO] DbBoards:642 - Loading board mini-images...
2024-11-05 08:27:44,320 [ERROR] DbBoards:659 - Image file not found for board NUCLEO-WB05KZ: C:\Users\lagoeirl\.stmcufinder\plugins\mcufinder//mcu//boards_images/NUCLEO-WB05KZ.jpg
2024-11-05 08:27:47,377 [INFO] DbBoards:665 - Loaded 200 board mini-images
2024-11-05 08:28:41,330 [INFO] MainUpdater:2873 - connection check result : 10
2024-11-05 08:28:41,330 [INFO] MainUpdater:2873 - connection check result : 10
2024-11-05 08:28:43,594 [INFO] MicroXplorer:468 - Change Database Path : 
2024-11-05 08:28:43,595 [INFO] MicroXplorer:498 - Change Database Version : DB.6.0.120
2024-11-05 08:28:43,642 [ERROR] ProjectManagerView:394 - 
java.lang.NullPointerException: Cannot invoke "javax.swing.JTextField.getText()" because the return value of "java.util.List.get(int)" is null
	at com.st.microxplorer.plugins.projectmanager.gui.ProjectChoiceTab$10.caretUpdate(ProjectChoiceTab.java:2622) ~[filemanager.jar:?]
	at javax.swing.text.JTextComponent.fireCaretUpdate(JTextComponent.java:412) ~[?:?]
	at javax.swing.text.JTextComponent$MutableCaretEvent.fire(JTextComponent.java:4491) ~[?:?]
	at javax.swing.text.JTextComponent$MutableCaretEvent.stateChanged(JTextComponent.java:4513) ~[?:?]
	at javax.swing.text.DefaultCaret.fireStateChanged(DefaultCaret.java:842) ~[?:?]
	at javax.swing.text.DefaultCaret.changeCaretPosition(DefaultCaret.java:1313) ~[?:?]
	at javax.swing.text.DefaultCaret.handleSetDot(DefaultCaret.java:1212) ~[?:?]
	at javax.swing.text.DefaultCaret.setDot(DefaultCaret.java:1193) ~[?:?]
	at javax.swing.text.DefaultCaret$Handler.insertUpdate(DefaultCaret.java:1789) ~[?:?]
	at javax.swing.text.AbstractDocument.fireInsertUpdate(AbstractDocument.java:226) ~[?:?]
	at javax.swing.text.AbstractDocument.handleInsertString(AbstractDocument.java:780) ~[?:?]
	at javax.swing.text.AbstractDocument.insertString(AbstractDocument.java:739) ~[?:?]
	at javax.swing.text.PlainDocument.insertString(PlainDocument.java:131) ~[?:?]
	at javax.swing.text.AbstractDocument.replace(AbstractDocument.java:698) ~[?:?]
	at javax.swing.text.JTextComponent.setText(JTextComponent.java:1729) ~[?:?]
	at com.st.microxplorer.plugins.projectmanager.gui.ProjectChoiceTab.createHeapStackFields(ProjectChoiceTab.java:972) ~[filemanager.jar:?]
	at com.st.microxplorer.plugins.projectmanager.gui.ProjectChoiceTab.buildLinkSettingsPanel(ProjectChoiceTab.java:3597) ~[filemanager.jar:?]
	at com.st.microxplorer.plugins.projectmanager.gui.ProjectChoiceTab.defineWindowsFields(ProjectChoiceTab.java:1940) ~[filemanager.jar:?]
	at com.st.microxplorer.plugins.projectmanager.gui.ProjectChoiceTab.updateSettings(ProjectChoiceTab.java:550) ~[filemanager.jar:?]
	at com.st.microxplorer.plugins.projectmanager.gui.ProjectSettingsPanel.UpdateDialog(ProjectSettingsPanel.java:245) ~[filemanager.jar:?]
	at com.st.microxplorer.plugins.projectmanager.ProjectManagerView.propertyChange(ProjectManagerView.java:391) ~[filemanager.jar:?]
	at java.beans.PropertyChangeSupport.fire(PropertyChangeSupport.java:343) ~[?:?]
	at java.beans.PropertyChangeSupport.firePropertyChange(PropertyChangeSupport.java:335) ~[?:?]
	at java.beans.PropertyChangeSupport.firePropertyChange(PropertyChangeSupport.java:268) ~[?:?]
	at com.st.microxplorer.util.MXPropertyChangeSupport.firePropertyChange(MXPropertyChangeSupport.java:54) ~[STM32CubeMX.jar:?]
	at com.st.microxplorer.mxsystem.MxSystem.closeConfig(MxSystem.java:900) ~[STM32CubeMX.jar:?]
	at com.st.microxplorer.maingui.MainPanel.closeConfig(MainPanel.java:781) ~[STM32CubeMX.jar:?]
	at com.st.microxplorer.plugins.filemanager.engine.OpenFileManager.loadConfigurationFile(OpenFileManager.java:265) ~[filemanager.jar:?]
	at com.st.microxplorer.plugins.filemanager.engine.MainFileManager.userLoadConfig(MainFileManager.java:352) ~[filemanager.jar:?]
	at com.st.microxplorer.plugins.filemanager.FileManagerView.getSpecificTask(FileManagerView.java:250) ~[filemanager.jar:?]
	at com.st.stm32cube.common.mx.editor.CubeMxEditor.getMxTabbedPaneInstance(CubeMxEditor.java:1191) ~[com.st.stm32cube.common.mx_6.12.0.202406281431/:?]
	at com.st.stm32cube.common.mx.editor.CubeMxEditor$12$1.createSwingComponent(CubeMxEditor.java:1068) ~[com.st.stm32cube.common.mx_6.12.0.202406281431/:?]
	at com.st.stm32cube.common.mx.oss.core.awtswtbridge.EmbeddedSwingComposite.doComponentCreation(EmbeddedSwingComposite.java:492) ~[com.st.stm32cube.common.mx.oss_6.12.0.202406281431/:?]
	at com.st.stm32cube.common.mx.oss.core.awtswtbridge.EmbeddedSwingComposite$4.run(EmbeddedSwingComposite.java:291) ~[com.st.stm32cube.common.mx.oss_6.12.0.202406281431/:?]
	at com.st.stm32cube.common.mx.oss.core.awtswtbridge.AwtEnvironment$2.run(AwtEnvironment.java:166) ~[com.st.stm32cube.common.mx.oss_6.12.0.202406281431/:?]
	at java.awt.event.InvocationEvent.dispatch(InvocationEvent.java:318) ~[?:?]
	at java.awt.EventQueue.dispatchEventImpl(EventQueue.java:773) ~[?:?]
	at java.awt.EventQueue$4.run(EventQueue.java:720) ~[?:?]
	at java.awt.EventQueue$4.run(EventQueue.java:714) ~[?:?]
	at java.security.AccessController.doPrivileged(AccessController.java:399) ~[?:?]
	at java.security.ProtectionDomain$JavaSecurityAccessImpl.doIntersectionPrivilege(ProtectionDomain.java:86) ~[?:?]
	at java.awt.EventQueue.dispatchEvent(EventQueue.java:742) ~[?:?]
	at java.awt.EventDispatchThread.pumpOneEventForFilters(EventDispatchThread.java:203) ~[?:?]
	at java.awt.EventDispatchThread.pumpEventsForFilter(EventDispatchThread.java:124) ~[?:?]
	at java.awt.EventDispatchThread.pumpEventsForHierarchy(EventDispatchThread.java:113) ~[?:?]
	at java.awt.EventDispatchThread.pumpEvents(EventDispatchThread.java:109) ~[?:?]
	at java.awt.EventDispatchThread.pumpEvents(EventDispatchThread.java:101) ~[?:?]
	at java.awt.EventDispatchThread.run(EventDispatchThread.java:90) ~[?:?]
2024-11-05 08:28:43,671 [WARN] ThirdParty:871 - waiting for thirdparty lock release [close project]
2024-11-05 08:28:43,671 [INFO] ThirdParty:873 - entering critical section [close project]
2024-11-05 08:28:43,671 [INFO] ThirdParty:883 - exiting critical section [close project]
2024-11-05 08:28:43,674 [INFO] PinOutPanel:1561 - setPackage(No Configuration,No Configuration)
2024-11-05 08:28:43,690 [INFO] UtilMem:75 - Begin LoadConfig() Used Memory: 654582960 Bytes (1073741824)
2024-11-05 08:28:43,691 [INFO] OpenFileManager:332 - Change cursor
2024-11-05 08:28:43,727 [INFO] RulesReader:64 - Compatibility file has been processed (297 Rules)
2024-11-05 08:28:43,752 [INFO] Mcu:2032 - Initializing MCU STM32L4R5Z(G-I)Tx STM32L4R5ZITx STM32L4R5ZIT6
2024-11-05 08:28:47,596 [INFO] Context:742 - Trying to add GPIOservice into a context  which must be forbidden
2024-11-05 08:28:49,357 [INFO] RtosManager:555 - Registered RTOS mode: class=CMSIS, group=RTOS, mode=CMSIS_V1, owner=FREERTOS
2024-11-05 08:28:49,359 [INFO] RtosManager:555 - Registered RTOS mode: class=CMSIS, group=RTOS2, mode=CMSIS_V2, owner=FREERTOS
2024-11-05 08:28:49,359 [INFO] RtosManager:555 - Registered RTOS mode: class=RTOS, group=Core, mode=CMSIS_V1, owner=FREERTOS
2024-11-05 08:28:49,359 [INFO] RtosManager:555 - Registered RTOS mode: class=RTOS, group=Core, mode=CMSIS_V2, owner=FREERTOS
2024-11-05 08:28:49,359 [WARN] ModelIntegratedComponent:184 - Missing modes for component STMicroelectronics:FreeRTOS:0.0.1:STMicroelectronics:RTOS:FreeRTOS:Core:::10.2.0:
2024-11-05 08:28:49,366 [WARN] ModelIntegratedComponent:63 - No mode defined for component null
2024-11-05 08:28:49,367 [WARN] ModelIntegratedComponent:63 - No mode defined for component null
2024-11-05 08:28:49,367 [WARN] ModelIntegratedComponent:63 - No mode defined for component null
2024-11-05 08:28:49,367 [WARN] ModelIntegratedComponent:63 - No mode defined for component null
2024-11-05 08:28:49,367 [WARN] ModelIntegratedComponent:63 - No mode defined for component null
2024-11-05 08:28:49,367 [WARN] ModelIntegratedComponent:63 - No mode defined for component null
2024-11-05 08:28:49,367 [WARN] ModelIntegratedComponent:63 - No mode defined for component null
2024-11-05 08:28:49,367 [WARN] ModelIntegratedComponent:63 - No mode defined for component null
2024-11-05 08:28:49,367 [WARN] ModelIntegratedComponent:63 - No mode defined for component null
2024-11-05 08:28:49,367 [WARN] ModelIntegratedComponent:63 - No mode defined for component null
2024-11-05 08:28:49,367 [WARN] ModelIntegratedComponent:63 - No mode defined for component null
2024-11-05 08:28:49,367 [WARN] ModelIntegratedComponent:63 - No mode defined for component null
2024-11-05 08:28:49,367 [WARN] ModelIntegratedComponent:63 - No mode defined for component null
2024-11-05 08:28:49,367 [WARN] ModelIntegratedComponent:63 - No mode defined for component null
2024-11-05 08:28:49,367 [WARN] ModelIntegratedComponent:63 - No mode defined for component null
2024-11-05 08:28:49,367 [WARN] ModelIntegratedComponent:63 - No mode defined for component null
2024-11-05 08:28:49,367 [WARN] ModelIntegratedComponent:63 - No mode defined for component null
2024-11-05 08:28:49,367 [WARN] ModelIntegratedComponent:63 - No mode defined for component null
2024-11-05 08:28:49,367 [WARN] ModelIntegratedComponent:63 - No mode defined for component null
2024-11-05 08:28:49,367 [WARN] ModelIntegratedComponent:63 - No mode defined for component null
2024-11-05 08:28:49,367 [WARN] ModelIntegratedComponent:63 - No mode defined for component null
2024-11-05 08:28:49,367 [WARN] ModelIntegratedComponent:63 - No mode defined for component null
2024-11-05 08:28:49,367 [WARN] ModelIntegratedComponent:63 - No mode defined for component null
2024-11-05 08:28:49,367 [WARN] ModelIntegratedComponent:63 - No mode defined for component null
2024-11-05 08:28:49,367 [WARN] ModelIntegratedComponent:63 - No mode defined for component null
2024-11-05 08:28:49,367 [WARN] ModelIntegratedComponent:63 - No mode defined for component null
2024-11-05 08:28:49,367 [WARN] ModelIntegratedComponent:63 - No mode defined for component null
2024-11-05 08:28:49,367 [WARN] ModelIntegratedComponent:63 - No mode defined for component null
2024-11-05 08:28:49,367 [WARN] ModelIntegratedComponent:63 - No mode defined for component null
2024-11-05 08:28:49,367 [WARN] ModelIntegratedComponent:63 - No mode defined for component null
2024-11-05 08:28:49,367 [WARN] ModelIntegratedComponent:63 - No mode defined for component null
2024-11-05 08:28:49,367 [WARN] ModelIntegratedComponent:63 - No mode defined for component null
2024-11-05 08:28:49,367 [WARN] ModelIntegratedComponent:63 - No mode defined for component null
2024-11-05 08:28:49,367 [WARN] ModelIntegratedComponent:63 - No mode defined for component null
2024-11-05 08:28:49,367 [WARN] ModelIntegratedComponent:63 - No mode defined for component null
2024-11-05 08:28:49,367 [WARN] ModelPack:524 - Component already loaded: STMicroelectronics:HAL Drivers:0.0.0:STMicroelectronics:Device:STMicro_Driver:XSPI:HAL::0.0.1:HAL_XSPI
2024-11-05 08:28:49,465 [INFO] ThirdPartyModel:298 - Start build external matchings
2024-11-05 08:28:50,195 [INFO] ThirdPartyModel:316 - End build external matchings
2024-11-05 08:28:50,211 [INFO] ImportTextPane:205 - (OptionalMessage_ERROR) IP (RCC) : Invalid parameter (48MHZClocksFreq_Value)
2024-11-05 08:28:50,211 [INFO] ImportTextPane:205 - (OptionalMessage_ERROR) IP (RCC) : Invalid parameter (ADC12outputFreq_Value)
2024-11-05 08:28:50,211 [INFO] ImportTextPane:205 - (OptionalMessage_ERROR) IP (RCC) : Invalid parameter (ADC34outputFreq_Value)
2024-11-05 08:28:50,212 [INFO] ImportTextPane:205 - (OptionalMessage_ERROR) IP (RCC) : Invalid parameter (DFSDM2Freq_Value)
2024-11-05 08:28:50,212 [INFO] ImportTextPane:205 - (OptionalMessage_ERROR) IP (RCC) : Invalid parameter (EthernetFreq_Value)
2024-11-05 08:28:50,212 [INFO] ImportTextPane:205 - (OptionalMessage_ERROR) IP (RCC) : Invalid parameter (FMPI2C1Freq_Value)
2024-11-05 08:28:50,212 [INFO] ImportTextPane:205 - (OptionalMessage_ERROR) IP (RCC) : Invalid parameter (FamilyName)
2024-11-05 08:28:50,212 [INFO] ImportTextPane:205 - (OptionalMessage_ERROR) IP (RCC) : Invalid parameter (I2S1Freq_Value)
2024-11-05 08:28:50,212 [INFO] ImportTextPane:205 - (OptionalMessage_ERROR) IP (RCC) : Invalid parameter (I2S2Freq_Value)
2024-11-05 08:28:50,212 [INFO] ImportTextPane:205 - (OptionalMessage_ERROR) IP (RCC) : Invalid parameter (I2SClocksFreq_Value)
2024-11-05 08:28:50,212 [INFO] ImportTextPane:205 - (OptionalMessage_ERROR) IP (RCC) : Invalid parameter (LPTimerFreq_Value)
2024-11-05 08:28:50,212 [INFO] ImportTextPane:205 - (OptionalMessage_ERROR) IP (RCC) : Invalid parameter (MCO2PinFreq_Value)
2024-11-05 08:28:50,212 [INFO] ImportTextPane:205 - (OptionalMessage_ERROR) IP (RCC) : Invalid parameter (MCOFreq_Value)
2024-11-05 08:28:50,212 [INFO] ImportTextPane:205 - (OptionalMessage_ERROR) IP (RCC) : Invalid parameter (PLLCLKFreq_Value)
2024-11-05 08:28:50,212 [INFO] ImportTextPane:205 - (OptionalMessage_ERROR) IP (RCC) : Parameter (PLLDSIVCOFreq_Value) has invalid value (320000000)
2024-11-05 08:28:50,212 [INFO] ImportTextPane:205 - (OptionalMessage_ERROR) IP (RCC) : Invalid parameter (PLLI2SPCLKFreq_Value)
2024-11-05 08:28:50,212 [INFO] ImportTextPane:205 - (OptionalMessage_ERROR) IP (RCC) : Invalid parameter (PLLI2SQCLKFreq_Value)
2024-11-05 08:28:50,212 [INFO] ImportTextPane:205 - (OptionalMessage_ERROR) IP (RCC) : Invalid parameter (PLLI2SQoutputFreq_Value)
2024-11-05 08:28:50,212 [INFO] ImportTextPane:205 - (OptionalMessage_ERROR) IP (RCC) : Invalid parameter (PLLI2SRCLKFreq_Value)
2024-11-05 08:28:50,212 [INFO] ImportTextPane:205 - (OptionalMessage_ERROR) IP (RCC) : Invalid parameter (PLLI2SoutputFreq_Value)
2024-11-05 08:28:50,212 [INFO] ImportTextPane:205 - (OptionalMessage_ERROR) IP (RCC) : Invalid parameter (PLLMCOFreq_Value)
2024-11-05 08:28:50,212 [INFO] ImportTextPane:205 - (OptionalMessage_ERROR) IP (RCC) : Invalid parameter (PLLMUL)
2024-11-05 08:28:50,212 [INFO] ImportTextPane:205 - (OptionalMessage_ERROR) IP (RCC) : Invalid parameter (PLLQCLKFreq_Value)
2024-11-05 08:28:50,212 [INFO] ImportTextPane:205 - (OptionalMessage_ERROR) IP (RCC) : Invalid parameter (PLLRoutputFreq_Value)
2024-11-05 08:28:50,213 [INFO] ImportTextPane:205 - (OptionalMessage_ERROR) IP (RCC) : Invalid parameter (PRESCALERUSB)
2024-11-05 08:28:50,213 [INFO] ImportTextPane:205 - (OptionalMessage_ERROR) IP (RCC) : Invalid parameter (RTCHSEDivFreq_Value)
2024-11-05 08:28:50,213 [INFO] ImportTextPane:205 - (OptionalMessage_ERROR) IP (RCC) : Invalid parameter (SAI1AFreq_Value)
2024-11-05 08:28:50,213 [INFO] ImportTextPane:205 - (OptionalMessage_ERROR) IP (RCC) : Invalid parameter (SAI1BFreq_Value)
2024-11-05 08:28:50,213 [INFO] ImportTextPane:205 - (OptionalMessage_ERROR) IP (RCC) : Invalid parameter (SDIOFreq_Value)
2024-11-05 08:28:50,213 [INFO] ImportTextPane:205 - (OptionalMessage_ERROR) IP (RCC) : Invalid parameter (SYSCLKSourceVirtual)
2024-11-05 08:28:50,213 [INFO] ImportTextPane:205 - (OptionalMessage_ERROR) IP (RCC) : Invalid parameter (TIM15Freq_Value)
2024-11-05 08:28:50,213 [INFO] ImportTextPane:205 - (OptionalMessage_ERROR) IP (RCC) : Invalid parameter (TIM16Freq_Value)
2024-11-05 08:28:50,213 [INFO] ImportTextPane:205 - (OptionalMessage_ERROR) IP (RCC) : Invalid parameter (TIM17Freq_Value)
2024-11-05 08:28:50,213 [INFO] ImportTextPane:205 - (OptionalMessage_ERROR) IP (RCC) : Invalid parameter (TIM1Freq_Value)
2024-11-05 08:28:50,213 [INFO] ImportTextPane:205 - (OptionalMessage_ERROR) IP (RCC) : Invalid parameter (TIM20Freq_Value)
2024-11-05 08:28:50,213 [INFO] ImportTextPane:205 - (OptionalMessage_ERROR) IP (RCC) : Invalid parameter (TIM2Freq_Value)
2024-11-05 08:28:50,213 [INFO] ImportTextPane:205 - (OptionalMessage_ERROR) IP (RCC) : Invalid parameter (TIM3Freq_Value)
2024-11-05 08:28:50,213 [INFO] ImportTextPane:205 - (OptionalMessage_ERROR) IP (RCC) : Invalid parameter (TIM8Freq_Value)
2024-11-05 08:28:50,213 [INFO] ImportTextPane:205 - (OptionalMessage_ERROR) IP (RCC) : Invalid parameter (VCOI2SInputFreq_Value)
2024-11-05 08:28:50,213 [INFO] ImportTextPane:205 - (OptionalMessage_ERROR) IP (RCC) : Invalid parameter (VCOI2SOutputFreq_Value)
2024-11-05 08:28:50,213 [INFO] ImportTextPane:205 - (OptionalMessage_ERROR) IP (RCC) : Invalid parameter (VCOInputMFreq_Value)
2024-11-05 08:28:50,213 [INFO] ImportTextPane:205 - (OptionalMessage_ERROR) IP (RCC) : Invalid parameter (VCOOutput2Freq_Value)
2024-11-05 08:28:50,213 [INFO] ImportTextPane:205 - (OptionalMessage_ERROR) IP (RCC) : Invalid parameter (VcooutputI2S)
2024-11-05 08:28:50,682 [INFO] UtilMem:75 - End LoadConfig() Used Memory: 850755072 Bytes (1073741824)
2024-11-05 08:28:50,935 [WARN] ThirdParty:833 - waiting for thirdparty lock release [change project]
2024-11-05 08:28:50,936 [INFO] ThirdParty:835 - entering critical section [change project]
2024-11-05 08:28:50,936 [INFO] ThirdParty:1030 - CMSIS Pack Vendor :STMicroelectronics USBPD 4.1
2024-11-05 08:28:50,936 [INFO] ThirdParty:1030 - CMSIS Pack Vendor :STMicroelectronics X-CUBE-AZRTOS-H7 3.3.0
2024-11-05 08:28:50,936 [INFO] ThirdParty:1030 - CMSIS Pack Vendor :STMicroelectronics X-CUBE-NFC9 1.0.0
2024-11-05 08:28:50,936 [INFO] ThirdParty:1030 - CMSIS Pack Vendor :STMicroelectronics X-CUBE-GNSS1 6.0.0
2024-11-05 08:28:50,936 [INFO] ThirdParty:1030 - CMSIS Pack Vendor :STMicroelectronics USB_HOST 2.0.0
2024-11-05 08:28:50,936 [INFO] ThirdParty:1030 - CMSIS Pack Vendor :STMicroelectronics FP-SNS-MOTENVWB1 1.4.0
2024-11-05 08:28:50,937 [INFO] ThirdParty:1030 - CMSIS Pack Vendor :STMicroelectronics X-CUBE-AZRTOS-F4 1.1.0
2024-11-05 08:28:50,937 [INFO] ThirdParty:1030 - CMSIS Pack Vendor :STMicroelectronics LIBJPEG 8.0.0
2024-11-05 08:28:50,937 [INFO] ThirdParty:1030 - CMSIS Pack Vendor :STMicroelectronics X-CUBE-SMBUS 2.1.0
2024-11-05 08:28:50,937 [INFO] ThirdParty:1030 - CMSIS Pack Vendor :STMicroelectronics X-CUBE-WB05N 1.1.0
2024-11-05 08:28:50,937 [INFO] ThirdParty:1030 - CMSIS Pack Vendor :STMicroelectronics USB_DEVICE 3.0.0
2024-11-05 08:28:50,937 [INFO] ThirdParty:1030 - CMSIS Pack Vendor :STMicroelectronics X-CUBE-TCPP 4.1.0
2024-11-05 08:28:50,937 [INFO] ThirdParty:1030 - CMSIS Pack Vendor :STMicroelectronics X-CUBE-ISPU 2.1.0
2024-11-05 08:28:50,937 [INFO] ThirdParty:1030 - CMSIS Pack Vendor :STMicroelectronics X-CUBE-FREERTOS 1.2.0
2024-11-05 08:28:50,937 [INFO] ThirdParty:1030 - CMSIS Pack Vendor :STMicroelectronics X-CUBE-IPS 3.0.0
2024-11-05 08:28:50,937 [INFO] ThirdParty:1030 - CMSIS Pack Vendor :STMicroelectronics X-CUBE-AZRTOS-WB 2.0.0
2024-11-05 08:28:50,937 [INFO] ThirdParty:1030 - CMSIS Pack Vendor :STMicroelectronics X-CUBE-GNSS1 7.0.0
2024-11-05 08:28:50,937 [INFO] ThirdParty:1030 - CMSIS Pack Vendor :STMicroelectronics X-CUBE-AZRTOS-F7 1.1.0
2024-11-05 08:28:50,937 [INFO] ThirdParty:1030 - CMSIS Pack Vendor :STMicroelectronics X-CUBE-AZRTOS-L5 2.0.0
2024-11-05 08:28:50,937 [INFO] ThirdParty:1030 - CMSIS Pack Vendor :STMicroelectronics USB_DEVICE 2.0.0
2024-11-05 08:28:50,937 [INFO] ThirdParty:1030 - CMSIS Pack Vendor :STMicroelectronics X-CUBE-NFC6 3.1.0
2024-11-05 08:28:50,937 [INFO] ThirdParty:1030 - CMSIS Pack Vendor :STMicroelectronics FP-SNS-STBOX1 2.0.0
2024-11-05 08:28:50,937 [INFO] ThirdParty:1030 - CMSIS Pack Vendor :STMicroelectronics X-CUBE-MEMS1 11.0.0
2024-11-05 08:28:50,937 [INFO] ThirdParty:1030 - CMSIS Pack Vendor :STMicroelectronics FreeRTOS 0.0.1
2024-11-05 08:28:50,937 [INFO] ThirdParty:1030 - CMSIS Pack Vendor :STMicroelectronics X-CUBE-AZRTOS-G0 1.1.0
2024-11-05 08:28:50,937 [INFO] ThirdParty:1030 - CMSIS Pack Vendor :STMicroelectronics X-CUBE-SAFEA1 1.2.2
2024-11-05 08:28:50,937 [INFO] ThirdParty:1030 - CMSIS Pack Vendor :STMicroelectronics X-CUBE-NFC4 3.0.0
2024-11-05 08:28:50,937 [INFO] ThirdParty:1030 - CMSIS Pack Vendor :STMicroelectronics X-CUBE-DPower 1.2.0
2024-11-05 08:28:50,937 [INFO] ThirdParty:1030 - CMSIS Pack Vendor :STMicroelectronics X-CUBE-SUBG2 5.0.0
2024-11-05 08:28:50,937 [INFO] ThirdParty:1030 - CMSIS Pack Vendor :STMicroelectronics STM32_WPAN 1.0.0
2024-11-05 08:28:50,937 [INFO] ThirdParty:1030 - CMSIS Pack Vendor :EmbeddedOffice I-CUBE-FS-RTOS 1.0.1
2024-11-05 08:28:50,937 [INFO] ThirdParty:1030 - CMSIS Pack Vendor :STMicroelectronics lwIP 2.0.3
2024-11-05 08:28:50,937 [INFO] ThirdParty:1030 - CMSIS Pack Vendor :STMicroelectronics FP-SNS-FLIGHT1 5.0.2
2024-11-05 08:28:50,937 [INFO] ThirdParty:1030 - CMSIS Pack Vendor :Cesanta I-CUBE-Mongoose 7.13.0
2024-11-05 08:28:50,937 [INFO] ThirdParty:1030 - CMSIS Pack Vendor :STMicroelectronics USB_HOST 1.0.0
2024-11-05 08:28:50,937 [INFO] ThirdParty:1030 - CMSIS Pack Vendor :STMicroelectronics X-CUBE-AI 9.0.0
2024-11-05 08:28:50,937 [INFO] ThirdParty:1030 - CMSIS Pack Vendor :STMicroelectronics X-CUBE-AZRTOS-G4 2.0.0
2024-11-05 08:28:50,937 [INFO] ThirdParty:1030 - CMSIS Pack Vendor :STMicroelectronics PDM2PCM 3.1.0
2024-11-05 08:28:50,938 [INFO] ThirdParty:1030 - CMSIS Pack Vendor :STMicroelectronics PDM2PCM 3.3.0
2024-11-05 08:28:50,938 [INFO] ThirdParty:1030 - CMSIS Pack Vendor :STMicroelectronics X-CUBE-DISPLAY 3.0.0
2024-11-05 08:28:50,938 [INFO] ThirdParty:1030 - CMSIS Pack Vendor :RealThread X-CUBE-RT-Thread_Nano 4.1.1
2024-11-05 08:28:50,938 [INFO] ThirdParty:1030 - CMSIS Pack Vendor :STMicroelectronics X-CUBE-BLE1 7.0.0
2024-11-05 08:28:50,938 [INFO] ThirdParty:1030 - CMSIS Pack Vendor :STMicroelectronics FP-ATR-SIGFOX1 3.2.0
2024-11-05 08:28:50,938 [INFO] ThirdParty:1030 - CMSIS Pack Vendor :STMicroelectronics X-CUBE-NFC10 1.0.0
2024-11-05 08:28:50,938 [INFO] ThirdParty:1030 - CMSIS Pack Vendor :wolfSSL I-CUBE-wolfSSL 5.7.2
2024-11-05 08:28:50,938 [INFO] ThirdParty:1030 - CMSIS Pack Vendor :STMicroelectronics X-CUBE-ISPU 2.0.0
2024-11-05 08:28:50,938 [INFO] ThirdParty:1030 - CMSIS Pack Vendor :STMicroelectronics X-CUBE-EEPRMA1 5.1.0
2024-11-05 08:28:50,938 [INFO] ThirdParty:1030 - CMSIS Pack Vendor :STMicroelectronics HAL Drivers 0.0.0
2024-11-05 08:28:50,938 [INFO] ThirdParty:1030 - CMSIS Pack Vendor :STMicroelectronics MBEDTLS 2.16.2
2024-11-05 08:28:50,938 [INFO] ThirdParty:1030 - CMSIS Pack Vendor :STMicroelectronics X-CUBE-ALS 1.0.2
2024-11-05 08:28:50,938 [INFO] ThirdParty:1030 - CMSIS Pack Vendor :emotas I-CUBE-CANOPEN 1.3.0
2024-11-05 08:28:50,938 [INFO] ThirdParty:1030 - CMSIS Pack Vendor :STMicroelectronics X-CUBE-MEMS1 10.0.0
2024-11-05 08:28:50,938 [INFO] ThirdParty:1030 - CMSIS Pack Vendor :STMicroelectronics X-CUBE-NFC7 1.0.1
2024-11-05 08:28:50,938 [INFO] ThirdParty:1030 - CMSIS Pack Vendor :STMicroelectronics MBEDTLS 2.14.1
2024-11-05 08:28:50,938 [INFO] ThirdParty:1030 - CMSIS Pack Vendor :STMicroelectronics X-CUBE-TOUCHGFX 4.24.0
2024-11-05 08:28:50,938 [INFO] ThirdParty:1030 - CMSIS Pack Vendor :ITTIA_DB I-CUBE-ITTIADB 8.9.0
2024-11-05 08:28:50,938 [INFO] ThirdParty:1030 - CMSIS Pack Vendor :wolfSSL I-CUBE-wolfTPM 3.2.0
2024-11-05 08:28:50,938 [INFO] ThirdParty:1030 - CMSIS Pack Vendor :STMicroelectronics X-CUBE-TOUCHGFX 4.24.1
2024-11-05 08:28:50,938 [INFO] ThirdParty:1030 - CMSIS Pack Vendor :wolfSSL I-CUBE-wolfTPM 3.4.0
2024-11-05 08:28:50,938 [INFO] ThirdParty:1030 - CMSIS Pack Vendor :portGmbH I-Cube-SoM-uGOAL 1.1.0
2024-11-05 08:28:50,938 [INFO] ThirdParty:1030 - CMSIS Pack Vendor :STMicroelectronics X-CUBE-BLEMGR 3.1.0
2024-11-05 08:28:50,938 [INFO] ThirdParty:1030 - CMSIS Pack Vendor :STMicroelectronics ThreadX 1.0.0
2024-11-05 08:28:50,938 [INFO] ThirdParty:1030 - CMSIS Pack Vendor :STMicroelectronics FP-SNS-SMARTAG2 1.2.0
2024-11-05 08:28:50,938 [INFO] ThirdParty:1030 - CMSIS Pack Vendor :STMicroelectronics X-CUBE-AZRTOS-WL 2.0.0
2024-11-05 08:28:50,938 [INFO] ThirdParty:1030 - CMSIS Pack Vendor :SEGGER I-CUBE-embOS 1.3.1
2024-11-05 08:28:50,938 [INFO] ThirdParty:1030 - CMSIS Pack Vendor :STMicroelectronics X-CUBE-ALGOBUILD 1.4.0
2024-11-05 08:28:50,938 [INFO] ThirdParty:1030 - CMSIS Pack Vendor :STMicroelectronics FP-SNS-MOTENV1 5.0.0
2024-11-05 08:28:50,938 [INFO] ThirdParty:1030 - CMSIS Pack Vendor :STMicroelectronics USB_DEVICE 1.0.0
2024-11-05 08:28:50,938 [INFO] ThirdParty:1030 - CMSIS Pack Vendor :STMicroelectronics X-CUBE-AZRTOS-H7RS 1.0.0
2024-11-05 08:28:50,938 [INFO] ThirdParty:1030 - CMSIS Pack Vendor :wolfSSL I-CUBE-wolfMQTT 1.19.0
2024-11-05 08:28:50,938 [INFO] ThirdParty:1030 - CMSIS Pack Vendor :STMicroelectronics X-CUBE-AZRTOS-L4 2.0.0
2024-11-05 08:28:50,938 [INFO] ThirdParty:1030 - CMSIS Pack Vendor :STMicroelectronics ThreadX 0.0.2
2024-11-05 08:28:50,938 [INFO] ThirdParty:1030 - CMSIS Pack Vendor :WES I-CUBE-Cesium 1.3.0
2024-11-05 08:28:50,938 [INFO] ThirdParty:1030 - CMSIS Pack Vendor :STMicroelectronics FP-ATR-ASTRA1 2.0.0
2024-11-05 08:28:50,938 [INFO] ThirdParty:1030 - CMSIS Pack Vendor :STMicroelectronics lwIP 2.1.2
2024-11-05 08:28:50,938 [INFO] ThirdParty:1030 - CMSIS Pack Vendor :STMicroelectronics X-CUBE-SFXS2LP1 4.0.0
2024-11-05 08:28:50,938 [INFO] ThirdParty:1030 - CMSIS Pack Vendor :STMicroelectronics X-CUBE-BLE2 3.3.0
2024-11-05 08:28:50,938 [INFO] ThirdParty:1030 - CMSIS Pack Vendor :STMicroelectronics X-CUBE-TOF1 3.4.2
2024-11-05 08:28:50,938 [INFO] ThirdParty:1030 - CMSIS Pack Vendor :STMicroelectronics X-CUBE-AI 9.1.0
2024-11-05 08:28:50,938 [INFO] ThirdParty:1030 - CMSIS Pack Vendor :Infineon AIROC-Wi-Fi-Bluetooth-STM32 1.6.1
2024-11-05 08:28:50,938 [INFO] ThirdParty:1030 - CMSIS Pack Vendor :STMicroelectronics X-CUBE-AZRTOS-H7 3.2.0
2024-11-05 08:28:50,938 [INFO] ThirdParty:1030 - CMSIS Pack Vendor :STMicroelectronics PDM2PCM 3.2.0
2024-11-05 08:28:50,938 [INFO] ThirdParty:1030 - CMSIS Pack Vendor :wolfSSL I-CUBE-wolfSSH 1.4.17
2024-11-05 08:28:50,939 [INFO] ThirdParty:841 - exiting critical section [change project]
2024-11-05 08:28:51,274 [INFO] PinOutPanel:1561 - setPackage(No Configuration,No Configuration)
2024-11-05 08:28:51,277 [INFO] PinOutPanel:1561 - setPackage(STM32L4R5ZITx,LQFP144)
2024-11-05 08:28:52,029 [INFO] UtilMem:75 - Before build in PCC Used Memory: 890518648 Bytes (1073741824)
2024-11-05 08:28:52,740 [INFO] UtilMem:75 - After build in PCC Used Memory: 693117696 Bytes (1073741824)
2024-11-05 08:28:52,791 [INFO] IPUIPlugin:80 - create IPUIPlugin
2024-11-05 08:28:52,791 [INFO] IPUIPlugin:80 - create IPUIPlugin
2024-11-05 08:28:52,791 [INFO] IPUIPlugin:80 - create IPUIPlugin
2024-11-05 08:28:52,791 [INFO] IPUIPlugin:80 - create IPUIPlugin
2024-11-05 08:28:52,791 [INFO] IPUIPlugin:80 - create IPUIPlugin
2024-11-05 08:28:52,791 [INFO] IPUIPlugin:80 - create IPUIPlugin
2024-11-05 08:28:52,791 [INFO] IPUIPlugin:80 - create IPUIPlugin
2024-11-05 08:28:52,791 [INFO] IPUIPlugin:80 - create IPUIPlugin
2024-11-05 08:28:52,791 [INFO] IPUIPlugin:80 - create IPUIPlugin
2024-11-05 08:28:52,791 [INFO] IPUIPlugin:80 - create IPUIPlugin
2024-11-05 08:28:52,791 [INFO] IPUIPlugin:80 - create IPUIPlugin
2024-11-05 08:28:52,791 [INFO] IPUIPlugin:80 - create IPUIPlugin
2024-11-05 08:28:52,792 [INFO] IPUIPlugin:80 - create IPUIPlugin
2024-11-05 08:28:52,792 [INFO] IPUIPlugin:80 - create IPUIPlugin
2024-11-05 08:28:52,792 [INFO] IPUIPlugin:80 - create IPUIPlugin
2024-11-05 08:28:52,792 [INFO] IPUIPlugin:80 - create IPUIPlugin
2024-11-05 08:28:52,792 [INFO] IPUIPlugin:80 - create IPUIPlugin
2024-11-05 08:28:52,792 [INFO] IPUIPlugin:80 - create IPUIPlugin
2024-11-05 08:28:52,792 [INFO] IPUIPlugin:80 - create IPUIPlugin
2024-11-05 08:28:52,794 [INFO] IPUIPlugin:80 - create IPUIPlugin
2024-11-05 08:28:52,794 [INFO] IPUIPlugin:80 - create IPUIPlugin
2024-11-05 08:28:52,794 [INFO] IPUIPlugin:80 - create IPUIPlugin
2024-11-05 08:28:52,794 [INFO] IPUIPlugin:80 - create IPUIPlugin
2024-11-05 08:28:52,794 [INFO] IPUIPlugin:80 - create IPUIPlugin
2024-11-05 08:28:52,794 [INFO] IPUIPlugin:80 - create IPUIPlugin
2024-11-05 08:28:52,794 [INFO] IPUIPlugin:80 - create IPUIPlugin
2024-11-05 08:28:52,794 [INFO] IPUIPlugin:80 - create IPUIPlugin
2024-11-05 08:28:52,795 [INFO] IPUIPlugin:80 - create IPUIPlugin
2024-11-05 08:28:52,795 [INFO] IPUIPlugin:80 - create IPUIPlugin
2024-11-05 08:28:52,795 [INFO] IPUIPlugin:80 - create IPUIPlugin
2024-11-05 08:28:52,795 [INFO] IPUIPlugin:80 - create IPUIPlugin
2024-11-05 08:28:52,795 [INFO] IPUIPlugin:80 - create IPUIPlugin
2024-11-05 08:28:52,795 [INFO] IPUIPlugin:80 - create IPUIPlugin
2024-11-05 08:28:52,795 [INFO] IPUIPlugin:80 - create IPUIPlugin
2024-11-05 08:28:52,795 [INFO] IPUIPlugin:80 - create IPUIPlugin
2024-11-05 08:28:52,796 [INFO] IPUIPlugin:80 - create IPUIPlugin
2024-11-05 08:28:52,796 [INFO] IPUIPlugin:80 - create IPUIPlugin
2024-11-05 08:28:52,796 [INFO] IPUIPlugin:80 - create IPUIPlugin
2024-11-05 08:28:52,798 [INFO] IPUIPlugin:80 - create IPUIPlugin
2024-11-05 08:28:52,798 [INFO] IPUIPlugin:80 - create IPUIPlugin
2024-11-05 08:28:52,798 [INFO] IPUIPlugin:80 - create IPUIPlugin
2024-11-05 08:28:52,798 [INFO] IPUIPlugin:80 - create IPUIPlugin
2024-11-05 08:28:52,798 [INFO] IPUIPlugin:80 - create IPUIPlugin
2024-11-05 08:28:52,799 [INFO] IPUIPlugin:80 - create IPUIPlugin
2024-11-05 08:28:52,799 [INFO] IPUIPlugin:80 - create IPUIPlugin
2024-11-05 08:28:52,799 [INFO] IPUIPlugin:80 - create IPUIPlugin
2024-11-05 08:28:52,799 [INFO] IPUIPlugin:80 - create IPUIPlugin
2024-11-05 08:28:52,799 [INFO] IPUIPlugin:80 - create IPUIPlugin
2024-11-05 08:28:52,799 [INFO] IPUIPlugin:80 - create IPUIPlugin
2024-11-05 08:28:52,799 [INFO] IPUIPlugin:80 - create IPUIPlugin
2024-11-05 08:28:52,800 [INFO] IPUIPlugin:80 - create IPUIPlugin
2024-11-05 08:28:52,800 [INFO] IPUIPlugin:80 - create IPUIPlugin
2024-11-05 08:28:52,800 [INFO] IPUIPlugin:80 - create IPUIPlugin
2024-11-05 08:28:52,800 [INFO] IPUIPlugin:80 - create IPUIPlugin
2024-11-05 08:28:52,801 [INFO] IPUIPlugin:80 - create IPUIPlugin
2024-11-05 08:28:52,801 [INFO] IPUIPlugin:80 - create IPUIPlugin
2024-11-05 08:28:52,801 [INFO] IPUIPlugin:80 - create IPUIPlugin
2024-11-05 08:28:52,801 [INFO] IPUIPlugin:80 - create IPUIPlugin
2024-11-05 08:28:52,802 [INFO] IPUIPlugin:80 - create IPUIPlugin
2024-11-05 08:28:52,802 [INFO] IPUIPlugin:80 - create IPUIPlugin
2024-11-05 08:28:52,802 [INFO] IPUIPlugin:80 - create IPUIPlugin
2024-11-05 08:28:52,981 [INFO] CADModel:165 - CPN selected for project levelSTM32L4R5ZIT6
2024-11-05 08:28:52,981 [INFO] CADModel:114 - Register for checkConnection events
2024-11-05 08:28:53,035 [INFO] OpenFileManager:363 - Restore cursor
2024-11-05 08:28:53,555 [INFO] UtilMem:75 - End SaveConfig() Used Memory: 852722104 Bytes (1073741824)
2024-11-05 08:28:53,663 [INFO] UtilMem:75 - End SaveConfig() Used Memory: 888713232 Bytes (1073741824)
2024-11-05 08:28:53,823 [INFO] BlockDiagram:2766 - set Specific Code input for plugin: SYS
2024-11-05 08:28:53,824 [INFO] BlockDiagram:2766 - set Specific Code input for plugin: RCC
2024-11-05 08:28:53,824 [INFO] BlockDiagram:2766 - set Specific Code input for plugin: LPUART
2024-11-05 08:28:53,824 [INFO] BlockDiagram:2766 - set Specific Code input for plugin: USB_OTG_FS
2024-11-05 08:28:53,824 [INFO] BlockDiagram:2766 - set Specific Code input for plugin: NVIC
2024-11-05 08:28:53,824 [INFO] BlockDiagram:2766 - set Specific Code input for plugin: USART
2024-11-05 08:28:53,824 [INFO] BlockDiagram:2766 - set Specific Code input for plugin: GPIO
2024-11-05 08:28:53,826 [INFO] CodeGenerator:807 - code generatio: config db path: C:\ST\STM32CubeIDE_1.16.0\STM32CubeIDE\plugins\com.st.stm32cube.common.mx_6.12.0.202406281431\\db\
2024-11-05 08:28:54,073 [INFO] CodeEngine:255 - oldGeneratedFile, C:\Users\lagoeirl\STM32CubeIDE\USB\MouseProject\MXTmpFiles\license.tmp_save
2024-11-05 08:28:54,211 [INFO] CodeEngine:279 - Generated code: C:\Users\lagoeirl\STM32CubeIDE\USB\MouseProject\MXTmpFiles\license.tmp
2024-11-05 08:28:54,324 [INFO] CodeEngine:255 - oldGeneratedFile, C:\Users\lagoeirl\STM32CubeIDE\USB\MouseProject\MXTmpFiles\gpio.tmp_save
2024-11-05 08:28:54,435 [INFO] CodeEngine:279 - Generated code: C:\Users\lagoeirl\STM32CubeIDE\USB\MouseProject\MXTmpFiles\gpio.tmp
2024-11-05 08:28:54,693 [WARN] IPConfigManager:3005 - Warning: the RefConfig PWREx_EnableUSBVoltageDetector is not available in your config.xml file
2024-11-05 08:28:54,727 [INFO] CodeEngine:255 - oldGeneratedFile, C:\Users\lagoeirl\STM32CubeIDE\USB\MouseProject\Core\Src\stm32l4xx_it.c_save
2024-11-05 08:28:54,988 [INFO] CodeEngine:279 - Generated code: C:\Users\lagoeirl\STM32CubeIDE\USB\MouseProject\Core\Src\stm32l4xx_it.c
2024-11-05 08:28:55,006 [INFO] CodeEngine:255 - oldGeneratedFile, C:\Users\lagoeirl\STM32CubeIDE\USB\MouseProject\Core\Inc\stm32l4xx_it.h_save
2024-11-05 08:28:55,107 [INFO] CodeEngine:279 - Generated code: C:\Users\lagoeirl\STM32CubeIDE\USB\MouseProject\Core\Inc\stm32l4xx_it.h
2024-11-05 08:28:55,146 [INFO] CodeEngine:255 - oldGeneratedFile, C:\Users\lagoeirl\STM32CubeIDE\USB\MouseProject\Core\Src\stm32l4xx_hal_msp.c_save
2024-11-05 08:28:55,332 [INFO] CodeEngine:279 - Generated code: C:\Users\lagoeirl\STM32CubeIDE\USB\MouseProject\Core\Src\stm32l4xx_hal_msp.c
2024-11-05 08:28:55,365 [INFO] CodeEngine:255 - oldGeneratedFile, C:\Users\lagoeirl\STM32CubeIDE\USB\MouseProject\MXTmpFiles\system.tmp_save
2024-11-05 08:28:55,449 [INFO] CodeEngine:279 - Generated code: C:\Users\lagoeirl\STM32CubeIDE\USB\MouseProject\MXTmpFiles\system.tmp
2024-11-05 08:28:55,484 [INFO] CodeEngine:311 - oldGeneratedFile, C:\Users\lagoeirl\STM32CubeIDE\USB\MouseProject\Core\Inc\stm32l4xx_hal_conf.h_save
2024-11-05 08:28:55,614 [INFO] CodeEngine:335 - Generated code: C:\Users\lagoeirl\STM32CubeIDE\USB\MouseProject\Core\Inc\stm32l4xx_hal_conf.h
2024-11-05 08:28:55,651 [WARN] IPConfigManager:3554 - IP not found : USB_OTG
2024-11-05 08:28:55,652 [WARN] CodeGenerator:4002 - IP not found : null
2024-11-05 08:28:55,682 [INFO] CodeEngine:255 - oldGeneratedFile, C:\Users\lagoeirl\STM32CubeIDE\USB\MouseProject\Core\Inc\main.h_save
2024-11-05 08:28:55,828 [INFO] CodeEngine:279 - Generated code: C:\Users\lagoeirl\STM32CubeIDE\USB\MouseProject\Core\Inc\main.h
2024-11-05 08:28:55,848 [INFO] CodeEngine:255 - oldGeneratedFile, C:\Users\lagoeirl\STM32CubeIDE\USB\MouseProject\Core\Src\main.c_save
2024-11-05 08:28:55,989 [INFO] CodeEngine:279 - Generated code: C:\Users\lagoeirl\STM32CubeIDE\USB\MouseProject\Core\Src\main.c
2024-11-05 08:28:56,635 [INFO] ProjectBuilder:3249 - Time for Copy HAL[1] : 387mS.
2024-11-05 08:28:56,642 [INFO] ProjectBuilder:4828 - Project Generator version: 4.4.0-B60
2024-11-05 08:28:56,738 [INFO] ConfigFileManager:1531 - The Die is : DIE470
2024-11-05 08:28:56,751 [INFO] ApiDbMcu:508 - Load IP Config File for FATFS
2024-11-05 08:28:56,767 [INFO] ApiDbMcu:508 - Load IP Config File for FREERTOS
2024-11-05 08:28:56,790 [INFO] ApiDbMcu:508 - Load IP Config File for TOUCHSENSING
2024-11-05 08:28:56,807 [INFO] ApiDbMcu:508 - Load IP Config File for USB_DEVICE
2024-11-05 08:28:56,818 [INFO] ApiDbMcu:508 - Load IP Config File for USB_HOST
2024-11-05 08:28:59,607 [INFO] ProjectBuilder:5097 - Time for Generating toolchain IDE Files: 2964mS.
2024-11-05 08:28:59,609 [INFO] ProjectBuilder:3107 - Time for Copy CMSIS : 2mS.
2024-11-05 08:28:59,614 [INFO] ProjectBuilder:3107 - Time for Copy CMSIS : 0mS.
2024-11-05 08:29:00,595 [INFO] McuFinderGlobals:76 - Set McuFinderConnectedMode to true
2024-11-05 08:29:00,605 [INFO] ApiDb:448 - Save user favorites file C:\Users\lagoeirl/.stm32cubeide/favorites.mcus.txt: 0 item(s)
2024-11-05 08:29:00,606 [INFO] ApiDb:452 - User favorites MCUs=[]
2024-11-05 08:29:00,611 [INFO] ApiDb:448 - Save user favorites file C:\Users\lagoeirl/.stm32cubeide/favorites.boards.txt: 1 item(s)
2024-11-05 08:29:00,611 [INFO] ApiDb:452 - User favorites Boards=[NUCLEO-G070RB]
2024-11-05 08:30:42,467 [INFO] NvicIntPanel:101 - NVIC parent = com.st.microxplorer.plugins.ip.nvic.MultiNvicIntPanel[,0,0,0x0,invalid,layout=javax.swing.BoxLayout,alignmentX=0.0,alignmentY=0.0,border=,flags=9,maximumSize=,minimumSize=,preferredSize=]
2024-11-05 08:30:54,448 [INFO] NvicIntPanel:101 - NVIC parent = com.st.microxplorer.plugins.ip.nvic.MultiNvicIntPanel[,0,0,0x0,invalid,layout=javax.swing.BoxLayout,alignmentX=0.0,alignmentY=0.0,border=,flags=9,maximumSize=,minimumSize=,preferredSize=]
2024-11-05 08:30:54,614 [INFO] NvicIntPanel:101 - NVIC parent = com.st.microxplorer.plugins.ip.nvic.MultiNvicIntPanel[,0,0,0x0,invalid,layout=javax.swing.BoxLayout,alignmentX=0.0,alignmentY=0.0,border=,flags=9,maximumSize=,minimumSize=,preferredSize=]
2024-11-05 08:30:59,812 [INFO] NvicIntPanel:101 - NVIC parent = com.st.microxplorer.plugins.ip.nvic.MultiNvicIntPanel[,0,0,0x0,invalid,layout=javax.swing.BoxLayout,alignmentX=0.0,alignmentY=0.0,border=,flags=9,maximumSize=,minimumSize=,preferredSize=]
2024-11-05 08:30:59,931 [INFO] NvicIntPanel:101 - NVIC parent = com.st.microxplorer.plugins.ip.nvic.MultiNvicIntPanel[,0,0,0x0,invalid,layout=javax.swing.BoxLayout,alignmentX=0.0,alignmentY=0.0,border=,flags=9,maximumSize=,minimumSize=,preferredSize=]
2024-11-05 08:31:03,289 [INFO] NvicIntPanel:101 - NVIC parent = com.st.microxplorer.plugins.ip.nvic.MultiNvicIntPanel[,0,0,568x271,layout=javax.swing.BoxLayout,alignmentX=0.0,alignmentY=0.0,border=,flags=9,maximumSize=,minimumSize=,preferredSize=]
2024-11-05 08:31:04,359 [INFO] NvicIntPanel:101 - NVIC parent = com.st.microxplorer.plugins.ip.nvic.MultiNvicIntPanel[,0,0,0x0,invalid,layout=javax.swing.BoxLayout,alignmentX=0.0,alignmentY=0.0,border=,flags=9,maximumSize=,minimumSize=,preferredSize=]
2024-11-05 08:31:07,438 [INFO] NvicIntPanel:101 - NVIC parent = com.st.microxplorer.plugins.ip.nvic.MultiNvicIntPanel[,0,0,0x0,invalid,layout=javax.swing.BoxLayout,alignmentX=0.0,alignmentY=0.0,border=,flags=9,maximumSize=,minimumSize=,preferredSize=]
2024-11-05 08:32:21,440 [INFO] UtilMem:75 - End SaveConfig() Used Memory: 618426488 Bytes (1073741824)
2024-11-05 08:32:25,615 [INFO] UtilMem:75 - End SaveConfig() Used Memory: 803328776 Bytes (1073741824)
2024-11-05 08:32:25,924 [INFO] BlockDiagram:2766 - set Specific Code input for plugin: USB_DEVICE
2024-11-05 08:32:25,924 [INFO] BlockDiagram:2766 - set Specific Code input for plugin: SYS
2024-11-05 08:32:25,924 [INFO] BlockDiagram:2766 - set Specific Code input for plugin: RCC
2024-11-05 08:32:25,924 [INFO] BlockDiagram:2766 - set Specific Code input for plugin: LPUART
2024-11-05 08:32:25,924 [INFO] BlockDiagram:2766 - set Specific Code input for plugin: USB_OTG_FS
2024-11-05 08:32:25,924 [INFO] BlockDiagram:2766 - set Specific Code input for plugin: NVIC
2024-11-05 08:32:25,924 [INFO] BlockDiagram:2766 - set Specific Code input for plugin: USART
2024-11-05 08:32:25,924 [INFO] BlockDiagram:2766 - set Specific Code input for plugin: GPIO
2024-11-05 08:32:25,947 [INFO] CodeGenerator:807 - code generatio: config db path: C:\ST\STM32CubeIDE_1.16.0\STM32CubeIDE\plugins\com.st.stm32cube.common.mx_6.12.0.202406281431\\db\
2024-11-05 08:32:26,105 [INFO] CodeEngine:255 - oldGeneratedFile, C:\Users\lagoeirl\STM32CubeIDE\USB\MouseProject\MXTmpFiles\license.tmp_save
2024-11-05 08:32:26,209 [INFO] CodeEngine:279 - Generated code: C:\Users\lagoeirl\STM32CubeIDE\USB\MouseProject\MXTmpFiles\license.tmp
2024-11-05 08:32:26,787 [INFO] CodeEngine:255 - oldGeneratedFile, C:\Users\lagoeirl\STM32CubeIDE\USB\MouseProject\MXTmpFiles\gpio.tmp_save
2024-11-05 08:32:26,882 [INFO] CodeEngine:279 - Generated code: C:\Users\lagoeirl\STM32CubeIDE\USB\MouseProject\MXTmpFiles\gpio.tmp
2024-11-05 08:32:26,958 [WARN] IPConfigManager:3005 - Warning: the RefConfig PWREx_EnableUSBVoltageDetector is not available in your config.xml file
2024-11-05 08:32:26,983 [INFO] CodeEngine:255 - oldGeneratedFile, C:\Users\lagoeirl\STM32CubeIDE\USB\MouseProject\MXTmpFiles\usb_otg_fs_vars.tmp_save
2024-11-05 08:32:27,155 [INFO] CodeEngine:279 - Generated code: C:\Users\lagoeirl\STM32CubeIDE\USB\MouseProject\MXTmpFiles\usb_otg_fs_vars.tmp
2024-11-05 08:32:27,174 [INFO] CodeEngine:255 - oldGeneratedFile, C:\Users\lagoeirl\STM32CubeIDE\USB\MouseProject\MXTmpFiles\usb_otg_fs_inc.tmp_save
2024-11-05 08:32:27,295 [INFO] CodeEngine:279 - Generated code: C:\Users\lagoeirl\STM32CubeIDE\USB\MouseProject\MXTmpFiles\usb_otg_fs_inc.tmp
2024-11-05 08:32:27,327 [INFO] CodeEngine:255 - oldGeneratedFile, C:\Users\lagoeirl\STM32CubeIDE\USB\MouseProject\MXTmpFiles\usb_otg_fs_HalInit.tmp_save
2024-11-05 08:32:27,671 [INFO] CodeEngine:279 - Generated code: C:\Users\lagoeirl\STM32CubeIDE\USB\MouseProject\MXTmpFiles\usb_otg_fs_HalInit.tmp
2024-11-05 08:32:27,691 [INFO] CodeEngine:255 - oldGeneratedFile, C:\Users\lagoeirl\STM32CubeIDE\USB\MouseProject\MXTmpFiles\usb_otg_fs_Msp.tmp_save
2024-11-05 08:32:27,808 [INFO] CodeEngine:279 - Generated code: C:\Users\lagoeirl\STM32CubeIDE\USB\MouseProject\MXTmpFiles\usb_otg_fs_Msp.tmp
2024-11-05 08:32:28,015 [INFO] Middleware:1439 - No code input for Bsp Dependency
2024-11-05 08:32:28,026 [INFO] Middleware:1439 - No code input for Bsp Dependency
2024-11-05 08:32:28,054 [INFO] CodeEngine:255 - oldGeneratedFile, C:\Users\lagoeirl\STM32CubeIDE\USB\MouseProject\USB_DEVICE\App\usb_device.c_save
2024-11-05 08:32:28,169 [INFO] CodeEngine:279 - Generated code: C:\Users\lagoeirl\STM32CubeIDE\USB\MouseProject\USB_DEVICE\App\usb_device.c
2024-11-05 08:32:28,189 [INFO] CodeEngine:255 - oldGeneratedFile, C:\Users\lagoeirl\STM32CubeIDE\USB\MouseProject\USB_DEVICE\App\usb_device.h_save
2024-11-05 08:32:28,298 [INFO] CodeEngine:279 - Generated code: C:\Users\lagoeirl\STM32CubeIDE\USB\MouseProject\USB_DEVICE\App\usb_device.h
2024-11-05 08:32:28,320 [INFO] CodeEngine:255 - oldGeneratedFile, C:\Users\lagoeirl\STM32CubeIDE\USB\MouseProject\USB_DEVICE\Target\usbd_conf.h_save
2024-11-05 08:32:28,420 [INFO] CodeEngine:279 - Generated code: C:\Users\lagoeirl\STM32CubeIDE\USB\MouseProject\USB_DEVICE\Target\usbd_conf.h
2024-11-05 08:32:28,438 [INFO] CodeEngine:255 - oldGeneratedFile, C:\Users\lagoeirl\STM32CubeIDE\USB\MouseProject\USB_DEVICE\Target\usbd_conf.c_save
2024-11-05 08:32:28,534 [INFO] CodeEngine:279 - Generated code: C:\Users\lagoeirl\STM32CubeIDE\USB\MouseProject\USB_DEVICE\Target\usbd_conf.c
2024-11-05 08:32:28,561 [INFO] CodeEngine:255 - oldGeneratedFile, C:\Users\lagoeirl\STM32CubeIDE\USB\MouseProject\USB_DEVICE\App\usbd_desc.h_save
2024-11-05 08:32:28,663 [INFO] CodeEngine:279 - Generated code: C:\Users\lagoeirl\STM32CubeIDE\USB\MouseProject\USB_DEVICE\App\usbd_desc.h
2024-11-05 08:32:28,689 [INFO] CodeEngine:255 - oldGeneratedFile, C:\Users\lagoeirl\STM32CubeIDE\USB\MouseProject\USB_DEVICE\App\usbd_desc.c_save
2024-11-05 08:32:29,009 [INFO] CodeEngine:279 - Generated code: C:\Users\lagoeirl\STM32CubeIDE\USB\MouseProject\USB_DEVICE\App\usbd_desc.c
2024-11-05 08:32:29,057 [INFO] CodeEngine:255 - oldGeneratedFile, C:\Users\lagoeirl\STM32CubeIDE\USB\MouseProject\Core\Src\stm32l4xx_it.c_save
2024-11-05 08:32:29,174 [INFO] CodeEngine:279 - Generated code: C:\Users\lagoeirl\STM32CubeIDE\USB\MouseProject\Core\Src\stm32l4xx_it.c
2024-11-05 08:32:29,181 [INFO] CodeEngine:255 - oldGeneratedFile, C:\Users\lagoeirl\STM32CubeIDE\USB\MouseProject\Core\Inc\stm32l4xx_it.h_save
2024-11-05 08:32:29,252 [INFO] CodeEngine:279 - Generated code: C:\Users\lagoeirl\STM32CubeIDE\USB\MouseProject\Core\Inc\stm32l4xx_it.h
2024-11-05 08:32:29,288 [INFO] CodeEngine:255 - oldGeneratedFile, C:\Users\lagoeirl\STM32CubeIDE\USB\MouseProject\Core\Src\stm32l4xx_hal_msp.c_save
2024-11-05 08:32:29,407 [INFO] CodeEngine:279 - Generated code: C:\Users\lagoeirl\STM32CubeIDE\USB\MouseProject\Core\Src\stm32l4xx_hal_msp.c
2024-11-05 08:32:29,415 [INFO] CodeEngine:255 - oldGeneratedFile, C:\Users\lagoeirl\STM32CubeIDE\USB\MouseProject\MXTmpFiles\system.tmp_save
2024-11-05 08:32:29,463 [INFO] CodeEngine:279 - Generated code: C:\Users\lagoeirl\STM32CubeIDE\USB\MouseProject\MXTmpFiles\system.tmp
2024-11-05 08:32:29,496 [INFO] CodeEngine:311 - oldGeneratedFile, C:\Users\lagoeirl\STM32CubeIDE\USB\MouseProject\Core\Inc\stm32l4xx_hal_conf.h_save
2024-11-05 08:32:29,578 [INFO] CodeEngine:335 - Generated code: C:\Users\lagoeirl\STM32CubeIDE\USB\MouseProject\Core\Inc\stm32l4xx_hal_conf.h
2024-11-05 08:32:29,636 [INFO] CodeEngine:255 - oldGeneratedFile, C:\Users\lagoeirl\STM32CubeIDE\USB\MouseProject\Core\Inc\main.h_save
2024-11-05 08:32:29,714 [INFO] CodeEngine:279 - Generated code: C:\Users\lagoeirl\STM32CubeIDE\USB\MouseProject\Core\Inc\main.h
2024-11-05 08:32:29,732 [INFO] CodeEngine:255 - oldGeneratedFile, C:\Users\lagoeirl\STM32CubeIDE\USB\MouseProject\Core\Src\main.c_save
2024-11-05 08:32:29,876 [INFO] CodeEngine:279 - Generated code: C:\Users\lagoeirl\STM32CubeIDE\USB\MouseProject\Core\Src\main.c
2024-11-05 08:32:30,747 [INFO] ProjectBuilder:3249 - Time for Copy HAL[1] : 636mS.
2024-11-05 08:32:30,755 [INFO] ProjectBuilder:4828 - Project Generator version: 4.4.0-B60
2024-11-05 08:32:30,831 [INFO] ConfigFileManager:1531 - The Die is : DIE470
2024-11-05 08:32:32,064 [INFO] ProjectBuilder:5097 - Time for Generating toolchain IDE Files: 1309mS.
2024-11-05 08:32:32,075 [INFO] ProjectBuilder:3107 - Time for Copy CMSIS : 11mS.
2024-11-05 08:32:32,081 [INFO] ProjectBuilder:3107 - Time for Copy CMSIS : 1mS.
