11:12:33 **** Incremental Build of configuration Debug for project I2C_Slave ****
make -j8 all 
arm-none-eabi-size  I2C_Slave.elf 
   text	   data	    bss	    dec	    hex	filename
  18368	     12	   1796	  20176	   4ed0	I2C_Slave.elf
Finished building: default.size.stdout
 
11:13:25 **** Incremental Build of configuration Debug for project I2C_Master ****
make -j8 all 
arm-none-eabi-size  I2C_Master.elf 
   text	   data	    bss	    dec	    hex	filename
  16200	     16	   1800	  18016	   4660	I2C_Master.elf
Finished building: default.size.stdout
 
11:14:30 **** Incremental Build of configuration Debug for project I2C_Master ****
make -j8 all 
arm-none-eabi-gcc "../Core/Src/stm32g0xx_hal_msp.c" -mcpu=cortex-m0plus -std=gnu11 -g3 -DDEBUG -DUSE_HAL_DRIVER -DSTM32G070xx -c -I../Core/Inc -I../Drivers/STM32G0xx_HAL_Driver/Inc -I../Drivers/STM32G0xx_HAL_Driver/Inc/Legacy -I../Drivers/CMSIS/Device/ST/STM32G0xx/Include -I../Drivers/CMSIS/Include -O0 -ffunction-sections -fdata-sections -Wall -fstack-usage -fcyclomatic-complexity -MMD -MP -MF"Core/Src/stm32g0xx_hal_msp.d" -MT"Core/Src/stm32g0xx_hal_msp.o" --specs=nano.specs -mfloat-abi=soft -mthumb -o "Core/Src/stm32g0xx_hal_msp.o"
arm-none-eabi-gcc -o "I2C_Master.elf" @"objects.list"   -mcpu=cortex-m0plus -T"C:\Users\lagoeirl\STM32CubeIDE\SystemPeripherals\I2C_Master\STM32G070RBTX_FLASH.ld" --specs=nosys.specs -Wl,-Map="I2C_Master.map" -Wl,--gc-sections -static --specs=nano.specs -mfloat-abi=soft -mthumb -Wl,--start-group -lc -lm -Wl,--end-group
Finished building target: I2C_Master.elf
 
arm-none-eabi-size  I2C_Master.elf 
arm-none-eabi-objdump -h -S I2C_Master.elf  > "I2C_Master.list"
   text	   data	    bss	    dec	    hex	filename
  16124	     16	   1800	  17940	   4614	I2C_Master.elf
Finished building: default.size.stdout
 
Finished building: I2C_Master.list
 
11:18:11 **** Incremental Build of configuration Debug for project I2C_Master ****
make -j8 all 
arm-none-eabi-size  I2C_Master.elf 
   text	   data	    bss	    dec	    hex	filename
  16124	     16	   1800	  17940	   4614	I2C_Master.elf
Finished building: default.size.stdout
 
11:18:39 **** Incremental Build of configuration Debug for project I2C_Slave ****
make -j8 all 
arm-none-eabi-size  I2C_Slave.elf 
   text	   data	    bss	    dec	    hex	filename
  18368	     12	   1796	  20176	   4ed0	I2C_Slave.elf
Finished building: default.size.stdout
 
11:23:32 **** Incremental Build of configuration Debug for project I2C_Slave ****
make -j8 all 
arm-none-eabi-size  I2C_Slave.elf 
   text	   data	    bss	    dec	    hex	filename
  18368	     12	   1796	  20176	   4ed0	I2C_Slave.elf
Finished building: default.size.stdout
 
11:32:51 **** Incremental Build of configuration Debug for project I2C_Master ****
make -j8 all 
arm-none-eabi-gcc "../Core/Src/main.c" -mcpu=cortex-m0plus -std=gnu11 -g3 -DDEBUG -DUSE_HAL_DRIVER -DSTM32G070xx -c -I../Core/Inc -I../Drivers/STM32G0xx_HAL_Driver/Inc -I../Drivers/STM32G0xx_HAL_Driver/Inc/Legacy -I../Drivers/CMSIS/Device/ST/STM32G0xx/Include -I../Drivers/CMSIS/Include -O0 -ffunction-sections -fdata-sections -Wall -fstack-usage -fcyclomatic-complexity -MMD -MP -MF"Core/Src/main.d" -MT"Core/Src/main.o" --specs=nano.specs -mfloat-abi=soft -mthumb -o "Core/Src/main.o"
arm-none-eabi-gcc -o "I2C_Master.elf" @"objects.list"   -mcpu=cortex-m0plus -T"C:\Users\lagoeirl\STM32CubeIDE\SystemPeripherals\I2C_Master\STM32G070RBTX_FLASH.ld" --specs=nosys.specs -Wl,-Map="I2C_Master.map" -Wl,--gc-sections -static --specs=nano.specs -mfloat-abi=soft -mthumb -Wl,--start-group -lc -lm -Wl,--end-group
Finished building target: I2C_Master.elf
 
arm-none-eabi-size  I2C_Master.elf 
arm-none-eabi-objdump -h -S I2C_Master.elf  > "I2C_Master.list"
   text	   data	    bss	    dec	    hex	filename
  16120	     16	   1800	  17936	   4610	I2C_Master.elf
Finished building: default.size.stdout
 
Finished building: I2C_Master.list
 
13:36:15 **** Incremental Build of configuration Debug for project I2C_Master ****
make -j8 all 
arm-none-eabi-size  I2C_Master.elf 
   text	   data	    bss	    dec	    hex	filename
  16120	     16	   1800	  17936	   4610	I2C_Master.elf
Finished building: default.size.stdout
 
13:37:48 **** Incremental Build of configuration Debug for project I2C_Slave ****
make -j8 all 
arm-none-eabi-size  I2C_Slave.elf 
   text	   data	    bss	    dec	    hex	filename
  18368	     12	   1796	  20176	   4ed0	I2C_Slave.elf
Finished building: default.size.stdout
 
13:38:30 **** Incremental Build of configuration Debug for project I2C_Slave ****
make -j8 all 
arm-none-eabi-size  I2C_Slave.elf 
   text	   data	    bss	    dec	    hex	filename
  18368	     12	   1796	  20176	   4ed0	I2C_Slave.elf
Finished building: default.size.stdout
 
13:47:43 **** Incremental Build of configuration Debug for project I2C_Slave ****
make -j8 all 
arm-none-eabi-size  I2C_Slave.elf 
   text	   data	    bss	    dec	    hex	filename
  18368	     12	   1796	  20176	   4ed0	I2C_Slave.elf
Finished building: default.size.stdout
 
14:33:04 **** Build of configuration Debug for project TestingX-NUCLEOSensors ****
make -j8 all 
arm-none-eabi-gcc "../Drivers/STM32L4xx_HAL_Driver/Src/stm32l4xx_hal.c" -mcpu=cortex-m4 -std=gnu11 -g3 -DDEBUG -DUSE_HAL_DRIVER -DSTM32L452xx -c -I../Core/Inc -I../Drivers/STM32L4xx_HAL_Driver/Inc -I../Drivers/STM32L4xx_HAL_Driver/Inc/Legacy -I../Drivers/CMSIS/Device/ST/STM32L4xx/Include -I../Drivers/CMSIS/Include -I../X-CUBE-MEMS1/Target -I../Drivers/BSP/Components/lsm6dso -I../Drivers/BSP/Components/lis2dw12 -I../Drivers/BSP/Components/lis2mdl -I../Drivers/BSP/Components/hts221 -I../Drivers/BSP/Components/lps22hh -I../Drivers/BSP/Components/stts751 -I../Drivers/BSP/IKS01A3 -I../Drivers/BSP/Components/Common -O0 -ffunction-sections -fdata-sections -Wall -fstack-usage -fcyclomatic-complexity -MMD -MP -MF"Drivers/STM32L4xx_HAL_Driver/Src/stm32l4xx_hal.d" -MT"Drivers/STM32L4xx_HAL_Driver/Src/stm32l4xx_hal.o" --specs=nano.specs -mfpu=fpv4-sp-d16 -mfloat-abi=hard -mthumb -o "Drivers/STM32L4xx_HAL_Driver/Src/stm32l4xx_hal.o"
arm-none-eabi-gcc "../Drivers/STM32L4xx_HAL_Driver/Src/stm32l4xx_hal_cortex.c" -mcpu=cortex-m4 -std=gnu11 -g3 -DDEBUG -DUSE_HAL_DRIVER -DSTM32L452xx -c -I../Core/Inc -I../Drivers/STM32L4xx_HAL_Driver/Inc -I../Drivers/STM32L4xx_HAL_Driver/Inc/Legacy -I../Drivers/CMSIS/Device/ST/STM32L4xx/Include -I../Drivers/CMSIS/Include -I../X-CUBE-MEMS1/Target -I../Drivers/BSP/Components/lsm6dso -I../Drivers/BSP/Components/lis2dw12 -I../Drivers/BSP/Components/lis2mdl -I../Drivers/BSP/Components/hts221 -I../Drivers/BSP/Components/lps22hh -I../Drivers/BSP/Components/stts751 -I../Drivers/BSP/IKS01A3 -I../Drivers/BSP/Components/Common -O0 -ffunction-sections -fdata-sections -Wall -fstack-usage -fcyclomatic-complexity -MMD -MP -MF"Drivers/STM32L4xx_HAL_Driver/Src/stm32l4xx_hal_cortex.d" -MT"Drivers/STM32L4xx_HAL_Driver/Src/stm32l4xx_hal_cortex.o" --specs=nano.specs -mfpu=fpv4-sp-d16 -mfloat-abi=hard -mthumb -o "Drivers/STM32L4xx_HAL_Driver/Src/stm32l4xx_hal_cortex.o"
arm-none-eabi-gcc "../Drivers/STM32L4xx_HAL_Driver/Src/stm32l4xx_hal_dma.c" -mcpu=cortex-m4 -std=gnu11 -g3 -DDEBUG -DUSE_HAL_DRIVER -DSTM32L452xx -c -I../Core/Inc -I../Drivers/STM32L4xx_HAL_Driver/Inc -I../Drivers/STM32L4xx_HAL_Driver/Inc/Legacy -I../Drivers/CMSIS/Device/ST/STM32L4xx/Include -I../Drivers/CMSIS/Include -I../X-CUBE-MEMS1/Target -I../Drivers/BSP/Components/lsm6dso -I../Drivers/BSP/Components/lis2dw12 -I../Drivers/BSP/Components/lis2mdl -I../Drivers/BSP/Components/hts221 -I../Drivers/BSP/Components/lps22hh -I../Drivers/BSP/Components/stts751 -I../Drivers/BSP/IKS01A3 -I../Drivers/BSP/Components/Common -O0 -ffunction-sections -fdata-sections -Wall -fstack-usage -fcyclomatic-complexity -MMD -MP -MF"Drivers/STM32L4xx_HAL_Driver/Src/stm32l4xx_hal_dma.d" -MT"Drivers/STM32L4xx_HAL_Driver/Src/stm32l4xx_hal_dma.o" --specs=nano.specs -mfpu=fpv4-sp-d16 -mfloat-abi=hard -mthumb -o "Drivers/STM32L4xx_HAL_Driver/Src/stm32l4xx_hal_dma.o"
arm-none-eabi-gcc "../Drivers/STM32L4xx_HAL_Driver/Src/stm32l4xx_hal_dma_ex.c" -mcpu=cortex-m4 -std=gnu11 -g3 -DDEBUG -DUSE_HAL_DRIVER -DSTM32L452xx -c -I../Core/Inc -I../Drivers/STM32L4xx_HAL_Driver/Inc -I../Drivers/STM32L4xx_HAL_Driver/Inc/Legacy -I../Drivers/CMSIS/Device/ST/STM32L4xx/Include -I../Drivers/CMSIS/Include -I../X-CUBE-MEMS1/Target -I../Drivers/BSP/Components/lsm6dso -I../Drivers/BSP/Components/lis2dw12 -I../Drivers/BSP/Components/lis2mdl -I../Drivers/BSP/Components/hts221 -I../Drivers/BSP/Components/lps22hh -I../Drivers/BSP/Components/stts751 -I../Drivers/BSP/IKS01A3 -I../Drivers/BSP/Components/Common -O0 -ffunction-sections -fdata-sections -Wall -fstack-usage -fcyclomatic-complexity -MMD -MP -MF"Drivers/STM32L4xx_HAL_Driver/Src/stm32l4xx_hal_dma_ex.d" -MT"Drivers/STM32L4xx_HAL_Driver/Src/stm32l4xx_hal_dma_ex.o" --specs=nano.specs -mfpu=fpv4-sp-d16 -mfloat-abi=hard -mthumb -o "Drivers/STM32L4xx_HAL_Driver/Src/stm32l4xx_hal_dma_ex.o"
arm-none-eabi-gcc "../Drivers/STM32L4xx_HAL_Driver/Src/stm32l4xx_hal_exti.c" -mcpu=cortex-m4 -std=gnu11 -g3 -DDEBUG -DUSE_HAL_DRIVER -DSTM32L452xx -c -I../Core/Inc -I../Drivers/STM32L4xx_HAL_Driver/Inc -I../Drivers/STM32L4xx_HAL_Driver/Inc/Legacy -I../Drivers/CMSIS/Device/ST/STM32L4xx/Include -I../Drivers/CMSIS/Include -I../X-CUBE-MEMS1/Target -I../Drivers/BSP/Components/lsm6dso -I../Drivers/BSP/Components/lis2dw12 -I../Drivers/BSP/Components/lis2mdl -I../Drivers/BSP/Components/hts221 -I../Drivers/BSP/Components/lps22hh -I../Drivers/BSP/Components/stts751 -I../Drivers/BSP/IKS01A3 -I../Drivers/BSP/Components/Common -O0 -ffunction-sections -fdata-sections -Wall -fstack-usage -fcyclomatic-complexity -MMD -MP -MF"Drivers/STM32L4xx_HAL_Driver/Src/stm32l4xx_hal_exti.d" -MT"Drivers/STM32L4xx_HAL_Driver/Src/stm32l4xx_hal_exti.o" --specs=nano.specs -mfpu=fpv4-sp-d16 -mfloat-abi=hard -mthumb -o "Drivers/STM32L4xx_HAL_Driver/Src/stm32l4xx_hal_exti.o"
arm-none-eabi-gcc "../Drivers/STM32L4xx_HAL_Driver/Src/stm32l4xx_hal_flash.c" -mcpu=cortex-m4 -std=gnu11 -g3 -DDEBUG -DUSE_HAL_DRIVER -DSTM32L452xx -c -I../Core/Inc -I../Drivers/STM32L4xx_HAL_Driver/Inc -I../Drivers/STM32L4xx_HAL_Driver/Inc/Legacy -I../Drivers/CMSIS/Device/ST/STM32L4xx/Include -I../Drivers/CMSIS/Include -I../X-CUBE-MEMS1/Target -I../Drivers/BSP/Components/lsm6dso -I../Drivers/BSP/Components/lis2dw12 -I../Drivers/BSP/Components/lis2mdl -I../Drivers/BSP/Components/hts221 -I../Drivers/BSP/Components/lps22hh -I../Drivers/BSP/Components/stts751 -I../Drivers/BSP/IKS01A3 -I../Drivers/BSP/Components/Common -O0 -ffunction-sections -fdata-sections -Wall -fstack-usage -fcyclomatic-complexity -MMD -MP -MF"Drivers/STM32L4xx_HAL_Driver/Src/stm32l4xx_hal_flash.d" -MT"Drivers/STM32L4xx_HAL_Driver/Src/stm32l4xx_hal_flash.o" --specs=nano.specs -mfpu=fpv4-sp-d16 -mfloat-abi=hard -mthumb -o "Drivers/STM32L4xx_HAL_Driver/Src/stm32l4xx_hal_flash.o"
arm-none-eabi-gcc "../Drivers/STM32L4xx_HAL_Driver/Src/stm32l4xx_hal_flash_ex.c" -mcpu=cortex-m4 -std=gnu11 -g3 -DDEBUG -DUSE_HAL_DRIVER -DSTM32L452xx -c -I../Core/Inc -I../Drivers/STM32L4xx_HAL_Driver/Inc -I../Drivers/STM32L4xx_HAL_Driver/Inc/Legacy -I../Drivers/CMSIS/Device/ST/STM32L4xx/Include -I../Drivers/CMSIS/Include -I../X-CUBE-MEMS1/Target -I../Drivers/BSP/Components/lsm6dso -I../Drivers/BSP/Components/lis2dw12 -I../Drivers/BSP/Components/lis2mdl -I../Drivers/BSP/Components/hts221 -I../Drivers/BSP/Components/lps22hh -I../Drivers/BSP/Components/stts751 -I../Drivers/BSP/IKS01A3 -I../Drivers/BSP/Components/Common -O0 -ffunction-sections -fdata-sections -Wall -fstack-usage -fcyclomatic-complexity -MMD -MP -MF"Drivers/STM32L4xx_HAL_Driver/Src/stm32l4xx_hal_flash_ex.d" -MT"Drivers/STM32L4xx_HAL_Driver/Src/stm32l4xx_hal_flash_ex.o" --specs=nano.specs -mfpu=fpv4-sp-d16 -mfloat-abi=hard -mthumb -o "Drivers/STM32L4xx_HAL_Driver/Src/stm32l4xx_hal_flash_ex.o"
arm-none-eabi-gcc "../Drivers/STM32L4xx_HAL_Driver/Src/stm32l4xx_hal_flash_ramfunc.c" -mcpu=cortex-m4 -std=gnu11 -g3 -DDEBUG -DUSE_HAL_DRIVER -DSTM32L452xx -c -I../Core/Inc -I../Drivers/STM32L4xx_HAL_Driver/Inc -I../Drivers/STM32L4xx_HAL_Driver/Inc/Legacy -I../Drivers/CMSIS/Device/ST/STM32L4xx/Include -I../Drivers/CMSIS/Include -I../X-CUBE-MEMS1/Target -I../Drivers/BSP/Components/lsm6dso -I../Drivers/BSP/Components/lis2dw12 -I../Drivers/BSP/Components/lis2mdl -I../Drivers/BSP/Components/hts221 -I../Drivers/BSP/Components/lps22hh -I../Drivers/BSP/Components/stts751 -I../Drivers/BSP/IKS01A3 -I../Drivers/BSP/Components/Common -O0 -ffunction-sections -fdata-sections -Wall -fstack-usage -fcyclomatic-complexity -MMD -MP -MF"Drivers/STM32L4xx_HAL_Driver/Src/stm32l4xx_hal_flash_ramfunc.d" -MT"Drivers/STM32L4xx_HAL_Driver/Src/stm32l4xx_hal_flash_ramfunc.o" --specs=nano.specs -mfpu=fpv4-sp-d16 -mfloat-abi=hard -mthumb -o "Drivers/STM32L4xx_HAL_Driver/Src/stm32l4xx_hal_flash_ramfunc.o"
arm-none-eabi-gcc "../Drivers/STM32L4xx_HAL_Driver/Src/stm32l4xx_hal_gpio.c" -mcpu=cortex-m4 -std=gnu11 -g3 -DDEBUG -DUSE_HAL_DRIVER -DSTM32L452xx -c -I../Core/Inc -I../Drivers/STM32L4xx_HAL_Driver/Inc -I../Drivers/STM32L4xx_HAL_Driver/Inc/Legacy -I../Drivers/CMSIS/Device/ST/STM32L4xx/Include -I../Drivers/CMSIS/Include -I../X-CUBE-MEMS1/Target -I../Drivers/BSP/Components/lsm6dso -I../Drivers/BSP/Components/lis2dw12 -I../Drivers/BSP/Components/lis2mdl -I../Drivers/BSP/Components/hts221 -I../Drivers/BSP/Components/lps22hh -I../Drivers/BSP/Components/stts751 -I../Drivers/BSP/IKS01A3 -I../Drivers/BSP/Components/Common -O0 -ffunction-sections -fdata-sections -Wall -fstack-usage -fcyclomatic-complexity -MMD -MP -MF"Drivers/STM32L4xx_HAL_Driver/Src/stm32l4xx_hal_gpio.d" -MT"Drivers/STM32L4xx_HAL_Driver/Src/stm32l4xx_hal_gpio.o" --specs=nano.specs -mfpu=fpv4-sp-d16 -mfloat-abi=hard -mthumb -o "Drivers/STM32L4xx_HAL_Driver/Src/stm32l4xx_hal_gpio.o"
arm-none-eabi-gcc "../Drivers/STM32L4xx_HAL_Driver/Src/stm32l4xx_hal_i2c.c" -mcpu=cortex-m4 -std=gnu11 -g3 -DDEBUG -DUSE_HAL_DRIVER -DSTM32L452xx -c -I../Core/Inc -I../Drivers/STM32L4xx_HAL_Driver/Inc -I../Drivers/STM32L4xx_HAL_Driver/Inc/Legacy -I../Drivers/CMSIS/Device/ST/STM32L4xx/Include -I../Drivers/CMSIS/Include -I../X-CUBE-MEMS1/Target -I../Drivers/BSP/Components/lsm6dso -I../Drivers/BSP/Components/lis2dw12 -I../Drivers/BSP/Components/lis2mdl -I../Drivers/BSP/Components/hts221 -I../Drivers/BSP/Components/lps22hh -I../Drivers/BSP/Components/stts751 -I../Drivers/BSP/IKS01A3 -I../Drivers/BSP/Components/Common -O0 -ffunction-sections -fdata-sections -Wall -fstack-usage -fcyclomatic-complexity -MMD -MP -MF"Drivers/STM32L4xx_HAL_Driver/Src/stm32l4xx_hal_i2c.d" -MT"Drivers/STM32L4xx_HAL_Driver/Src/stm32l4xx_hal_i2c.o" --specs=nano.specs -mfpu=fpv4-sp-d16 -mfloat-abi=hard -mthumb -o "Drivers/STM32L4xx_HAL_Driver/Src/stm32l4xx_hal_i2c.o"
arm-none-eabi-gcc "../Drivers/STM32L4xx_HAL_Driver/Src/stm32l4xx_hal_i2c_ex.c" -mcpu=cortex-m4 -std=gnu11 -g3 -DDEBUG -DUSE_HAL_DRIVER -DSTM32L452xx -c -I../Core/Inc -I../Drivers/STM32L4xx_HAL_Driver/Inc -I../Drivers/STM32L4xx_HAL_Driver/Inc/Legacy -I../Drivers/CMSIS/Device/ST/STM32L4xx/Include -I../Drivers/CMSIS/Include -I../X-CUBE-MEMS1/Target -I../Drivers/BSP/Components/lsm6dso -I../Drivers/BSP/Components/lis2dw12 -I../Drivers/BSP/Components/lis2mdl -I../Drivers/BSP/Components/hts221 -I../Drivers/BSP/Components/lps22hh -I../Drivers/BSP/Components/stts751 -I../Drivers/BSP/IKS01A3 -I../Drivers/BSP/Components/Common -O0 -ffunction-sections -fdata-sections -Wall -fstack-usage -fcyclomatic-complexity -MMD -MP -MF"Drivers/STM32L4xx_HAL_Driver/Src/stm32l4xx_hal_i2c_ex.d" -MT"Drivers/STM32L4xx_HAL_Driver/Src/stm32l4xx_hal_i2c_ex.o" --specs=nano.specs -mfpu=fpv4-sp-d16 -mfloat-abi=hard -mthumb -o "Drivers/STM32L4xx_HAL_Driver/Src/stm32l4xx_hal_i2c_ex.o"
arm-none-eabi-gcc "../Drivers/STM32L4xx_HAL_Driver/Src/stm32l4xx_hal_pwr.c" -mcpu=cortex-m4 -std=gnu11 -g3 -DDEBUG -DUSE_HAL_DRIVER -DSTM32L452xx -c -I../Core/Inc -I../Drivers/STM32L4xx_HAL_Driver/Inc -I../Drivers/STM32L4xx_HAL_Driver/Inc/Legacy -I../Drivers/CMSIS/Device/ST/STM32L4xx/Include -I../Drivers/CMSIS/Include -I../X-CUBE-MEMS1/Target -I../Drivers/BSP/Components/lsm6dso -I../Drivers/BSP/Components/lis2dw12 -I../Drivers/BSP/Components/lis2mdl -I../Drivers/BSP/Components/hts221 -I../Drivers/BSP/Components/lps22hh -I../Drivers/BSP/Components/stts751 -I../Drivers/BSP/IKS01A3 -I../Drivers/BSP/Components/Common -O0 -ffunction-sections -fdata-sections -Wall -fstack-usage -fcyclomatic-complexity -MMD -MP -MF"Drivers/STM32L4xx_HAL_Driver/Src/stm32l4xx_hal_pwr.d" -MT"Drivers/STM32L4xx_HAL_Driver/Src/stm32l4xx_hal_pwr.o" --specs=nano.specs -mfpu=fpv4-sp-d16 -mfloat-abi=hard -mthumb -o "Drivers/STM32L4xx_HAL_Driver/Src/stm32l4xx_hal_pwr.o"
arm-none-eabi-gcc "../Drivers/STM32L4xx_HAL_Driver/Src/stm32l4xx_hal_pwr_ex.c" -mcpu=cortex-m4 -std=gnu11 -g3 -DDEBUG -DUSE_HAL_DRIVER -DSTM32L452xx -c -I../Core/Inc -I../Drivers/STM32L4xx_HAL_Driver/Inc -I../Drivers/STM32L4xx_HAL_Driver/Inc/Legacy -I../Drivers/CMSIS/Device/ST/STM32L4xx/Include -I../Drivers/CMSIS/Include -I../X-CUBE-MEMS1/Target -I../Drivers/BSP/Components/lsm6dso -I../Drivers/BSP/Components/lis2dw12 -I../Drivers/BSP/Components/lis2mdl -I../Drivers/BSP/Components/hts221 -I../Drivers/BSP/Components/lps22hh -I../Drivers/BSP/Components/stts751 -I../Drivers/BSP/IKS01A3 -I../Drivers/BSP/Components/Common -O0 -ffunction-sections -fdata-sections -Wall -fstack-usage -fcyclomatic-complexity -MMD -MP -MF"Drivers/STM32L4xx_HAL_Driver/Src/stm32l4xx_hal_pwr_ex.d" -MT"Drivers/STM32L4xx_HAL_Driver/Src/stm32l4xx_hal_pwr_ex.o" --specs=nano.specs -mfpu=fpv4-sp-d16 -mfloat-abi=hard -mthumb -o "Drivers/STM32L4xx_HAL_Driver/Src/stm32l4xx_hal_pwr_ex.o"
arm-none-eabi-gcc "../Drivers/STM32L4xx_HAL_Driver/Src/stm32l4xx_hal_rcc.c" -mcpu=cortex-m4 -std=gnu11 -g3 -DDEBUG -DUSE_HAL_DRIVER -DSTM32L452xx -c -I../Core/Inc -I../Drivers/STM32L4xx_HAL_Driver/Inc -I../Drivers/STM32L4xx_HAL_Driver/Inc/Legacy -I../Drivers/CMSIS/Device/ST/STM32L4xx/Include -I../Drivers/CMSIS/Include -I../X-CUBE-MEMS1/Target -I../Drivers/BSP/Components/lsm6dso -I../Drivers/BSP/Components/lis2dw12 -I../Drivers/BSP/Components/lis2mdl -I../Drivers/BSP/Components/hts221 -I../Drivers/BSP/Components/lps22hh -I../Drivers/BSP/Components/stts751 -I../Drivers/BSP/IKS01A3 -I../Drivers/BSP/Components/Common -O0 -ffunction-sections -fdata-sections -Wall -fstack-usage -fcyclomatic-complexity -MMD -MP -MF"Drivers/STM32L4xx_HAL_Driver/Src/stm32l4xx_hal_rcc.d" -MT"Drivers/STM32L4xx_HAL_Driver/Src/stm32l4xx_hal_rcc.o" --specs=nano.specs -mfpu=fpv4-sp-d16 -mfloat-abi=hard -mthumb -o "Drivers/STM32L4xx_HAL_Driver/Src/stm32l4xx_hal_rcc.o"
arm-none-eabi-gcc "../Drivers/STM32L4xx_HAL_Driver/Src/stm32l4xx_hal_rcc_ex.c" -mcpu=cortex-m4 -std=gnu11 -g3 -DDEBUG -DUSE_HAL_DRIVER -DSTM32L452xx -c -I../Core/Inc -I../Drivers/STM32L4xx_HAL_Driver/Inc -I../Drivers/STM32L4xx_HAL_Driver/Inc/Legacy -I../Drivers/CMSIS/Device/ST/STM32L4xx/Include -I../Drivers/CMSIS/Include -I../X-CUBE-MEMS1/Target -I../Drivers/BSP/Components/lsm6dso -I../Drivers/BSP/Components/lis2dw12 -I../Drivers/BSP/Components/lis2mdl -I../Drivers/BSP/Components/hts221 -I../Drivers/BSP/Components/lps22hh -I../Drivers/BSP/Components/stts751 -I../Drivers/BSP/IKS01A3 -I../Drivers/BSP/Components/Common -O0 -ffunction-sections -fdata-sections -Wall -fstack-usage -fcyclomatic-complexity -MMD -MP -MF"Drivers/STM32L4xx_HAL_Driver/Src/stm32l4xx_hal_rcc_ex.d" -MT"Drivers/STM32L4xx_HAL_Driver/Src/stm32l4xx_hal_rcc_ex.o" --specs=nano.specs -mfpu=fpv4-sp-d16 -mfloat-abi=hard -mthumb -o "Drivers/STM32L4xx_HAL_Driver/Src/stm32l4xx_hal_rcc_ex.o"
arm-none-eabi-gcc "../Drivers/STM32L4xx_HAL_Driver/Src/stm32l4xx_hal_tim.c" -mcpu=cortex-m4 -std=gnu11 -g3 -DDEBUG -DUSE_HAL_DRIVER -DSTM32L452xx -c -I../Core/Inc -I../Drivers/STM32L4xx_HAL_Driver/Inc -I../Drivers/STM32L4xx_HAL_Driver/Inc/Legacy -I../Drivers/CMSIS/Device/ST/STM32L4xx/Include -I../Drivers/CMSIS/Include -I../X-CUBE-MEMS1/Target -I../Drivers/BSP/Components/lsm6dso -I../Drivers/BSP/Components/lis2dw12 -I../Drivers/BSP/Components/lis2mdl -I../Drivers/BSP/Components/hts221 -I../Drivers/BSP/Components/lps22hh -I../Drivers/BSP/Components/stts751 -I../Drivers/BSP/IKS01A3 -I../Drivers/BSP/Components/Common -O0 -ffunction-sections -fdata-sections -Wall -fstack-usage -fcyclomatic-complexity -MMD -MP -MF"Drivers/STM32L4xx_HAL_Driver/Src/stm32l4xx_hal_tim.d" -MT"Drivers/STM32L4xx_HAL_Driver/Src/stm32l4xx_hal_tim.o" --specs=nano.specs -mfpu=fpv4-sp-d16 -mfloat-abi=hard -mthumb -o "Drivers/STM32L4xx_HAL_Driver/Src/stm32l4xx_hal_tim.o"
arm-none-eabi-gcc "../Drivers/STM32L4xx_HAL_Driver/Src/stm32l4xx_hal_tim_ex.c" -mcpu=cortex-m4 -std=gnu11 -g3 -DDEBUG -DUSE_HAL_DRIVER -DSTM32L452xx -c -I../Core/Inc -I../Drivers/STM32L4xx_HAL_Driver/Inc -I../Drivers/STM32L4xx_HAL_Driver/Inc/Legacy -I../Drivers/CMSIS/Device/ST/STM32L4xx/Include -I../Drivers/CMSIS/Include -I../X-CUBE-MEMS1/Target -I../Drivers/BSP/Components/lsm6dso -I../Drivers/BSP/Components/lis2dw12 -I../Drivers/BSP/Components/lis2mdl -I../Drivers/BSP/Components/hts221 -I../Drivers/BSP/Components/lps22hh -I../Drivers/BSP/Components/stts751 -I../Drivers/BSP/IKS01A3 -I../Drivers/BSP/Components/Common -O0 -ffunction-sections -fdata-sections -Wall -fstack-usage -fcyclomatic-complexity -MMD -MP -MF"Drivers/STM32L4xx_HAL_Driver/Src/stm32l4xx_hal_tim_ex.d" -MT"Drivers/STM32L4xx_HAL_Driver/Src/stm32l4xx_hal_tim_ex.o" --specs=nano.specs -mfpu=fpv4-sp-d16 -mfloat-abi=hard -mthumb -o "Drivers/STM32L4xx_HAL_Driver/Src/stm32l4xx_hal_tim_ex.o"
arm-none-eabi-gcc "../Drivers/STM32L4xx_HAL_Driver/Src/stm32l4xx_hal_uart.c" -mcpu=cortex-m4 -std=gnu11 -g3 -DDEBUG -DUSE_HAL_DRIVER -DSTM32L452xx -c -I../Core/Inc -I../Drivers/STM32L4xx_HAL_Driver/Inc -I../Drivers/STM32L4xx_HAL_Driver/Inc/Legacy -I../Drivers/CMSIS/Device/ST/STM32L4xx/Include -I../Drivers/CMSIS/Include -I../X-CUBE-MEMS1/Target -I../Drivers/BSP/Components/lsm6dso -I../Drivers/BSP/Components/lis2dw12 -I../Drivers/BSP/Components/lis2mdl -I../Drivers/BSP/Components/hts221 -I../Drivers/BSP/Components/lps22hh -I../Drivers/BSP/Components/stts751 -I../Drivers/BSP/IKS01A3 -I../Drivers/BSP/Components/Common -O0 -ffunction-sections -fdata-sections -Wall -fstack-usage -fcyclomatic-complexity -MMD -MP -MF"Drivers/STM32L4xx_HAL_Driver/Src/stm32l4xx_hal_uart.d" -MT"Drivers/STM32L4xx_HAL_Driver/Src/stm32l4xx_hal_uart.o" --specs=nano.specs -mfpu=fpv4-sp-d16 -mfloat-abi=hard -mthumb -o "Drivers/STM32L4xx_HAL_Driver/Src/stm32l4xx_hal_uart.o"
arm-none-eabi-gcc "../Drivers/STM32L4xx_HAL_Driver/Src/stm32l4xx_hal_uart_ex.c" -mcpu=cortex-m4 -std=gnu11 -g3 -DDEBUG -DUSE_HAL_DRIVER -DSTM32L452xx -c -I../Core/Inc -I../Drivers/STM32L4xx_HAL_Driver/Inc -I../Drivers/STM32L4xx_HAL_Driver/Inc/Legacy -I../Drivers/CMSIS/Device/ST/STM32L4xx/Include -I../Drivers/CMSIS/Include -I../X-CUBE-MEMS1/Target -I../Drivers/BSP/Components/lsm6dso -I../Drivers/BSP/Components/lis2dw12 -I../Drivers/BSP/Components/lis2mdl -I../Drivers/BSP/Components/hts221 -I../Drivers/BSP/Components/lps22hh -I../Drivers/BSP/Components/stts751 -I../Drivers/BSP/IKS01A3 -I../Drivers/BSP/Components/Common -O0 -ffunction-sections -fdata-sections -Wall -fstack-usage -fcyclomatic-complexity -MMD -MP -MF"Drivers/STM32L4xx_HAL_Driver/Src/stm32l4xx_hal_uart_ex.d" -MT"Drivers/STM32L4xx_HAL_Driver/Src/stm32l4xx_hal_uart_ex.o" --specs=nano.specs -mfpu=fpv4-sp-d16 -mfloat-abi=hard -mthumb -o "Drivers/STM32L4xx_HAL_Driver/Src/stm32l4xx_hal_uart_ex.o"
arm-none-eabi-gcc "../Drivers/BSP/IKS01A3/iks01a3_env_sensors.c" -mcpu=cortex-m4 -std=gnu11 -g3 -DDEBUG -DUSE_HAL_DRIVER -DSTM32L452xx -c -I../Core/Inc -I../Drivers/STM32L4xx_HAL_Driver/Inc -I../Drivers/STM32L4xx_HAL_Driver/Inc/Legacy -I../Drivers/CMSIS/Device/ST/STM32L4xx/Include -I../Drivers/CMSIS/Include -I../X-CUBE-MEMS1/Target -I../Drivers/BSP/Components/lsm6dso -I../Drivers/BSP/Components/lis2dw12 -I../Drivers/BSP/Components/lis2mdl -I../Drivers/BSP/Components/hts221 -I../Drivers/BSP/Components/lps22hh -I../Drivers/BSP/Components/stts751 -I../Drivers/BSP/IKS01A3 -I../Drivers/BSP/Components/Common -O0 -ffunction-sections -fdata-sections -Wall -fstack-usage -fcyclomatic-complexity -MMD -MP -MF"Drivers/BSP/IKS01A3/iks01a3_env_sensors.d" -MT"Drivers/BSP/IKS01A3/iks01a3_env_sensors.o" --specs=nano.specs -mfpu=fpv4-sp-d16 -mfloat-abi=hard -mthumb -o "Drivers/BSP/IKS01A3/iks01a3_env_sensors.o"
arm-none-eabi-gcc "../Drivers/BSP/IKS01A3/iks01a3_env_sensors_ex.c" -mcpu=cortex-m4 -std=gnu11 -g3 -DDEBUG -DUSE_HAL_DRIVER -DSTM32L452xx -c -I../Core/Inc -I../Drivers/STM32L4xx_HAL_Driver/Inc -I../Drivers/STM32L4xx_HAL_Driver/Inc/Legacy -I../Drivers/CMSIS/Device/ST/STM32L4xx/Include -I../Drivers/CMSIS/Include -I../X-CUBE-MEMS1/Target -I../Drivers/BSP/Components/lsm6dso -I../Drivers/BSP/Components/lis2dw12 -I../Drivers/BSP/Components/lis2mdl -I../Drivers/BSP/Components/hts221 -I../Drivers/BSP/Components/lps22hh -I../Drivers/BSP/Components/stts751 -I../Drivers/BSP/IKS01A3 -I../Drivers/BSP/Components/Common -O0 -ffunction-sections -fdata-sections -Wall -fstack-usage -fcyclomatic-complexity -MMD -MP -MF"Drivers/BSP/IKS01A3/iks01a3_env_sensors_ex.d" -MT"Drivers/BSP/IKS01A3/iks01a3_env_sensors_ex.o" --specs=nano.specs -mfpu=fpv4-sp-d16 -mfloat-abi=hard -mthumb -o "Drivers/BSP/IKS01A3/iks01a3_env_sensors_ex.o"
arm-none-eabi-gcc "../Drivers/BSP/IKS01A3/iks01a3_motion_sensors.c" -mcpu=cortex-m4 -std=gnu11 -g3 -DDEBUG -DUSE_HAL_DRIVER -DSTM32L452xx -c -I../Core/Inc -I../Drivers/STM32L4xx_HAL_Driver/Inc -I../Drivers/STM32L4xx_HAL_Driver/Inc/Legacy -I../Drivers/CMSIS/Device/ST/STM32L4xx/Include -I../Drivers/CMSIS/Include -I../X-CUBE-MEMS1/Target -I../Drivers/BSP/Components/lsm6dso -I../Drivers/BSP/Components/lis2dw12 -I../Drivers/BSP/Components/lis2mdl -I../Drivers/BSP/Components/hts221 -I../Drivers/BSP/Components/lps22hh -I../Drivers/BSP/Components/stts751 -I../Drivers/BSP/IKS01A3 -I../Drivers/BSP/Components/Common -O0 -ffunction-sections -fdata-sections -Wall -fstack-usage -fcyclomatic-complexity -MMD -MP -MF"Drivers/BSP/IKS01A3/iks01a3_motion_sensors.d" -MT"Drivers/BSP/IKS01A3/iks01a3_motion_sensors.o" --specs=nano.specs -mfpu=fpv4-sp-d16 -mfloat-abi=hard -mthumb -o "Drivers/BSP/IKS01A3/iks01a3_motion_sensors.o"
arm-none-eabi-gcc "../Drivers/BSP/IKS01A3/iks01a3_motion_sensors_ex.c" -mcpu=cortex-m4 -std=gnu11 -g3 -DDEBUG -DUSE_HAL_DRIVER -DSTM32L452xx -c -I../Core/Inc -I../Drivers/STM32L4xx_HAL_Driver/Inc -I../Drivers/STM32L4xx_HAL_Driver/Inc/Legacy -I../Drivers/CMSIS/Device/ST/STM32L4xx/Include -I../Drivers/CMSIS/Include -I../X-CUBE-MEMS1/Target -I../Drivers/BSP/Components/lsm6dso -I../Drivers/BSP/Components/lis2dw12 -I../Drivers/BSP/Components/lis2mdl -I../Drivers/BSP/Components/hts221 -I../Drivers/BSP/Components/lps22hh -I../Drivers/BSP/Components/stts751 -I../Drivers/BSP/IKS01A3 -I../Drivers/BSP/Components/Common -O0 -ffunction-sections -fdata-sections -Wall -fstack-usage -fcyclomatic-complexity -MMD -MP -MF"Drivers/BSP/IKS01A3/iks01a3_motion_sensors_ex.d" -MT"Drivers/BSP/IKS01A3/iks01a3_motion_sensors_ex.o" --specs=nano.specs -mfpu=fpv4-sp-d16 -mfloat-abi=hard -mthumb -o "Drivers/BSP/IKS01A3/iks01a3_motion_sensors_ex.o"
arm-none-eabi-gcc "../Drivers/BSP/Components/stts751/stts751.c" -mcpu=cortex-m4 -std=gnu11 -g3 -DDEBUG -DUSE_HAL_DRIVER -DSTM32L452xx -c -I../Core/Inc -I../Drivers/STM32L4xx_HAL_Driver/Inc -I../Drivers/STM32L4xx_HAL_Driver/Inc/Legacy -I../Drivers/CMSIS/Device/ST/STM32L4xx/Include -I../Drivers/CMSIS/Include -I../X-CUBE-MEMS1/Target -I../Drivers/BSP/Components/lsm6dso -I../Drivers/BSP/Components/lis2dw12 -I../Drivers/BSP/Components/lis2mdl -I../Drivers/BSP/Components/hts221 -I../Drivers/BSP/Components/lps22hh -I../Drivers/BSP/Components/stts751 -I../Drivers/BSP/IKS01A3 -I../Drivers/BSP/Components/Common -O0 -ffunction-sections -fdata-sections -Wall -fstack-usage -fcyclomatic-complexity -MMD -MP -MF"Drivers/BSP/Components/stts751/stts751.d" -MT"Drivers/BSP/Components/stts751/stts751.o" --specs=nano.specs -mfpu=fpv4-sp-d16 -mfloat-abi=hard -mthumb -o "Drivers/BSP/Components/stts751/stts751.o"
arm-none-eabi-gcc "../Drivers/BSP/Components/stts751/stts751_reg.c" -mcpu=cortex-m4 -std=gnu11 -g3 -DDEBUG -DUSE_HAL_DRIVER -DSTM32L452xx -c -I../Core/Inc -I../Drivers/STM32L4xx_HAL_Driver/Inc -I../Drivers/STM32L4xx_HAL_Driver/Inc/Legacy -I../Drivers/CMSIS/Device/ST/STM32L4xx/Include -I../Drivers/CMSIS/Include -I../X-CUBE-MEMS1/Target -I../Drivers/BSP/Components/lsm6dso -I../Drivers/BSP/Components/lis2dw12 -I../Drivers/BSP/Components/lis2mdl -I../Drivers/BSP/Components/hts221 -I../Drivers/BSP/Components/lps22hh -I../Drivers/BSP/Components/stts751 -I../Drivers/BSP/IKS01A3 -I../Drivers/BSP/Components/Common -O0 -ffunction-sections -fdata-sections -Wall -fstack-usage -fcyclomatic-complexity -MMD -MP -MF"Drivers/BSP/Components/stts751/stts751_reg.d" -MT"Drivers/BSP/Components/stts751/stts751_reg.o" --specs=nano.specs -mfpu=fpv4-sp-d16 -mfloat-abi=hard -mthumb -o "Drivers/BSP/Components/stts751/stts751_reg.o"
arm-none-eabi-gcc "../Drivers/BSP/Components/lsm6dso/lsm6dso.c" -mcpu=cortex-m4 -std=gnu11 -g3 -DDEBUG -DUSE_HAL_DRIVER -DSTM32L452xx -c -I../Core/Inc -I../Drivers/STM32L4xx_HAL_Driver/Inc -I../Drivers/STM32L4xx_HAL_Driver/Inc/Legacy -I../Drivers/CMSIS/Device/ST/STM32L4xx/Include -I../Drivers/CMSIS/Include -I../X-CUBE-MEMS1/Target -I../Drivers/BSP/Components/lsm6dso -I../Drivers/BSP/Components/lis2dw12 -I../Drivers/BSP/Components/lis2mdl -I../Drivers/BSP/Components/hts221 -I../Drivers/BSP/Components/lps22hh -I../Drivers/BSP/Components/stts751 -I../Drivers/BSP/IKS01A3 -I../Drivers/BSP/Components/Common -O0 -ffunction-sections -fdata-sections -Wall -fstack-usage -fcyclomatic-complexity -MMD -MP -MF"Drivers/BSP/Components/lsm6dso/lsm6dso.d" -MT"Drivers/BSP/Components/lsm6dso/lsm6dso.o" --specs=nano.specs -mfpu=fpv4-sp-d16 -mfloat-abi=hard -mthumb -o "Drivers/BSP/Components/lsm6dso/lsm6dso.o"
arm-none-eabi-gcc "../Drivers/BSP/Components/lsm6dso/lsm6dso_reg.c" -mcpu=cortex-m4 -std=gnu11 -g3 -DDEBUG -DUSE_HAL_DRIVER -DSTM32L452xx -c -I../Core/Inc -I../Drivers/STM32L4xx_HAL_Driver/Inc -I../Drivers/STM32L4xx_HAL_Driver/Inc/Legacy -I../Drivers/CMSIS/Device/ST/STM32L4xx/Include -I../Drivers/CMSIS/Include -I../X-CUBE-MEMS1/Target -I../Drivers/BSP/Components/lsm6dso -I../Drivers/BSP/Components/lis2dw12 -I../Drivers/BSP/Components/lis2mdl -I../Drivers/BSP/Components/hts221 -I../Drivers/BSP/Components/lps22hh -I../Drivers/BSP/Components/stts751 -I../Drivers/BSP/IKS01A3 -I../Drivers/BSP/Components/Common -O0 -ffunction-sections -fdata-sections -Wall -fstack-usage -fcyclomatic-complexity -MMD -MP -MF"Drivers/BSP/Components/lsm6dso/lsm6dso_reg.d" -MT"Drivers/BSP/Components/lsm6dso/lsm6dso_reg.o" --specs=nano.specs -mfpu=fpv4-sp-d16 -mfloat-abi=hard -mthumb -o "Drivers/BSP/Components/lsm6dso/lsm6dso_reg.o"
arm-none-eabi-gcc "../Drivers/BSP/Components/lps22hh/lps22hh.c" -mcpu=cortex-m4 -std=gnu11 -g3 -DDEBUG -DUSE_HAL_DRIVER -DSTM32L452xx -c -I../Core/Inc -I../Drivers/STM32L4xx_HAL_Driver/Inc -I../Drivers/STM32L4xx_HAL_Driver/Inc/Legacy -I../Drivers/CMSIS/Device/ST/STM32L4xx/Include -I../Drivers/CMSIS/Include -I../X-CUBE-MEMS1/Target -I../Drivers/BSP/Components/lsm6dso -I../Drivers/BSP/Components/lis2dw12 -I../Drivers/BSP/Components/lis2mdl -I../Drivers/BSP/Components/hts221 -I../Drivers/BSP/Components/lps22hh -I../Drivers/BSP/Components/stts751 -I../Drivers/BSP/IKS01A3 -I../Drivers/BSP/Components/Common -O0 -ffunction-sections -fdata-sections -Wall -fstack-usage -fcyclomatic-complexity -MMD -MP -MF"Drivers/BSP/Components/lps22hh/lps22hh.d" -MT"Drivers/BSP/Components/lps22hh/lps22hh.o" --specs=nano.specs -mfpu=fpv4-sp-d16 -mfloat-abi=hard -mthumb -o "Drivers/BSP/Components/lps22hh/lps22hh.o"
arm-none-eabi-gcc "../Drivers/BSP/Components/lps22hh/lps22hh_reg.c" -mcpu=cortex-m4 -std=gnu11 -g3 -DDEBUG -DUSE_HAL_DRIVER -DSTM32L452xx -c -I../Core/Inc -I../Drivers/STM32L4xx_HAL_Driver/Inc -I../Drivers/STM32L4xx_HAL_Driver/Inc/Legacy -I../Drivers/CMSIS/Device/ST/STM32L4xx/Include -I../Drivers/CMSIS/Include -I../X-CUBE-MEMS1/Target -I../Drivers/BSP/Components/lsm6dso -I../Drivers/BSP/Components/lis2dw12 -I../Drivers/BSP/Components/lis2mdl -I../Drivers/BSP/Components/hts221 -I../Drivers/BSP/Components/lps22hh -I../Drivers/BSP/Components/stts751 -I../Drivers/BSP/IKS01A3 -I../Drivers/BSP/Components/Common -O0 -ffunction-sections -fdata-sections -Wall -fstack-usage -fcyclomatic-complexity -MMD -MP -MF"Drivers/BSP/Components/lps22hh/lps22hh_reg.d" -MT"Drivers/BSP/Components/lps22hh/lps22hh_reg.o" --specs=nano.specs -mfpu=fpv4-sp-d16 -mfloat-abi=hard -mthumb -o "Drivers/BSP/Components/lps22hh/lps22hh_reg.o"
arm-none-eabi-gcc "../Drivers/BSP/Components/lis2mdl/lis2mdl.c" -mcpu=cortex-m4 -std=gnu11 -g3 -DDEBUG -DUSE_HAL_DRIVER -DSTM32L452xx -c -I../Core/Inc -I../Drivers/STM32L4xx_HAL_Driver/Inc -I../Drivers/STM32L4xx_HAL_Driver/Inc/Legacy -I../Drivers/CMSIS/Device/ST/STM32L4xx/Include -I../Drivers/CMSIS/Include -I../X-CUBE-MEMS1/Target -I../Drivers/BSP/Components/lsm6dso -I../Drivers/BSP/Components/lis2dw12 -I../Drivers/BSP/Components/lis2mdl -I../Drivers/BSP/Components/hts221 -I../Drivers/BSP/Components/lps22hh -I../Drivers/BSP/Components/stts751 -I../Drivers/BSP/IKS01A3 -I../Drivers/BSP/Components/Common -O0 -ffunction-sections -fdata-sections -Wall -fstack-usage -fcyclomatic-complexity -MMD -MP -MF"Drivers/BSP/Components/lis2mdl/lis2mdl.d" -MT"Drivers/BSP/Components/lis2mdl/lis2mdl.o" --specs=nano.specs -mfpu=fpv4-sp-d16 -mfloat-abi=hard -mthumb -o "Drivers/BSP/Components/lis2mdl/lis2mdl.o"
arm-none-eabi-gcc "../Drivers/BSP/Components/lis2mdl/lis2mdl_reg.c" -mcpu=cortex-m4 -std=gnu11 -g3 -DDEBUG -DUSE_HAL_DRIVER -DSTM32L452xx -c -I../Core/Inc -I../Drivers/STM32L4xx_HAL_Driver/Inc -I../Drivers/STM32L4xx_HAL_Driver/Inc/Legacy -I../Drivers/CMSIS/Device/ST/STM32L4xx/Include -I../Drivers/CMSIS/Include -I../X-CUBE-MEMS1/Target -I../Drivers/BSP/Components/lsm6dso -I../Drivers/BSP/Components/lis2dw12 -I../Drivers/BSP/Components/lis2mdl -I../Drivers/BSP/Components/hts221 -I../Drivers/BSP/Components/lps22hh -I../Drivers/BSP/Components/stts751 -I../Drivers/BSP/IKS01A3 -I../Drivers/BSP/Components/Common -O0 -ffunction-sections -fdata-sections -Wall -fstack-usage -fcyclomatic-complexity -MMD -MP -MF"Drivers/BSP/Components/lis2mdl/lis2mdl_reg.d" -MT"Drivers/BSP/Components/lis2mdl/lis2mdl_reg.o" --specs=nano.specs -mfpu=fpv4-sp-d16 -mfloat-abi=hard -mthumb -o "Drivers/BSP/Components/lis2mdl/lis2mdl_reg.o"
arm-none-eabi-gcc "../Drivers/BSP/Components/lis2dw12/lis2dw12.c" -mcpu=cortex-m4 -std=gnu11 -g3 -DDEBUG -DUSE_HAL_DRIVER -DSTM32L452xx -c -I../Core/Inc -I../Drivers/STM32L4xx_HAL_Driver/Inc -I../Drivers/STM32L4xx_HAL_Driver/Inc/Legacy -I../Drivers/CMSIS/Device/ST/STM32L4xx/Include -I../Drivers/CMSIS/Include -I../X-CUBE-MEMS1/Target -I../Drivers/BSP/Components/lsm6dso -I../Drivers/BSP/Components/lis2dw12 -I../Drivers/BSP/Components/lis2mdl -I../Drivers/BSP/Components/hts221 -I../Drivers/BSP/Components/lps22hh -I../Drivers/BSP/Components/stts751 -I../Drivers/BSP/IKS01A3 -I../Drivers/BSP/Components/Common -O0 -ffunction-sections -fdata-sections -Wall -fstack-usage -fcyclomatic-complexity -MMD -MP -MF"Drivers/BSP/Components/lis2dw12/lis2dw12.d" -MT"Drivers/BSP/Components/lis2dw12/lis2dw12.o" --specs=nano.specs -mfpu=fpv4-sp-d16 -mfloat-abi=hard -mthumb -o "Drivers/BSP/Components/lis2dw12/lis2dw12.o"
arm-none-eabi-gcc "../Drivers/BSP/Components/lis2dw12/lis2dw12_reg.c" -mcpu=cortex-m4 -std=gnu11 -g3 -DDEBUG -DUSE_HAL_DRIVER -DSTM32L452xx -c -I../Core/Inc -I../Drivers/STM32L4xx_HAL_Driver/Inc -I../Drivers/STM32L4xx_HAL_Driver/Inc/Legacy -I../Drivers/CMSIS/Device/ST/STM32L4xx/Include -I../Drivers/CMSIS/Include -I../X-CUBE-MEMS1/Target -I../Drivers/BSP/Components/lsm6dso -I../Drivers/BSP/Components/lis2dw12 -I../Drivers/BSP/Components/lis2mdl -I../Drivers/BSP/Components/hts221 -I../Drivers/BSP/Components/lps22hh -I../Drivers/BSP/Components/stts751 -I../Drivers/BSP/IKS01A3 -I../Drivers/BSP/Components/Common -O0 -ffunction-sections -fdata-sections -Wall -fstack-usage -fcyclomatic-complexity -MMD -MP -MF"Drivers/BSP/Components/lis2dw12/lis2dw12_reg.d" -MT"Drivers/BSP/Components/lis2dw12/lis2dw12_reg.o" --specs=nano.specs -mfpu=fpv4-sp-d16 -mfloat-abi=hard -mthumb -o "Drivers/BSP/Components/lis2dw12/lis2dw12_reg.o"
arm-none-eabi-gcc "../Drivers/BSP/Components/hts221/hts221.c" -mcpu=cortex-m4 -std=gnu11 -g3 -DDEBUG -DUSE_HAL_DRIVER -DSTM32L452xx -c -I../Core/Inc -I../Drivers/STM32L4xx_HAL_Driver/Inc -I../Drivers/STM32L4xx_HAL_Driver/Inc/Legacy -I../Drivers/CMSIS/Device/ST/STM32L4xx/Include -I../Drivers/CMSIS/Include -I../X-CUBE-MEMS1/Target -I../Drivers/BSP/Components/lsm6dso -I../Drivers/BSP/Components/lis2dw12 -I../Drivers/BSP/Components/lis2mdl -I../Drivers/BSP/Components/hts221 -I../Drivers/BSP/Components/lps22hh -I../Drivers/BSP/Components/stts751 -I../Drivers/BSP/IKS01A3 -I../Drivers/BSP/Components/Common -O0 -ffunction-sections -fdata-sections -Wall -fstack-usage -fcyclomatic-complexity -MMD -MP -MF"Drivers/BSP/Components/hts221/hts221.d" -MT"Drivers/BSP/Components/hts221/hts221.o" --specs=nano.specs -mfpu=fpv4-sp-d16 -mfloat-abi=hard -mthumb -o "Drivers/BSP/Components/hts221/hts221.o"
arm-none-eabi-gcc "../Drivers/BSP/Components/hts221/hts221_reg.c" -mcpu=cortex-m4 -std=gnu11 -g3 -DDEBUG -DUSE_HAL_DRIVER -DSTM32L452xx -c -I../Core/Inc -I../Drivers/STM32L4xx_HAL_Driver/Inc -I../Drivers/STM32L4xx_HAL_Driver/Inc/Legacy -I../Drivers/CMSIS/Device/ST/STM32L4xx/Include -I../Drivers/CMSIS/Include -I../X-CUBE-MEMS1/Target -I../Drivers/BSP/Components/lsm6dso -I../Drivers/BSP/Components/lis2dw12 -I../Drivers/BSP/Components/lis2mdl -I../Drivers/BSP/Components/hts221 -I../Drivers/BSP/Components/lps22hh -I../Drivers/BSP/Components/stts751 -I../Drivers/BSP/IKS01A3 -I../Drivers/BSP/Components/Common -O0 -ffunction-sections -fdata-sections -Wall -fstack-usage -fcyclomatic-complexity -MMD -MP -MF"Drivers/BSP/Components/hts221/hts221_reg.d" -MT"Drivers/BSP/Components/hts221/hts221_reg.o" --specs=nano.specs -mfpu=fpv4-sp-d16 -mfloat-abi=hard -mthumb -o "Drivers/BSP/Components/hts221/hts221_reg.o"
arm-none-eabi-gcc -mcpu=cortex-m4 -g3 -DDEBUG -c -x assembler-with-cpp -MMD -MP -MF"Core/Startup/startup_stm32l452retx.d" -MT"Core/Startup/startup_stm32l452retx.o" --specs=nano.specs -mfpu=fpv4-sp-d16 -mfloat-abi=hard -mthumb -o "Core/Startup/startup_stm32l452retx.o" "../Core/Startup/startup_stm32l452retx.s"
arm-none-eabi-gcc "../Core/Src/main.c" -mcpu=cortex-m4 -std=gnu11 -g3 -DDEBUG -DUSE_HAL_DRIVER -DSTM32L452xx -c -I../Core/Inc -I../Drivers/STM32L4xx_HAL_Driver/Inc -I../Drivers/STM32L4xx_HAL_Driver/Inc/Legacy -I../Drivers/CMSIS/Device/ST/STM32L4xx/Include -I../Drivers/CMSIS/Include -I../X-CUBE-MEMS1/Target -I../Drivers/BSP/Components/lsm6dso -I../Drivers/BSP/Components/lis2dw12 -I../Drivers/BSP/Components/lis2mdl -I../Drivers/BSP/Components/hts221 -I../Drivers/BSP/Components/lps22hh -I../Drivers/BSP/Components/stts751 -I../Drivers/BSP/IKS01A3 -I../Drivers/BSP/Components/Common -O0 -ffunction-sections -fdata-sections -Wall -fstack-usage -fcyclomatic-complexity -MMD -MP -MF"Core/Src/main.d" -MT"Core/Src/main.o" --specs=nano.specs -mfpu=fpv4-sp-d16 -mfloat-abi=hard -mthumb -o "Core/Src/main.o"
arm-none-eabi-gcc "../Core/Src/stm32l4xx_hal_msp.c" -mcpu=cortex-m4 -std=gnu11 -g3 -DDEBUG -DUSE_HAL_DRIVER -DSTM32L452xx -c -I../Core/Inc -I../Drivers/STM32L4xx_HAL_Driver/Inc -I../Drivers/STM32L4xx_HAL_Driver/Inc/Legacy -I../Drivers/CMSIS/Device/ST/STM32L4xx/Include -I../Drivers/CMSIS/Include -I../X-CUBE-MEMS1/Target -I../Drivers/BSP/Components/lsm6dso -I../Drivers/BSP/Components/lis2dw12 -I../Drivers/BSP/Components/lis2mdl -I../Drivers/BSP/Components/hts221 -I../Drivers/BSP/Components/lps22hh -I../Drivers/BSP/Components/stts751 -I../Drivers/BSP/IKS01A3 -I../Drivers/BSP/Components/Common -O0 -ffunction-sections -fdata-sections -Wall -fstack-usage -fcyclomatic-complexity -MMD -MP -MF"Core/Src/stm32l4xx_hal_msp.d" -MT"Core/Src/stm32l4xx_hal_msp.o" --specs=nano.specs -mfpu=fpv4-sp-d16 -mfloat-abi=hard -mthumb -o "Core/Src/stm32l4xx_hal_msp.o"
arm-none-eabi-gcc "../Core/Src/stm32l4xx_it.c" -mcpu=cortex-m4 -std=gnu11 -g3 -DDEBUG -DUSE_HAL_DRIVER -DSTM32L452xx -c -I../Core/Inc -I../Drivers/STM32L4xx_HAL_Driver/Inc -I../Drivers/STM32L4xx_HAL_Driver/Inc/Legacy -I../Drivers/CMSIS/Device/ST/STM32L4xx/Include -I../Drivers/CMSIS/Include -I../X-CUBE-MEMS1/Target -I../Drivers/BSP/Components/lsm6dso -I../Drivers/BSP/Components/lis2dw12 -I../Drivers/BSP/Components/lis2mdl -I../Drivers/BSP/Components/hts221 -I../Drivers/BSP/Components/lps22hh -I../Drivers/BSP/Components/stts751 -I../Drivers/BSP/IKS01A3 -I../Drivers/BSP/Components/Common -O0 -ffunction-sections -fdata-sections -Wall -fstack-usage -fcyclomatic-complexity -MMD -MP -MF"Core/Src/stm32l4xx_it.d" -MT"Core/Src/stm32l4xx_it.o" --specs=nano.specs -mfpu=fpv4-sp-d16 -mfloat-abi=hard -mthumb -o "Core/Src/stm32l4xx_it.o"
arm-none-eabi-gcc "../Core/Src/stm32l4xx_nucleo_bus.c" -mcpu=cortex-m4 -std=gnu11 -g3 -DDEBUG -DUSE_HAL_DRIVER -DSTM32L452xx -c -I../Core/Inc -I../Drivers/STM32L4xx_HAL_Driver/Inc -I../Drivers/STM32L4xx_HAL_Driver/Inc/Legacy -I../Drivers/CMSIS/Device/ST/STM32L4xx/Include -I../Drivers/CMSIS/Include -I../X-CUBE-MEMS1/Target -I../Drivers/BSP/Components/lsm6dso -I../Drivers/BSP/Components/lis2dw12 -I../Drivers/BSP/Components/lis2mdl -I../Drivers/BSP/Components/hts221 -I../Drivers/BSP/Components/lps22hh -I../Drivers/BSP/Components/stts751 -I../Drivers/BSP/IKS01A3 -I../Drivers/BSP/Components/Common -O0 -ffunction-sections -fdata-sections -Wall -fstack-usage -fcyclomatic-complexity -MMD -MP -MF"Core/Src/stm32l4xx_nucleo_bus.d" -MT"Core/Src/stm32l4xx_nucleo_bus.o" --specs=nano.specs -mfpu=fpv4-sp-d16 -mfloat-abi=hard -mthumb -o "Core/Src/stm32l4xx_nucleo_bus.o"
arm-none-eabi-gcc "../Core/Src/syscalls.c" -mcpu=cortex-m4 -std=gnu11 -g3 -DDEBUG -DUSE_HAL_DRIVER -DSTM32L452xx -c -I../Core/Inc -I../Drivers/STM32L4xx_HAL_Driver/Inc -I../Drivers/STM32L4xx_HAL_Driver/Inc/Legacy -I../Drivers/CMSIS/Device/ST/STM32L4xx/Include -I../Drivers/CMSIS/Include -I../X-CUBE-MEMS1/Target -I../Drivers/BSP/Components/lsm6dso -I../Drivers/BSP/Components/lis2dw12 -I../Drivers/BSP/Components/lis2mdl -I../Drivers/BSP/Components/hts221 -I../Drivers/BSP/Components/lps22hh -I../Drivers/BSP/Components/stts751 -I../Drivers/BSP/IKS01A3 -I../Drivers/BSP/Components/Common -O0 -ffunction-sections -fdata-sections -Wall -fstack-usage -fcyclomatic-complexity -MMD -MP -MF"Core/Src/syscalls.d" -MT"Core/Src/syscalls.o" --specs=nano.specs -mfpu=fpv4-sp-d16 -mfloat-abi=hard -mthumb -o "Core/Src/syscalls.o"
arm-none-eabi-gcc "../Core/Src/sysmem.c" -mcpu=cortex-m4 -std=gnu11 -g3 -DDEBUG -DUSE_HAL_DRIVER -DSTM32L452xx -c -I../Core/Inc -I../Drivers/STM32L4xx_HAL_Driver/Inc -I../Drivers/STM32L4xx_HAL_Driver/Inc/Legacy -I../Drivers/CMSIS/Device/ST/STM32L4xx/Include -I../Drivers/CMSIS/Include -I../X-CUBE-MEMS1/Target -I../Drivers/BSP/Components/lsm6dso -I../Drivers/BSP/Components/lis2dw12 -I../Drivers/BSP/Components/lis2mdl -I../Drivers/BSP/Components/hts221 -I../Drivers/BSP/Components/lps22hh -I../Drivers/BSP/Components/stts751 -I../Drivers/BSP/IKS01A3 -I../Drivers/BSP/Components/Common -O0 -ffunction-sections -fdata-sections -Wall -fstack-usage -fcyclomatic-complexity -MMD -MP -MF"Core/Src/sysmem.d" -MT"Core/Src/sysmem.o" --specs=nano.specs -mfpu=fpv4-sp-d16 -mfloat-abi=hard -mthumb -o "Core/Src/sysmem.o"
../Core/Src/main.c: In function 'main':
arm-none-eabi-gcc "../Core/Src/system_stm32l4xx.c" -mcpu=cortex-m4 -std=gnu11 -g3 -DDEBUG -DUSE_HAL_DRIVER -DSTM32L452xx -c -I../Core/Inc -I../Drivers/STM32L4xx_HAL_Driver/Inc -I../Drivers/STM32L4xx_HAL_Driver/Inc/Legacy -I../Drivers/CMSIS/Device/ST/STM32L4xx/Include -I../Drivers/CMSIS/Include -I../X-CUBE-MEMS1/Target -I../Drivers/BSP/Components/lsm6dso -I../Drivers/BSP/Components/lis2dw12 -I../Drivers/BSP/Components/lis2mdl -I../Drivers/BSP/Components/hts221 -I../Drivers/BSP/Components/lps22hh -I../Drivers/BSP/Components/stts751 -I../Drivers/BSP/IKS01A3 -I../Drivers/BSP/Components/Common -O0 -ffunction-sections -fdata-sections -Wall -fstack-usage -fcyclomatic-complexity -MMD -MP -MF"Core/Src/system_stm32l4xx.d" -MT"Core/Src/system_stm32l4xx.o" --specs=nano.specs -mfpu=fpv4-sp-d16 -mfloat-abi=hard -mthumb -o "Core/Src/system_stm32l4xx.o"
../Core/Src/main.c:103:96: error: incompatible type for argument 3 of 'IKS01A3_MOTION_SENSOR_GetAxes'
  103 |           IKS01A3_MOTION_SENSOR_GetAxes(USE_IKS01A3_MOTION_SENSOR_LIS2DW12_0, MOTION_ACCELERO, Axes);
      |                                                                                                ^~~~
      |                                                                                                |
      |                                                                                                IKS01A3_MOTION_SENSOR_Axes_t
In file included from ../Core/Src/main.c:25:
../Drivers/BSP/IKS01A3/iks01a3_motion_sensors.h:1081:107: note: expected 'IKS01A3_MOTION_SENSOR_Axes_t *' but argument is of type 'IKS01A3_MOTION_SENSOR_Axes_t'
 1081 | int32_t IKS01A3_MOTION_SENSOR_GetAxes(uint32_t Instance, uint32_t Function, IKS01A3_MOTION_SENSOR_Axes_t *Axes);
      |                                                                             ~~~~~~~~~~~~~~~~~~~~~~~~~~~~~~^~~~
../Core/Src/main.c:104:20: warning: format '%d' expects argument of type 'int', but argument 2 has type 'int32_t' {aka 'long int'} [-Wformat=]
  104 |           printf("%d / %d/ %d", Axes.x)
      |                   ~^            ~~~~~~
      |                    |                |
      |                    int              int32_t {aka long int}
      |                   %ld
../Core/Src/main.c:104:25: warning: format '%d' expects a matching 'int' argument [-Wformat=]
  104 |           printf("%d / %d/ %d", Axes.x)
      |                        ~^
      |                         |
      |                         int
../Core/Src/main.c:104:29: warning: format '%d' expects a matching 'int' argument [-Wformat=]
  104 |           printf("%d / %d/ %d", Axes.x)
      |                            ~^
      |                             |
      |                             int
../Core/Src/main.c:104:40: error: expected ';' before '}' token
  104 |           printf("%d / %d/ %d", Axes.x)
      |                                        ^
      |                                        ;
......
  109 |   }
      |   ~                                     
make: *** [Core/Src/subdir.mk:37: Core/Src/main.o] Error 1
make: *** Waiting for unfinished jobs....
"make -j8 all" terminated with exit code 2. Build might be incomplete.
14:33:36 **** Incremental Build of configuration Debug for project TestingX-NUCLEOSensors ****
make -j8 all 
arm-none-eabi-gcc "../Core/Src/main.c" -mcpu=cortex-m4 -std=gnu11 -g3 -DDEBUG -DUSE_HAL_DRIVER -DSTM32L452xx -c -I../Core/Inc -I../Drivers/STM32L4xx_HAL_Driver/Inc -I../Drivers/STM32L4xx_HAL_Driver/Inc/Legacy -I../Drivers/CMSIS/Device/ST/STM32L4xx/Include -I../Drivers/CMSIS/Include -I../X-CUBE-MEMS1/Target -I../Drivers/BSP/Components/lsm6dso -I../Drivers/BSP/Components/lis2dw12 -I../Drivers/BSP/Components/lis2mdl -I../Drivers/BSP/Components/hts221 -I../Drivers/BSP/Components/lps22hh -I../Drivers/BSP/Components/stts751 -I../Drivers/BSP/IKS01A3 -I../Drivers/BSP/Components/Common -O0 -ffunction-sections -fdata-sections -Wall -fstack-usage -fcyclomatic-complexity -MMD -MP -MF"Core/Src/main.d" -MT"Core/Src/main.o" --specs=nano.specs -mfpu=fpv4-sp-d16 -mfloat-abi=hard -mthumb -o "Core/Src/main.o"
../Core/Src/main.c: In function 'main':
../Core/Src/main.c:103:96: error: incompatible type for argument 3 of 'IKS01A3_MOTION_SENSOR_GetAxes'
  103 |           IKS01A3_MOTION_SENSOR_GetAxes(USE_IKS01A3_MOTION_SENSOR_LIS2DW12_0, MOTION_ACCELERO, Axes);
      |                                                                                                ^~~~
      |                                                                                                |
      |                                                                                                IKS01A3_MOTION_SENSOR_Axes_t
In file included from ../Core/Src/main.c:25:
../Drivers/BSP/IKS01A3/iks01a3_motion_sensors.h:1081:107: note: expected 'IKS01A3_MOTION_SENSOR_Axes_t *' but argument is of type 'IKS01A3_MOTION_SENSOR_Axes_t'
 1081 | int32_t IKS01A3_MOTION_SENSOR_GetAxes(uint32_t Instance, uint32_t Function, IKS01A3_MOTION_SENSOR_Axes_t *Axes);
      |                                                                             ~~~~~~~~~~~~~~~~~~~~~~~~~~~~~~^~~~
../Core/Src/main.c:104:20: warning: format '%d' expects argument of type 'int', but argument 2 has type 'int32_t' {aka 'long int'} [-Wformat=]
  104 |           printf("%d \r\n", Axes.x);
      |                   ~^        ~~~~~~
      |                    |            |
      |                    int          int32_t {aka long int}
      |                   %ld
make: *** [Core/Src/subdir.mk:37: Core/Src/main.o] Error 1
"make -j8 all" terminated with exit code 2. Build might be incomplete.
14:33:50 **** Incremental Build of configuration Debug for project TestingX-NUCLEOSensors ****
make -j8 all 
arm-none-eabi-gcc "../Core/Src/main.c" -mcpu=cortex-m4 -std=gnu11 -g3 -DDEBUG -DUSE_HAL_DRIVER -DSTM32L452xx -c -I../Core/Inc -I../Drivers/STM32L4xx_HAL_Driver/Inc -I../Drivers/STM32L4xx_HAL_Driver/Inc/Legacy -I../Drivers/CMSIS/Device/ST/STM32L4xx/Include -I../Drivers/CMSIS/Include -I../X-CUBE-MEMS1/Target -I../Drivers/BSP/Components/lsm6dso -I../Drivers/BSP/Components/lis2dw12 -I../Drivers/BSP/Components/lis2mdl -I../Drivers/BSP/Components/hts221 -I../Drivers/BSP/Components/lps22hh -I../Drivers/BSP/Components/stts751 -I../Drivers/BSP/IKS01A3 -I../Drivers/BSP/Components/Common -O0 -ffunction-sections -fdata-sections -Wall -fstack-usage -fcyclomatic-complexity -MMD -MP -MF"Core/Src/main.d" -MT"Core/Src/main.o" --specs=nano.specs -mfpu=fpv4-sp-d16 -mfloat-abi=hard -mthumb -o "Core/Src/main.o"
../Core/Src/main.c: In function 'main':
../Core/Src/main.c:103:96: error: incompatible type for argument 3 of 'IKS01A3_MOTION_SENSOR_GetAxes'
  103 |           IKS01A3_MOTION_SENSOR_GetAxes(USE_IKS01A3_MOTION_SENSOR_LIS2DW12_0, MOTION_ACCELERO, Axes);
      |                                                                                                ^~~~
      |                                                                                                |
      |                                                                                                IKS01A3_MOTION_SENSOR_Axes_t
In file included from ../Core/Src/main.c:25:
../Drivers/BSP/IKS01A3/iks01a3_motion_sensors.h:1081:107: note: expected 'IKS01A3_MOTION_SENSOR_Axes_t *' but argument is of type 'IKS01A3_MOTION_SENSOR_Axes_t'
 1081 | int32_t IKS01A3_MOTION_SENSOR_GetAxes(uint32_t Instance, uint32_t Function, IKS01A3_MOTION_SENSOR_Axes_t *Axes);
      |                                                                             ~~~~~~~~~~~~~~~~~~~~~~~~~~~~~~^~~~
make: *** [Core/Src/subdir.mk:37: Core/Src/main.o] Error 1
"make -j8 all" terminated with exit code 2. Build might be incomplete.
14:34:05 **** Incremental Build of configuration Debug for project TestingX-NUCLEOSensors ****
make -j8 all 
arm-none-eabi-gcc "../Core/Src/main.c" -mcpu=cortex-m4 -std=gnu11 -g3 -DDEBUG -DUSE_HAL_DRIVER -DSTM32L452xx -c -I../Core/Inc -I../Drivers/STM32L4xx_HAL_Driver/Inc -I../Drivers/STM32L4xx_HAL_Driver/Inc/Legacy -I../Drivers/CMSIS/Device/ST/STM32L4xx/Include -I../Drivers/CMSIS/Include -I../X-CUBE-MEMS1/Target -I../Drivers/BSP/Components/lsm6dso -I../Drivers/BSP/Components/lis2dw12 -I../Drivers/BSP/Components/lis2mdl -I../Drivers/BSP/Components/hts221 -I../Drivers/BSP/Components/lps22hh -I../Drivers/BSP/Components/stts751 -I../Drivers/BSP/IKS01A3 -I../Drivers/BSP/Components/Common -O0 -ffunction-sections -fdata-sections -Wall -fstack-usage -fcyclomatic-complexity -MMD -MP -MF"Core/Src/main.d" -MT"Core/Src/main.o" --specs=nano.specs -mfpu=fpv4-sp-d16 -mfloat-abi=hard -mthumb -o "Core/Src/main.o"
arm-none-eabi-gcc -o "TestingX-NUCLEOSensors.elf" @"objects.list"   -mcpu=cortex-m4 -T"C:\Users\lagoeirl\STM32CubeIDE\SystemPeripherals\TestingX-NUCLEOSensors\STM32L452RETX_FLASH.ld" --specs=nosys.specs -Wl,-Map="TestingX-NUCLEOSensors.map" -Wl,--gc-sections -static --specs=nano.specs -mfpu=fpv4-sp-d16 -mfloat-abi=hard -mthumb -Wl,--start-group -lc -lm -Wl,--end-group
Finished building target: TestingX-NUCLEOSensors.elf
 
arm-none-eabi-size  TestingX-NUCLEOSensors.elf 
arm-none-eabi-objdump -h -S TestingX-NUCLEOSensors.elf  > "TestingX-NUCLEOSensors.list"
   text	   data	    bss	    dec	    hex	filename
  39664	    316	   2380	  42360	   a578	TestingX-NUCLEOSensors.elf
Finished building: default.size.stdout
 
Finished building: TestingX-NUCLEOSensors.list
 
14:34:22 **** Incremental Build of configuration Debug for project TestingX-NUCLEOSensors ****
make -j8 all 
arm-none-eabi-gcc "../Core/Src/main.c" -mcpu=cortex-m4 -std=gnu11 -g3 -DDEBUG -DUSE_HAL_DRIVER -DSTM32L452xx -c -I../Core/Inc -I../Drivers/STM32L4xx_HAL_Driver/Inc -I../Drivers/STM32L4xx_HAL_Driver/Inc/Legacy -I../Drivers/CMSIS/Device/ST/STM32L4xx/Include -I../Drivers/CMSIS/Include -I../X-CUBE-MEMS1/Target -I../Drivers/BSP/Components/lsm6dso -I../Drivers/BSP/Components/lis2dw12 -I../Drivers/BSP/Components/lis2mdl -I../Drivers/BSP/Components/hts221 -I../Drivers/BSP/Components/lps22hh -I../Drivers/BSP/Components/stts751 -I../Drivers/BSP/IKS01A3 -I../Drivers/BSP/Components/Common -O0 -ffunction-sections -fdata-sections -Wall -fstack-usage -fcyclomatic-complexity -MMD -MP -MF"Core/Src/main.d" -MT"Core/Src/main.o" --specs=nano.specs -mfpu=fpv4-sp-d16 -mfloat-abi=hard -mthumb -o "Core/Src/main.o"
arm-none-eabi-gcc -o "TestingX-NUCLEOSensors.elf" @"objects.list"   -mcpu=cortex-m4 -T"C:\Users\lagoeirl\STM32CubeIDE\SystemPeripherals\TestingX-NUCLEOSensors\STM32L452RETX_FLASH.ld" --specs=nosys.specs -Wl,-Map="TestingX-NUCLEOSensors.map" -Wl,--gc-sections -static --specs=nano.specs -mfpu=fpv4-sp-d16 -mfloat-abi=hard -mthumb -Wl,--start-group -lc -lm -Wl,--end-group
Finished building target: TestingX-NUCLEOSensors.elf
 
arm-none-eabi-size  TestingX-NUCLEOSensors.elf 
arm-none-eabi-objdump -h -S TestingX-NUCLEOSensors.elf  > "TestingX-NUCLEOSensors.list"
   text	   data	    bss	    dec	    hex	filename
  39664	    316	   2380	  42360	   a578	TestingX-NUCLEOSensors.elf
Finished building: default.size.stdout
 
Finished building: TestingX-NUCLEOSensors.list
 
14:35:31 **** Incremental Build of configuration Debug for project TestingX-NUCLEOSensors ****
make -j8 all 
arm-none-eabi-size  TestingX-NUCLEOSensors.elf 
   text	   data	    bss	    dec	    hex	filename
  39664	    316	   2380	  42360	   a578	TestingX-NUCLEOSensors.elf
Finished building: default.size.stdout
 
14:38:52 **** Incremental Build of configuration Debug for project TestingX-NUCLEOSensors ****
make -j8 all 
arm-none-eabi-gcc "../Core/Src/main.c" -mcpu=cortex-m4 -std=gnu11 -g3 -DDEBUG -DUSE_HAL_DRIVER -DSTM32L452xx -c -I../Core/Inc -I../Drivers/STM32L4xx_HAL_Driver/Inc -I../Drivers/STM32L4xx_HAL_Driver/Inc/Legacy -I../Drivers/CMSIS/Device/ST/STM32L4xx/Include -I../Drivers/CMSIS/Include -I../X-CUBE-MEMS1/Target -I../Drivers/BSP/Components/lsm6dso -I../Drivers/BSP/Components/lis2dw12 -I../Drivers/BSP/Components/lis2mdl -I../Drivers/BSP/Components/hts221 -I../Drivers/BSP/Components/lps22hh -I../Drivers/BSP/Components/stts751 -I../Drivers/BSP/IKS01A3 -I../Drivers/BSP/Components/Common -O0 -ffunction-sections -fdata-sections -Wall -fstack-usage -fcyclomatic-complexity -MMD -MP -MF"Core/Src/main.d" -MT"Core/Src/main.o" --specs=nano.specs -mfpu=fpv4-sp-d16 -mfloat-abi=hard -mthumb -o "Core/Src/main.o"
arm-none-eabi-gcc -o "TestingX-NUCLEOSensors.elf" @"objects.list"   -mcpu=cortex-m4 -T"C:\Users\lagoeirl\STM32CubeIDE\SystemPeripherals\TestingX-NUCLEOSensors\STM32L452RETX_FLASH.ld" --specs=nosys.specs -Wl,-Map="TestingX-NUCLEOSensors.map" -Wl,--gc-sections -static --specs=nano.specs -mfpu=fpv4-sp-d16 -mfloat-abi=hard -mthumb -Wl,--start-group -lc -lm -Wl,--end-group
Finished building target: TestingX-NUCLEOSensors.elf
 
arm-none-eabi-size  TestingX-NUCLEOSensors.elf 
arm-none-eabi-objdump -h -S TestingX-NUCLEOSensors.elf  > "TestingX-NUCLEOSensors.list"
   text	   data	    bss	    dec	    hex	filename
  39664	    316	   2380	  42360	   a578	TestingX-NUCLEOSensors.elf
Finished building: default.size.stdout
 
Finished building: TestingX-NUCLEOSensors.list
 
14:38:58 **** Incremental Build of configuration Debug for project TestingX-NUCLEOSensors ****
make -j8 all 
arm-none-eabi-gcc "../Core/Src/main.c" -mcpu=cortex-m4 -std=gnu11 -g3 -DDEBUG -DUSE_HAL_DRIVER -DSTM32L452xx -c -I../Core/Inc -I../Drivers/STM32L4xx_HAL_Driver/Inc -I../Drivers/STM32L4xx_HAL_Driver/Inc/Legacy -I../Drivers/CMSIS/Device/ST/STM32L4xx/Include -I../Drivers/CMSIS/Include -I../X-CUBE-MEMS1/Target -I../Drivers/BSP/Components/lsm6dso -I../Drivers/BSP/Components/lis2dw12 -I../Drivers/BSP/Components/lis2mdl -I../Drivers/BSP/Components/hts221 -I../Drivers/BSP/Components/lps22hh -I../Drivers/BSP/Components/stts751 -I../Drivers/BSP/IKS01A3 -I../Drivers/BSP/Components/Common -O0 -ffunction-sections -fdata-sections -Wall -fstack-usage -fcyclomatic-complexity -MMD -MP -MF"Core/Src/main.d" -MT"Core/Src/main.o" --specs=nano.specs -mfpu=fpv4-sp-d16 -mfloat-abi=hard -mthumb -o "Core/Src/main.o"
arm-none-eabi-gcc -o "TestingX-NUCLEOSensors.elf" @"objects.list"   -mcpu=cortex-m4 -T"C:\Users\lagoeirl\STM32CubeIDE\SystemPeripherals\TestingX-NUCLEOSensors\STM32L452RETX_FLASH.ld" --specs=nosys.specs -Wl,-Map="TestingX-NUCLEOSensors.map" -Wl,--gc-sections -static --specs=nano.specs -mfpu=fpv4-sp-d16 -mfloat-abi=hard -mthumb -Wl,--start-group -lc -lm -Wl,--end-group
Finished building target: TestingX-NUCLEOSensors.elf
 
arm-none-eabi-size  TestingX-NUCLEOSensors.elf 
arm-none-eabi-objdump -h -S TestingX-NUCLEOSensors.elf  > "TestingX-NUCLEOSensors.list"
   text	   data	    bss	    dec	    hex	filename
  39976	    316	   2380	  42672	   a6b0	TestingX-NUCLEOSensors.elf
Finished building: default.size.stdout
 
Finished building: TestingX-NUCLEOSensors.list
 
14:39:05 **** Incremental Build of configuration Debug for project TestingX-NUCLEOSensors ****
make -j8 all 
arm-none-eabi-size  TestingX-NUCLEOSensors.elf 
   text	   data	    bss	    dec	    hex	filename
  39976	    316	   2380	  42672	   a6b0	TestingX-NUCLEOSensors.elf
Finished building: default.size.stdout
 
07:55:58 **** Incremental Build of configuration Debug for project TestingX-NUCLEOSensors ****
make -j8 all 
arm-none-eabi-size  TestingX-NUCLEOSensors.elf 
   text	   data	    bss	    dec	    hex	filename
  39976	    316	   2380	  42672	   a6b0	TestingX-NUCLEOSensors.elf
Finished building: default.size.stdout
 
