11:12:33 **** Incremental Build of configuration Debug for project I2C_Slave ****
make -j8 all 
arm-none-eabi-size  I2C_Slave.elf 
   text	   data	    bss	    dec	    hex	filename
  18368	     12	   1796	  20176	   4ed0	I2C_Slave.elf
Finished building: default.size.stdout
 
11:13:25 **** Incremental Build of configuration Debug for project I2C_Master ****
make -j8 all 
arm-none-eabi-size  I2C_Master.elf 
   text	   data	    bss	    dec	    hex	filename
  16200	     16	   1800	  18016	   4660	I2C_Master.elf
Finished building: default.size.stdout
 
11:14:30 **** Incremental Build of configuration Debug for project I2C_Master ****
make -j8 all 
arm-none-eabi-gcc "../Core/Src/stm32g0xx_hal_msp.c" -mcpu=cortex-m0plus -std=gnu11 -g3 -DDEBUG -DUSE_HAL_DRIVER -DSTM32G070xx -c -I../Core/Inc -I../Drivers/STM32G0xx_HAL_Driver/Inc -I../Drivers/STM32G0xx_HAL_Driver/Inc/Legacy -I../Drivers/CMSIS/Device/ST/STM32G0xx/Include -I../Drivers/CMSIS/Include -O0 -ffunction-sections -fdata-sections -Wall -fstack-usage -fcyclomatic-complexity -MMD -MP -MF"Core/Src/stm32g0xx_hal_msp.d" -MT"Core/Src/stm32g0xx_hal_msp.o" --specs=nano.specs -mfloat-abi=soft -mthumb -o "Core/Src/stm32g0xx_hal_msp.o"
arm-none-eabi-gcc -o "I2C_Master.elf" @"objects.list"   -mcpu=cortex-m0plus -T"C:\Users\lagoeirl\STM32CubeIDE\SystemPeripherals\I2C_Master\STM32G070RBTX_FLASH.ld" --specs=nosys.specs -Wl,-Map="I2C_Master.map" -Wl,--gc-sections -static --specs=nano.specs -mfloat-abi=soft -mthumb -Wl,--start-group -lc -lm -Wl,--end-group
Finished building target: I2C_Master.elf
 
arm-none-eabi-size  I2C_Master.elf 
arm-none-eabi-objdump -h -S I2C_Master.elf  > "I2C_Master.list"
   text	   data	    bss	    dec	    hex	filename
  16124	     16	   1800	  17940	   4614	I2C_Master.elf
Finished building: default.size.stdout
 
Finished building: I2C_Master.list
 
11:18:11 **** Incremental Build of configuration Debug for project I2C_Master ****
make -j8 all 
arm-none-eabi-size  I2C_Master.elf 
   text	   data	    bss	    dec	    hex	filename
  16124	     16	   1800	  17940	   4614	I2C_Master.elf
Finished building: default.size.stdout
 
11:18:39 **** Incremental Build of configuration Debug for project I2C_Slave ****
make -j8 all 
arm-none-eabi-size  I2C_Slave.elf 
   text	   data	    bss	    dec	    hex	filename
  18368	     12	   1796	  20176	   4ed0	I2C_Slave.elf
Finished building: default.size.stdout
 
11:23:32 **** Incremental Build of configuration Debug for project I2C_Slave ****
make -j8 all 
arm-none-eabi-size  I2C_Slave.elf 
   text	   data	    bss	    dec	    hex	filename
  18368	     12	   1796	  20176	   4ed0	I2C_Slave.elf
Finished building: default.size.stdout
 
11:32:51 **** Incremental Build of configuration Debug for project I2C_Master ****
make -j8 all 
arm-none-eabi-gcc "../Core/Src/main.c" -mcpu=cortex-m0plus -std=gnu11 -g3 -DDEBUG -DUSE_HAL_DRIVER -DSTM32G070xx -c -I../Core/Inc -I../Drivers/STM32G0xx_HAL_Driver/Inc -I../Drivers/STM32G0xx_HAL_Driver/Inc/Legacy -I../Drivers/CMSIS/Device/ST/STM32G0xx/Include -I../Drivers/CMSIS/Include -O0 -ffunction-sections -fdata-sections -Wall -fstack-usage -fcyclomatic-complexity -MMD -MP -MF"Core/Src/main.d" -MT"Core/Src/main.o" --specs=nano.specs -mfloat-abi=soft -mthumb -o "Core/Src/main.o"
arm-none-eabi-gcc -o "I2C_Master.elf" @"objects.list"   -mcpu=cortex-m0plus -T"C:\Users\lagoeirl\STM32CubeIDE\SystemPeripherals\I2C_Master\STM32G070RBTX_FLASH.ld" --specs=nosys.specs -Wl,-Map="I2C_Master.map" -Wl,--gc-sections -static --specs=nano.specs -mfloat-abi=soft -mthumb -Wl,--start-group -lc -lm -Wl,--end-group
Finished building target: I2C_Master.elf
 
arm-none-eabi-size  I2C_Master.elf 
arm-none-eabi-objdump -h -S I2C_Master.elf  > "I2C_Master.list"
   text	   data	    bss	    dec	    hex	filename
  16120	     16	   1800	  17936	   4610	I2C_Master.elf
Finished building: default.size.stdout
 
Finished building: I2C_Master.list
 
13:36:15 **** Incremental Build of configuration Debug for project I2C_Master ****
make -j8 all 
arm-none-eabi-size  I2C_Master.elf 
   text	   data	    bss	    dec	    hex	filename
  16120	     16	   1800	  17936	   4610	I2C_Master.elf
Finished building: default.size.stdout
 
13:37:48 **** Incremental Build of configuration Debug for project I2C_Slave ****
make -j8 all 
arm-none-eabi-size  I2C_Slave.elf 
   text	   data	    bss	    dec	    hex	filename
  18368	     12	   1796	  20176	   4ed0	I2C_Slave.elf
Finished building: default.size.stdout
 
13:38:30 **** Incremental Build of configuration Debug for project I2C_Slave ****
make -j8 all 
arm-none-eabi-size  I2C_Slave.elf 
   text	   data	    bss	    dec	    hex	filename
  18368	     12	   1796	  20176	   4ed0	I2C_Slave.elf
Finished building: default.size.stdout
 
13:47:43 **** Incremental Build of configuration Debug for project I2C_Slave ****
make -j8 all 
arm-none-eabi-size  I2C_Slave.elf 
   text	   data	    bss	    dec	    hex	filename
  18368	     12	   1796	  20176	   4ed0	I2C_Slave.elf
Finished building: default.size.stdout
 
