11:12:13 **** Build of configuration Debug for project I2C_TwoBoards_ComPolling ****
make -j8 all 
arm-none-eabi-gcc "C:/Users/lagoeirl/STM32Cube/Repository/STM32Cube_FW_G0_V1.6.2/Drivers/STM32G0xx_HAL_Driver/Src/stm32g0xx_hal.c" -mcpu=cortex-m0plus -std=gnu11 -g3 -DSTM32G071xx -DUSE_HAL_DRIVER -DDEBUG -c -I../../Inc -I../../../../../../../Drivers/STM32G0xx_HAL_Driver/Inc -I../../../../../../../Drivers/STM32G0xx_HAL_Driver/Inc/Legacy -I../../../../../../../Drivers/CMSIS/Device/ST/STM32G0xx/Include -I../../../../../../../Drivers/CMSIS/Include -I../../../../../../../Drivers/BSP/STM32G0xx_Nucleo -O0 -ffunction-sections -fdata-sections -Wall -fstack-usage -fcyclomatic-complexity -MMD -MP -MF"Drivers/STM32G0xx_HAL_Driver/stm32g0xx_hal.d" -MT"Drivers/STM32G0xx_HAL_Driver/stm32g0xx_hal.o" --specs=nano.specs -mfloat-abi=soft -mthumb -o "Drivers/STM32G0xx_HAL_Driver/stm32g0xx_hal.o"
arm-none-eabi-gcc "C:/Users/lagoeirl/STM32Cube/Repository/STM32Cube_FW_G0_V1.6.2/Drivers/STM32G0xx_HAL_Driver/Src/stm32g0xx_hal_cortex.c" -mcpu=cortex-m0plus -std=gnu11 -g3 -DSTM32G071xx -DUSE_HAL_DRIVER -DDEBUG -c -I../../Inc -I../../../../../../../Drivers/STM32G0xx_HAL_Driver/Inc -I../../../../../../../Drivers/STM32G0xx_HAL_Driver/Inc/Legacy -I../../../../../../../Drivers/CMSIS/Device/ST/STM32G0xx/Include -I../../../../../../../Drivers/CMSIS/Include -I../../../../../../../Drivers/BSP/STM32G0xx_Nucleo -O0 -ffunction-sections -fdata-sections -Wall -fstack-usage -fcyclomatic-complexity -MMD -MP -MF"Drivers/STM32G0xx_HAL_Driver/stm32g0xx_hal_cortex.d" -MT"Drivers/STM32G0xx_HAL_Driver/stm32g0xx_hal_cortex.o" --specs=nano.specs -mfloat-abi=soft -mthumb -o "Drivers/STM32G0xx_HAL_Driver/stm32g0xx_hal_cortex.o"
arm-none-eabi-gcc "C:/Users/lagoeirl/STM32Cube/Repository/STM32Cube_FW_G0_V1.6.2/Drivers/STM32G0xx_HAL_Driver/Src/stm32g0xx_hal_dma.c" -mcpu=cortex-m0plus -std=gnu11 -g3 -DSTM32G071xx -DUSE_HAL_DRIVER -DDEBUG -c -I../../Inc -I../../../../../../../Drivers/STM32G0xx_HAL_Driver/Inc -I../../../../../../../Drivers/STM32G0xx_HAL_Driver/Inc/Legacy -I../../../../../../../Drivers/CMSIS/Device/ST/STM32G0xx/Include -I../../../../../../../Drivers/CMSIS/Include -I../../../../../../../Drivers/BSP/STM32G0xx_Nucleo -O0 -ffunction-sections -fdata-sections -Wall -fstack-usage -fcyclomatic-complexity -MMD -MP -MF"Drivers/STM32G0xx_HAL_Driver/stm32g0xx_hal_dma.d" -MT"Drivers/STM32G0xx_HAL_Driver/stm32g0xx_hal_dma.o" --specs=nano.specs -mfloat-abi=soft -mthumb -o "Drivers/STM32G0xx_HAL_Driver/stm32g0xx_hal_dma.o"
arm-none-eabi-gcc "C:/Users/lagoeirl/STM32Cube/Repository/STM32Cube_FW_G0_V1.6.2/Drivers/STM32G0xx_HAL_Driver/Src/stm32g0xx_hal_dma_ex.c" -mcpu=cortex-m0plus -std=gnu11 -g3 -DSTM32G071xx -DUSE_HAL_DRIVER -DDEBUG -c -I../../Inc -I../../../../../../../Drivers/STM32G0xx_HAL_Driver/Inc -I../../../../../../../Drivers/STM32G0xx_HAL_Driver/Inc/Legacy -I../../../../../../../Drivers/CMSIS/Device/ST/STM32G0xx/Include -I../../../../../../../Drivers/CMSIS/Include -I../../../../../../../Drivers/BSP/STM32G0xx_Nucleo -O0 -ffunction-sections -fdata-sections -Wall -fstack-usage -fcyclomatic-complexity -MMD -MP -MF"Drivers/STM32G0xx_HAL_Driver/stm32g0xx_hal_dma_ex.d" -MT"Drivers/STM32G0xx_HAL_Driver/stm32g0xx_hal_dma_ex.o" --specs=nano.specs -mfloat-abi=soft -mthumb -o "Drivers/STM32G0xx_HAL_Driver/stm32g0xx_hal_dma_ex.o"
arm-none-eabi-gcc "C:/Users/lagoeirl/STM32Cube/Repository/STM32Cube_FW_G0_V1.6.2/Drivers/STM32G0xx_HAL_Driver/Src/stm32g0xx_hal_exti.c" -mcpu=cortex-m0plus -std=gnu11 -g3 -DSTM32G071xx -DUSE_HAL_DRIVER -DDEBUG -c -I../../Inc -I../../../../../../../Drivers/STM32G0xx_HAL_Driver/Inc -I../../../../../../../Drivers/STM32G0xx_HAL_Driver/Inc/Legacy -I../../../../../../../Drivers/CMSIS/Device/ST/STM32G0xx/Include -I../../../../../../../Drivers/CMSIS/Include -I../../../../../../../Drivers/BSP/STM32G0xx_Nucleo -O0 -ffunction-sections -fdata-sections -Wall -fstack-usage -fcyclomatic-complexity -MMD -MP -MF"Drivers/STM32G0xx_HAL_Driver/stm32g0xx_hal_exti.d" -MT"Drivers/STM32G0xx_HAL_Driver/stm32g0xx_hal_exti.o" --specs=nano.specs -mfloat-abi=soft -mthumb -o "Drivers/STM32G0xx_HAL_Driver/stm32g0xx_hal_exti.o"
arm-none-eabi-gcc "C:/Users/lagoeirl/STM32Cube/Repository/STM32Cube_FW_G0_V1.6.2/Drivers/STM32G0xx_HAL_Driver/Src/stm32g0xx_hal_flash.c" -mcpu=cortex-m0plus -std=gnu11 -g3 -DSTM32G071xx -DUSE_HAL_DRIVER -DDEBUG -c -I../../Inc -I../../../../../../../Drivers/STM32G0xx_HAL_Driver/Inc -I../../../../../../../Drivers/STM32G0xx_HAL_Driver/Inc/Legacy -I../../../../../../../Drivers/CMSIS/Device/ST/STM32G0xx/Include -I../../../../../../../Drivers/CMSIS/Include -I../../../../../../../Drivers/BSP/STM32G0xx_Nucleo -O0 -ffunction-sections -fdata-sections -Wall -fstack-usage -fcyclomatic-complexity -MMD -MP -MF"Drivers/STM32G0xx_HAL_Driver/stm32g0xx_hal_flash.d" -MT"Drivers/STM32G0xx_HAL_Driver/stm32g0xx_hal_flash.o" --specs=nano.specs -mfloat-abi=soft -mthumb -o "Drivers/STM32G0xx_HAL_Driver/stm32g0xx_hal_flash.o"
arm-none-eabi-gcc "C:/Users/lagoeirl/STM32Cube/Repository/STM32Cube_FW_G0_V1.6.2/Drivers/STM32G0xx_HAL_Driver/Src/stm32g0xx_hal_flash_ex.c" -mcpu=cortex-m0plus -std=gnu11 -g3 -DSTM32G071xx -DUSE_HAL_DRIVER -DDEBUG -c -I../../Inc -I../../../../../../../Drivers/STM32G0xx_HAL_Driver/Inc -I../../../../../../../Drivers/STM32G0xx_HAL_Driver/Inc/Legacy -I../../../../../../../Drivers/CMSIS/Device/ST/STM32G0xx/Include -I../../../../../../../Drivers/CMSIS/Include -I../../../../../../../Drivers/BSP/STM32G0xx_Nucleo -O0 -ffunction-sections -fdata-sections -Wall -fstack-usage -fcyclomatic-complexity -MMD -MP -MF"Drivers/STM32G0xx_HAL_Driver/stm32g0xx_hal_flash_ex.d" -MT"Drivers/STM32G0xx_HAL_Driver/stm32g0xx_hal_flash_ex.o" --specs=nano.specs -mfloat-abi=soft -mthumb -o "Drivers/STM32G0xx_HAL_Driver/stm32g0xx_hal_flash_ex.o"
arm-none-eabi-gcc "C:/Users/lagoeirl/STM32Cube/Repository/STM32Cube_FW_G0_V1.6.2/Drivers/STM32G0xx_HAL_Driver/Src/stm32g0xx_hal_gpio.c" -mcpu=cortex-m0plus -std=gnu11 -g3 -DSTM32G071xx -DUSE_HAL_DRIVER -DDEBUG -c -I../../Inc -I../../../../../../../Drivers/STM32G0xx_HAL_Driver/Inc -I../../../../../../../Drivers/STM32G0xx_HAL_Driver/Inc/Legacy -I../../../../../../../Drivers/CMSIS/Device/ST/STM32G0xx/Include -I../../../../../../../Drivers/CMSIS/Include -I../../../../../../../Drivers/BSP/STM32G0xx_Nucleo -O0 -ffunction-sections -fdata-sections -Wall -fstack-usage -fcyclomatic-complexity -MMD -MP -MF"Drivers/STM32G0xx_HAL_Driver/stm32g0xx_hal_gpio.d" -MT"Drivers/STM32G0xx_HAL_Driver/stm32g0xx_hal_gpio.o" --specs=nano.specs -mfloat-abi=soft -mthumb -o "Drivers/STM32G0xx_HAL_Driver/stm32g0xx_hal_gpio.o"
arm-none-eabi-gcc "C:/Users/lagoeirl/STM32Cube/Repository/STM32Cube_FW_G0_V1.6.2/Drivers/STM32G0xx_HAL_Driver/Src/stm32g0xx_hal_i2c.c" -mcpu=cortex-m0plus -std=gnu11 -g3 -DSTM32G071xx -DUSE_HAL_DRIVER -DDEBUG -c -I../../Inc -I../../../../../../../Drivers/STM32G0xx_HAL_Driver/Inc -I../../../../../../../Drivers/STM32G0xx_HAL_Driver/Inc/Legacy -I../../../../../../../Drivers/CMSIS/Device/ST/STM32G0xx/Include -I../../../../../../../Drivers/CMSIS/Include -I../../../../../../../Drivers/BSP/STM32G0xx_Nucleo -O0 -ffunction-sections -fdata-sections -Wall -fstack-usage -fcyclomatic-complexity -MMD -MP -MF"Drivers/STM32G0xx_HAL_Driver/stm32g0xx_hal_i2c.d" -MT"Drivers/STM32G0xx_HAL_Driver/stm32g0xx_hal_i2c.o" --specs=nano.specs -mfloat-abi=soft -mthumb -o "Drivers/STM32G0xx_HAL_Driver/stm32g0xx_hal_i2c.o"
arm-none-eabi-gcc "C:/Users/lagoeirl/STM32Cube/Repository/STM32Cube_FW_G0_V1.6.2/Drivers/STM32G0xx_HAL_Driver/Src/stm32g0xx_hal_i2c_ex.c" -mcpu=cortex-m0plus -std=gnu11 -g3 -DSTM32G071xx -DUSE_HAL_DRIVER -DDEBUG -c -I../../Inc -I../../../../../../../Drivers/STM32G0xx_HAL_Driver/Inc -I../../../../../../../Drivers/STM32G0xx_HAL_Driver/Inc/Legacy -I../../../../../../../Drivers/CMSIS/Device/ST/STM32G0xx/Include -I../../../../../../../Drivers/CMSIS/Include -I../../../../../../../Drivers/BSP/STM32G0xx_Nucleo -O0 -ffunction-sections -fdata-sections -Wall -fstack-usage -fcyclomatic-complexity -MMD -MP -MF"Drivers/STM32G0xx_HAL_Driver/stm32g0xx_hal_i2c_ex.d" -MT"Drivers/STM32G0xx_HAL_Driver/stm32g0xx_hal_i2c_ex.o" --specs=nano.specs -mfloat-abi=soft -mthumb -o "Drivers/STM32G0xx_HAL_Driver/stm32g0xx_hal_i2c_ex.o"
arm-none-eabi-gcc "C:/Users/lagoeirl/STM32Cube/Repository/STM32Cube_FW_G0_V1.6.2/Drivers/STM32G0xx_HAL_Driver/Src/stm32g0xx_hal_pwr.c" -mcpu=cortex-m0plus -std=gnu11 -g3 -DSTM32G071xx -DUSE_HAL_DRIVER -DDEBUG -c -I../../Inc -I../../../../../../../Drivers/STM32G0xx_HAL_Driver/Inc -I../../../../../../../Drivers/STM32G0xx_HAL_Driver/Inc/Legacy -I../../../../../../../Drivers/CMSIS/Device/ST/STM32G0xx/Include -I../../../../../../../Drivers/CMSIS/Include -I../../../../../../../Drivers/BSP/STM32G0xx_Nucleo -O0 -ffunction-sections -fdata-sections -Wall -fstack-usage -fcyclomatic-complexity -MMD -MP -MF"Drivers/STM32G0xx_HAL_Driver/stm32g0xx_hal_pwr.d" -MT"Drivers/STM32G0xx_HAL_Driver/stm32g0xx_hal_pwr.o" --specs=nano.specs -mfloat-abi=soft -mthumb -o "Drivers/STM32G0xx_HAL_Driver/stm32g0xx_hal_pwr.o"
arm-none-eabi-gcc "C:/Users/lagoeirl/STM32Cube/Repository/STM32Cube_FW_G0_V1.6.2/Drivers/STM32G0xx_HAL_Driver/Src/stm32g0xx_hal_pwr_ex.c" -mcpu=cortex-m0plus -std=gnu11 -g3 -DSTM32G071xx -DUSE_HAL_DRIVER -DDEBUG -c -I../../Inc -I../../../../../../../Drivers/STM32G0xx_HAL_Driver/Inc -I../../../../../../../Drivers/STM32G0xx_HAL_Driver/Inc/Legacy -I../../../../../../../Drivers/CMSIS/Device/ST/STM32G0xx/Include -I../../../../../../../Drivers/CMSIS/Include -I../../../../../../../Drivers/BSP/STM32G0xx_Nucleo -O0 -ffunction-sections -fdata-sections -Wall -fstack-usage -fcyclomatic-complexity -MMD -MP -MF"Drivers/STM32G0xx_HAL_Driver/stm32g0xx_hal_pwr_ex.d" -MT"Drivers/STM32G0xx_HAL_Driver/stm32g0xx_hal_pwr_ex.o" --specs=nano.specs -mfloat-abi=soft -mthumb -o "Drivers/STM32G0xx_HAL_Driver/stm32g0xx_hal_pwr_ex.o"
arm-none-eabi-gcc "C:/Users/lagoeirl/STM32Cube/Repository/STM32Cube_FW_G0_V1.6.2/Drivers/STM32G0xx_HAL_Driver/Src/stm32g0xx_hal_rcc.c" -mcpu=cortex-m0plus -std=gnu11 -g3 -DSTM32G071xx -DUSE_HAL_DRIVER -DDEBUG -c -I../../Inc -I../../../../../../../Drivers/STM32G0xx_HAL_Driver/Inc -I../../../../../../../Drivers/STM32G0xx_HAL_Driver/Inc/Legacy -I../../../../../../../Drivers/CMSIS/Device/ST/STM32G0xx/Include -I../../../../../../../Drivers/CMSIS/Include -I../../../../../../../Drivers/BSP/STM32G0xx_Nucleo -O0 -ffunction-sections -fdata-sections -Wall -fstack-usage -fcyclomatic-complexity -MMD -MP -MF"Drivers/STM32G0xx_HAL_Driver/stm32g0xx_hal_rcc.d" -MT"Drivers/STM32G0xx_HAL_Driver/stm32g0xx_hal_rcc.o" --specs=nano.specs -mfloat-abi=soft -mthumb -o "Drivers/STM32G0xx_HAL_Driver/stm32g0xx_hal_rcc.o"
arm-none-eabi-gcc "C:/Users/lagoeirl/STM32Cube/Repository/STM32Cube_FW_G0_V1.6.2/Drivers/STM32G0xx_HAL_Driver/Src/stm32g0xx_hal_rcc_ex.c" -mcpu=cortex-m0plus -std=gnu11 -g3 -DSTM32G071xx -DUSE_HAL_DRIVER -DDEBUG -c -I../../Inc -I../../../../../../../Drivers/STM32G0xx_HAL_Driver/Inc -I../../../../../../../Drivers/STM32G0xx_HAL_Driver/Inc/Legacy -I../../../../../../../Drivers/CMSIS/Device/ST/STM32G0xx/Include -I../../../../../../../Drivers/CMSIS/Include -I../../../../../../../Drivers/BSP/STM32G0xx_Nucleo -O0 -ffunction-sections -fdata-sections -Wall -fstack-usage -fcyclomatic-complexity -MMD -MP -MF"Drivers/STM32G0xx_HAL_Driver/stm32g0xx_hal_rcc_ex.d" -MT"Drivers/STM32G0xx_HAL_Driver/stm32g0xx_hal_rcc_ex.o" --specs=nano.specs -mfloat-abi=soft -mthumb -o "Drivers/STM32G0xx_HAL_Driver/stm32g0xx_hal_rcc_ex.o"
arm-none-eabi-gcc "C:/Users/lagoeirl/STM32Cube/Repository/STM32Cube_FW_G0_V1.6.2/Drivers/STM32G0xx_HAL_Driver/Src/stm32g0xx_hal_tim.c" -mcpu=cortex-m0plus -std=gnu11 -g3 -DSTM32G071xx -DUSE_HAL_DRIVER -DDEBUG -c -I../../Inc -I../../../../../../../Drivers/STM32G0xx_HAL_Driver/Inc -I../../../../../../../Drivers/STM32G0xx_HAL_Driver/Inc/Legacy -I../../../../../../../Drivers/CMSIS/Device/ST/STM32G0xx/Include -I../../../../../../../Drivers/CMSIS/Include -I../../../../../../../Drivers/BSP/STM32G0xx_Nucleo -O0 -ffunction-sections -fdata-sections -Wall -fstack-usage -fcyclomatic-complexity -MMD -MP -MF"Drivers/STM32G0xx_HAL_Driver/stm32g0xx_hal_tim.d" -MT"Drivers/STM32G0xx_HAL_Driver/stm32g0xx_hal_tim.o" --specs=nano.specs -mfloat-abi=soft -mthumb -o "Drivers/STM32G0xx_HAL_Driver/stm32g0xx_hal_tim.o"
arm-none-eabi-gcc "C:/Users/lagoeirl/STM32Cube/Repository/STM32Cube_FW_G0_V1.6.2/Drivers/STM32G0xx_HAL_Driver/Src/stm32g0xx_hal_tim_ex.c" -mcpu=cortex-m0plus -std=gnu11 -g3 -DSTM32G071xx -DUSE_HAL_DRIVER -DDEBUG -c -I../../Inc -I../../../../../../../Drivers/STM32G0xx_HAL_Driver/Inc -I../../../../../../../Drivers/STM32G0xx_HAL_Driver/Inc/Legacy -I../../../../../../../Drivers/CMSIS/Device/ST/STM32G0xx/Include -I../../../../../../../Drivers/CMSIS/Include -I../../../../../../../Drivers/BSP/STM32G0xx_Nucleo -O0 -ffunction-sections -fdata-sections -Wall -fstack-usage -fcyclomatic-complexity -MMD -MP -MF"Drivers/STM32G0xx_HAL_Driver/stm32g0xx_hal_tim_ex.d" -MT"Drivers/STM32G0xx_HAL_Driver/stm32g0xx_hal_tim_ex.o" --specs=nano.specs -mfloat-abi=soft -mthumb -o "Drivers/STM32G0xx_HAL_Driver/stm32g0xx_hal_tim_ex.o"
arm-none-eabi-gcc "C:/Users/lagoeirl/STM32Cube/Repository/STM32Cube_FW_G0_V1.6.2/Drivers/STM32G0xx_HAL_Driver/Src/stm32g0xx_ll_dma.c" -mcpu=cortex-m0plus -std=gnu11 -g3 -DSTM32G071xx -DUSE_HAL_DRIVER -DDEBUG -c -I../../Inc -I../../../../../../../Drivers/STM32G0xx_HAL_Driver/Inc -I../../../../../../../Drivers/STM32G0xx_HAL_Driver/Inc/Legacy -I../../../../../../../Drivers/CMSIS/Device/ST/STM32G0xx/Include -I../../../../../../../Drivers/CMSIS/Include -I../../../../../../../Drivers/BSP/STM32G0xx_Nucleo -O0 -ffunction-sections -fdata-sections -Wall -fstack-usage -fcyclomatic-complexity -MMD -MP -MF"Drivers/STM32G0xx_HAL_Driver/stm32g0xx_ll_dma.d" -MT"Drivers/STM32G0xx_HAL_Driver/stm32g0xx_ll_dma.o" --specs=nano.specs -mfloat-abi=soft -mthumb -o "Drivers/STM32G0xx_HAL_Driver/stm32g0xx_ll_dma.o"
arm-none-eabi-gcc "C:/Users/lagoeirl/STM32Cube/Repository/STM32Cube_FW_G0_V1.6.2/Drivers/STM32G0xx_HAL_Driver/Src/stm32g0xx_ll_rcc.c" -mcpu=cortex-m0plus -std=gnu11 -g3 -DSTM32G071xx -DUSE_HAL_DRIVER -DDEBUG -c -I../../Inc -I../../../../../../../Drivers/STM32G0xx_HAL_Driver/Inc -I../../../../../../../Drivers/STM32G0xx_HAL_Driver/Inc/Legacy -I../../../../../../../Drivers/CMSIS/Device/ST/STM32G0xx/Include -I../../../../../../../Drivers/CMSIS/Include -I../../../../../../../Drivers/BSP/STM32G0xx_Nucleo -O0 -ffunction-sections -fdata-sections -Wall -fstack-usage -fcyclomatic-complexity -MMD -MP -MF"Drivers/STM32G0xx_HAL_Driver/stm32g0xx_ll_rcc.d" -MT"Drivers/STM32G0xx_HAL_Driver/stm32g0xx_ll_rcc.o" --specs=nano.specs -mfloat-abi=soft -mthumb -o "Drivers/STM32G0xx_HAL_Driver/stm32g0xx_ll_rcc.o"
arm-none-eabi-gcc "C:/Users/lagoeirl/STM32Cube/Repository/STM32Cube_FW_G0_V1.6.2/Projects/NUCLEO-G071RB/Examples/I2C/I2C_TwoBoards_ComPolling/Src/system_stm32g0xx.c" -mcpu=cortex-m0plus -std=gnu11 -g3 -DSTM32G071xx -DUSE_HAL_DRIVER -DDEBUG -c -I../../Inc -I../../../../../../../Drivers/STM32G0xx_HAL_Driver/Inc -I../../../../../../../Drivers/STM32G0xx_HAL_Driver/Inc/Legacy -I../../../../../../../Drivers/CMSIS/Device/ST/STM32G0xx/Include -I../../../../../../../Drivers/CMSIS/Include -I../../../../../../../Drivers/BSP/STM32G0xx_Nucleo -O0 -ffunction-sections -fdata-sections -Wall -fstack-usage -fcyclomatic-complexity -MMD -MP -MF"Drivers/CMSIS/system_stm32g0xx.d" -MT"Drivers/CMSIS/system_stm32g0xx.o" --specs=nano.specs -mfloat-abi=soft -mthumb -o "Drivers/CMSIS/system_stm32g0xx.o"
arm-none-eabi-gcc "C:/Users/lagoeirl/STM32Cube/Repository/STM32Cube_FW_G0_V1.6.2/Drivers/BSP/STM32G0xx_Nucleo/stm32g0xx_nucleo.c" -mcpu=cortex-m0plus -std=gnu11 -g3 -DSTM32G071xx -DUSE_HAL_DRIVER -DDEBUG -c -I../../Inc -I../../../../../../../Drivers/STM32G0xx_HAL_Driver/Inc -I../../../../../../../Drivers/STM32G0xx_HAL_Driver/Inc/Legacy -I../../../../../../../Drivers/CMSIS/Device/ST/STM32G0xx/Include -I../../../../../../../Drivers/CMSIS/Include -I../../../../../../../Drivers/BSP/STM32G0xx_Nucleo -O0 -ffunction-sections -fdata-sections -Wall -fstack-usage -fcyclomatic-complexity -MMD -MP -MF"Drivers/BSP/STM32G0xx_Nucleo/stm32g0xx_nucleo.d" -MT"Drivers/BSP/STM32G0xx_Nucleo/stm32g0xx_nucleo.o" --specs=nano.specs -mfloat-abi=soft -mthumb -o "Drivers/BSP/STM32G0xx_Nucleo/stm32g0xx_nucleo.o"
arm-none-eabi-gcc "C:/Users/lagoeirl/STM32Cube/Repository/STM32Cube_FW_G0_V1.6.2/Projects/NUCLEO-G071RB/Examples/I2C/I2C_TwoBoards_ComPolling/Src/main.c" -mcpu=cortex-m0plus -std=gnu11 -g3 -DSTM32G071xx -DUSE_HAL_DRIVER -DDEBUG -c -I../../Inc -I../../../../../../../Drivers/STM32G0xx_HAL_Driver/Inc -I../../../../../../../Drivers/STM32G0xx_HAL_Driver/Inc/Legacy -I../../../../../../../Drivers/CMSIS/Device/ST/STM32G0xx/Include -I../../../../../../../Drivers/CMSIS/Include -I../../../../../../../Drivers/BSP/STM32G0xx_Nucleo -O0 -ffunction-sections -fdata-sections -Wall -fstack-usage -fcyclomatic-complexity -MMD -MP -MF"Application/User/main.d" -MT"Application/User/main.o" --specs=nano.specs -mfloat-abi=soft -mthumb -o "Application/User/main.o"
arm-none-eabi-gcc "C:/Users/lagoeirl/STM32Cube/Repository/STM32Cube_FW_G0_V1.6.2/Projects/NUCLEO-G071RB/Examples/I2C/I2C_TwoBoards_ComPolling/Src/stm32g0xx_hal_msp.c" -mcpu=cortex-m0plus -std=gnu11 -g3 -DSTM32G071xx -DUSE_HAL_DRIVER -DDEBUG -c -I../../Inc -I../../../../../../../Drivers/STM32G0xx_HAL_Driver/Inc -I../../../../../../../Drivers/STM32G0xx_HAL_Driver/Inc/Legacy -I../../../../../../../Drivers/CMSIS/Device/ST/STM32G0xx/Include -I../../../../../../../Drivers/CMSIS/Include -I../../../../../../../Drivers/BSP/STM32G0xx_Nucleo -O0 -ffunction-sections -fdata-sections -Wall -fstack-usage -fcyclomatic-complexity -MMD -MP -MF"Application/User/stm32g0xx_hal_msp.d" -MT"Application/User/stm32g0xx_hal_msp.o" --specs=nano.specs -mfloat-abi=soft -mthumb -o "Application/User/stm32g0xx_hal_msp.o"
arm-none-eabi-gcc "C:/Users/lagoeirl/STM32Cube/Repository/STM32Cube_FW_G0_V1.6.2/Projects/NUCLEO-G071RB/Examples/I2C/I2C_TwoBoards_ComPolling/Src/stm32g0xx_it.c" -mcpu=cortex-m0plus -std=gnu11 -g3 -DSTM32G071xx -DUSE_HAL_DRIVER -DDEBUG -c -I../../Inc -I../../../../../../../Drivers/STM32G0xx_HAL_Driver/Inc -I../../../../../../../Drivers/STM32G0xx_HAL_Driver/Inc/Legacy -I../../../../../../../Drivers/CMSIS/Device/ST/STM32G0xx/Include -I../../../../../../../Drivers/CMSIS/Include -I../../../../../../../Drivers/BSP/STM32G0xx_Nucleo -O0 -ffunction-sections -fdata-sections -Wall -fstack-usage -fcyclomatic-complexity -MMD -MP -MF"Application/User/stm32g0xx_it.d" -MT"Application/User/stm32g0xx_it.o" --specs=nano.specs -mfloat-abi=soft -mthumb -o "Application/User/stm32g0xx_it.o"
arm-none-eabi-gcc "../Application/User/syscalls.c" -mcpu=cortex-m0plus -std=gnu11 -g3 -DSTM32G071xx -DUSE_HAL_DRIVER -DDEBUG -c -I../../Inc -I../../../../../../../Drivers/STM32G0xx_HAL_Driver/Inc -I../../../../../../../Drivers/STM32G0xx_HAL_Driver/Inc/Legacy -I../../../../../../../Drivers/CMSIS/Device/ST/STM32G0xx/Include -I../../../../../../../Drivers/CMSIS/Include -I../../../../../../../Drivers/BSP/STM32G0xx_Nucleo -O0 -ffunction-sections -fdata-sections -Wall -fstack-usage -fcyclomatic-complexity -MMD -MP -MF"Application/User/syscalls.d" -MT"Application/User/syscalls.o" --specs=nano.specs -mfloat-abi=soft -mthumb -o "Application/User/syscalls.o"
arm-none-eabi-gcc "../Application/User/sysmem.c" -mcpu=cortex-m0plus -std=gnu11 -g3 -DSTM32G071xx -DUSE_HAL_DRIVER -DDEBUG -c -I../../Inc -I../../../../../../../Drivers/STM32G0xx_HAL_Driver/Inc -I../../../../../../../Drivers/STM32G0xx_HAL_Driver/Inc/Legacy -I../../../../../../../Drivers/CMSIS/Device/ST/STM32G0xx/Include -I../../../../../../../Drivers/CMSIS/Include -I../../../../../../../Drivers/BSP/STM32G0xx_Nucleo -O0 -ffunction-sections -fdata-sections -Wall -fstack-usage -fcyclomatic-complexity -MMD -MP -MF"Application/User/sysmem.d" -MT"Application/User/sysmem.o" --specs=nano.specs -mfloat-abi=soft -mthumb -o "Application/User/sysmem.o"
arm-none-eabi-gcc -mcpu=cortex-m0plus -g3 -c -x assembler-with-cpp -MMD -MP -MF"Application/Startup/startup_stm32g071rbtx.d" -MT"Application/Startup/startup_stm32g071rbtx.o" --specs=nano.specs -mfloat-abi=soft -mthumb -o "Application/Startup/startup_stm32g071rbtx.o" "../Application/Startup/startup_stm32g071rbtx.s"
arm-none-eabi-gcc -o "I2C_TwoBoards_ComPolling.elf" @"objects.list"   -mcpu=cortex-m0plus -T"C:\Users\lagoeirl\STM32Cube\Repository\STM32Cube_FW_G0_V1.6.2\Projects\NUCLEO-G071RB\Examples\I2C\I2C_TwoBoards_ComPolling\STM32CubeIDE\STM32G071RBTX_FLASH.ld" --specs=nosys.specs -Wl,-Map="I2C_TwoBoards_ComPolling.map" -Wl,--gc-sections -static --specs=nano.specs -mfloat-abi=soft -mthumb -Wl,--start-group -lc -lm -Wl,--end-group
C:/ST/STM32CubeIDE_1.16.0/STM32CubeIDE/plugins/com.st.stm32cube.ide.mcu.externaltools.gnu-tools-for-stm32.12.3.rel1.win32_1.0.200.202406191623/tools/bin/../lib/gcc/arm-none-eabi/12.3.1/../../../../arm-none-eabi/bin/ld.exe: warning: I2C_TwoBoards_ComPolling.elf has a LOAD segment with RWX permissions
Finished building target: I2C_TwoBoards_ComPolling.elf
 
arm-none-eabi-size  I2C_TwoBoards_ComPolling.elf 
arm-none-eabi-objdump -h -S I2C_TwoBoards_ComPolling.elf  > "I2C_TwoBoards_ComPolling.list"
   text	   data	    bss	    dec	    hex	filename
  10204	    188	   1820	  12212	   2fb4	I2C_TwoBoards_ComPolling.elf
Finished building: default.size.stdout
 
Finished building: I2C_TwoBoards_ComPolling.list
 

11:12:18 Build Finished. 0 errors, 1 warnings. (took 4s.839ms)

