../Core/Src/main.c:105:5:main	16	static
../Core/Src/main.c:192:6:SystemClock_Config	120	static
../Core/Src/main.c:251:13:MX_ADC1_Init	48	static
../Core/Src/main.c:319:13:MX_DAC1_Init	48	static
../Core/Src/main.c:362:13:MX_ETH_Init	8	static
../Core/Src/main.c:411:13:MX_USART3_UART_Init	8	static
../Core/Src/main.c:459:13:MX_USB_OTG_FS_PCD_Init	8	static
../Core/Src/main.c:493:13:MX_DMA_Init	16	static
../Core/Src/main.c:511:13:MX_GPIO_Init	32	static
../Core/Src/main.c:536:6:Error_Handler	4	static,ignoring_inline_asm
