13:28:45 **** Incremental Build of configuration Debug for project Normal_TSC ****
make -j8 all 
arm-none-eabi-size  Normal_TSC.elf 
   text	   data	    bss	    dec	    hex	filename
  21528	    136	   4496	  26160	   6630	Normal_TSC.elf
Finished building: default.size.stdout
 
13:42:59 **** Incremental Build of configuration Debug for project Normal_TSC ****
make -j8 all 
arm-none-eabi-gcc "../Core/Src/main.c" -mcpu=cortex-m0 -std=gnu11 -g3 -DDEBUG -DUSE_HAL_DRIVER -DSTM32F072xB -c -I../Core/Inc -I../Drivers/STM32F0xx_HAL_Driver/Inc -I../Drivers/STM32F0xx_HAL_Driver/Inc/Legacy -I../Drivers/CMSIS/Device/ST/STM32F0xx/Include -I../Drivers/CMSIS/Include -I../TOUCHSENSING/App -I../Middlewares/ST/STM32_TouchSensing_Library/inc -O0 -ffunction-sections -fdata-sections -Wall -fstack-usage -fcyclomatic-complexity -MMD -MP -MF"Core/Src/main.d" -MT"Core/Src/main.o" --specs=nano.specs -mfloat-abi=soft -mthumb -o "Core/Src/main.o"
arm-none-eabi-gcc -o "Normal_TSC.elf" @"objects.list"   -mcpu=cortex-m0 -T"C:\Users\lagoeirl\STM32CubeIDE\TSC\Normal_TSC\STM32F072RBTX_FLASH.ld" --specs=nosys.specs -Wl,-Map="Normal_TSC.map" -Wl,--gc-sections -static --specs=nano.specs -mfloat-abi=soft -mthumb -Wl,--start-group -lc -lm -Wl,--end-group
Finished building target: Normal_TSC.elf
 
arm-none-eabi-size  Normal_TSC.elf 
arm-none-eabi-objdump -h -S Normal_TSC.elf  > "Normal_TSC.list"
   text	   data	    bss	    dec	    hex	filename
  21528	    136	   3472	  25136	   6230	Normal_TSC.elf
Finished building: default.size.stdout
 
Finished building: Normal_TSC.list
 
13:43:01 **** Incremental Build of configuration Debug for project STM32F072B-Discovery ****
make all 
arm-none-eabi-size  STM32F072B-Discovery.elf 
   text	   data	    bss	    dec	    hex	filename
   9428	     72	   1760	  11260	   2bfc	STM32F072B-Discovery.elf
Finished building: default.size.stdout
 
14:00:00 **** Incremental Build of configuration Debug for project Normal_TSC ****
make -j8 all 
arm-none-eabi-size  Normal_TSC.elf 
   text	   data	    bss	    dec	    hex	filename
  21528	    136	   3472	  25136	   6230	Normal_TSC.elf
Finished building: default.size.stdout
 
14:01:37 **** Incremental Build of configuration Debug for project Normal_TSC ****
make -j8 all 
arm-none-eabi-gcc "../Core/Src/main.c" -mcpu=cortex-m0 -std=gnu11 -g3 -DDEBUG -DUSE_HAL_DRIVER -DSTM32F072xB -c -I../Core/Inc -I../Drivers/STM32F0xx_HAL_Driver/Inc -I../Drivers/STM32F0xx_HAL_Driver/Inc/Legacy -I../Drivers/CMSIS/Device/ST/STM32F0xx/Include -I../Drivers/CMSIS/Include -I../TOUCHSENSING/App -I../Middlewares/ST/STM32_TouchSensing_Library/inc -O0 -ffunction-sections -fdata-sections -Wall -fstack-usage -fcyclomatic-complexity -MMD -MP -MF"Core/Src/main.d" -MT"Core/Src/main.o" --specs=nano.specs -mfloat-abi=soft -mthumb -o "Core/Src/main.o"
../Core/Src/main.c:55:22: error: 'BUFFER_SIZE' undeclared here (not in a function)
   55 | int16_t SampleBuffer[BUFFER_SIZE];
      |                      ^~~~~~~~~~~
make: *** [Core/Src/subdir.mk:34: Core/Src/main.o] Error 1
"make -j8 all" terminated with exit code 2. Build might be incomplete.
14:01:38 **** Incremental Build of configuration Debug for project STM32F072B-Discovery ****
make all 
arm-none-eabi-size  STM32F072B-Discovery.elf 
   text	   data	    bss	    dec	    hex	filename
   9428	     72	   1760	  11260	   2bfc	STM32F072B-Discovery.elf
Finished building: default.size.stdout
 
14:01:58 **** Incremental Build of configuration Debug for project Normal_TSC ****
make -j8 all 
arm-none-eabi-gcc "../Core/Src/main.c" -mcpu=cortex-m0 -std=gnu11 -g3 -DDEBUG -DUSE_HAL_DRIVER -DSTM32F072xB -c -I../Core/Inc -I../Drivers/STM32F0xx_HAL_Driver/Inc -I../Drivers/STM32F0xx_HAL_Driver/Inc/Legacy -I../Drivers/CMSIS/Device/ST/STM32F0xx/Include -I../Drivers/CMSIS/Include -I../TOUCHSENSING/App -I../Middlewares/ST/STM32_TouchSensing_Library/inc -O0 -ffunction-sections -fdata-sections -Wall -fstack-usage -fcyclomatic-complexity -MMD -MP -MF"Core/Src/main.d" -MT"Core/Src/main.o" --specs=nano.specs -mfloat-abi=soft -mthumb -o "Core/Src/main.o"
arm-none-eabi-gcc -o "Normal_TSC.elf" @"objects.list"   -mcpu=cortex-m0 -T"C:\Users\lagoeirl\STM32CubeIDE\TSC\Normal_TSC\STM32F072RBTX_FLASH.ld" --specs=nosys.specs -Wl,-Map="Normal_TSC.map" -Wl,--gc-sections -static --specs=nano.specs -mfloat-abi=soft -mthumb -Wl,--start-group -lc -lm -Wl,--end-group
Finished building target: Normal_TSC.elf
 
arm-none-eabi-size  Normal_TSC.elf 
arm-none-eabi-objdump -h -S Normal_TSC.elf  > "Normal_TSC.list"
   text	   data	    bss	    dec	    hex	filename
  21532	    136	   3152	  24820	   60f4	Normal_TSC.elf
Finished building: default.size.stdout
 
Finished building: Normal_TSC.list
 
14:02:00 **** Incremental Build of configuration Debug for project STM32F072B-Discovery ****
make all 
arm-none-eabi-size  STM32F072B-Discovery.elf 
   text	   data	    bss	    dec	    hex	filename
   9428	     72	   1760	  11260	   2bfc	STM32F072B-Discovery.elf
Finished building: default.size.stdout
 
14:02:03 **** Incremental Build of configuration Debug for project Normal_TSC ****
make -j8 all 
arm-none-eabi-size  Normal_TSC.elf 
   text	   data	    bss	    dec	    hex	filename
  21532	    136	   3152	  24820	   60f4	Normal_TSC.elf
Finished building: default.size.stdout
 
14:02:03 **** Incremental Build of configuration Debug for project STM32F072B-Discovery ****
make all 
arm-none-eabi-size  STM32F072B-Discovery.elf 
   text	   data	    bss	    dec	    hex	filename
   9428	     72	   1760	  11260	   2bfc	STM32F072B-Discovery.elf
Finished building: default.size.stdout
 
14:05:07 **** Incremental Build of configuration Debug for project Normal_TSC ****
make -j8 all 
arm-none-eabi-size  Normal_TSC.elf 
   text	   data	    bss	    dec	    hex	filename
  21532	    136	   3152	  24820	   60f4	Normal_TSC.elf
Finished building: default.size.stdout
 
14:05:34 **** Incremental Build of configuration Debug for project Normal_TSC ****
make -j8 all 
arm-none-eabi-size  Normal_TSC.elf 
   text	   data	    bss	    dec	    hex	filename
  21532	    136	   3152	  24820	   60f4	Normal_TSC.elf
Finished building: default.size.stdout
 
14:10:46 **** Incremental Build of configuration Debug for project Normal_TSC ****
make -j8 all 
arm-none-eabi-size  Normal_TSC.elf 
   text	   data	    bss	    dec	    hex	filename
  21532	    136	   3152	  24820	   60f4	Normal_TSC.elf
Finished building: default.size.stdout
 
14:11:50 **** Incremental Build of configuration Debug for project Normal_TSC ****
make -j8 all 
arm-none-eabi-size  Normal_TSC.elf 
   text	   data	    bss	    dec	    hex	filename
  21532	    136	   3152	  24820	   60f4	Normal_TSC.elf
Finished building: default.size.stdout
 
14:16:41 **** Incremental Build of configuration Debug for project Normal_TSC ****
make -j8 all 
arm-none-eabi-size  Normal_TSC.elf 
   text	   data	    bss	    dec	    hex	filename
  21532	    136	   3152	  24820	   60f4	Normal_TSC.elf
Finished building: default.size.stdout
 
14:18:37 **** Incremental Build of configuration Debug for project Normal_TSC ****
make -j8 all 
arm-none-eabi-gcc "../TOUCHSENSING/App/tsl_user.c" -mcpu=cortex-m0 -std=gnu11 -g3 -DDEBUG -DUSE_HAL_DRIVER -DSTM32F072xB -c -I../Core/Inc -I../Drivers/STM32F0xx_HAL_Driver/Inc -I../Drivers/STM32F0xx_HAL_Driver/Inc/Legacy -I../Drivers/CMSIS/Device/ST/STM32F0xx/Include -I../Drivers/CMSIS/Include -I../TOUCHSENSING/App -I../Middlewares/ST/STM32_TouchSensing_Library/inc -O0 -ffunction-sections -fdata-sections -Wall -fstack-usage -fcyclomatic-complexity -MMD -MP -MF"TOUCHSENSING/App/tsl_user.d" -MT"TOUCHSENSING/App/tsl_user.o" --specs=nano.specs -mfloat-abi=soft -mthumb -o "TOUCHSENSING/App/tsl_user.o"
arm-none-eabi-gcc "../Core/Src/main.c" -mcpu=cortex-m0 -std=gnu11 -g3 -DDEBUG -DUSE_HAL_DRIVER -DSTM32F072xB -c -I../Core/Inc -I../Drivers/STM32F0xx_HAL_Driver/Inc -I../Drivers/STM32F0xx_HAL_Driver/Inc/Legacy -I../Drivers/CMSIS/Device/ST/STM32F0xx/Include -I../Drivers/CMSIS/Include -I../TOUCHSENSING/App -I../Middlewares/ST/STM32_TouchSensing_Library/inc -O0 -ffunction-sections -fdata-sections -Wall -fstack-usage -fcyclomatic-complexity -MMD -MP -MF"Core/Src/main.d" -MT"Core/Src/main.o" --specs=nano.specs -mfloat-abi=soft -mthumb -o "Core/Src/main.o"
arm-none-eabi-gcc "../Core/Src/stm32f0xx_hal_msp.c" -mcpu=cortex-m0 -std=gnu11 -g3 -DDEBUG -DUSE_HAL_DRIVER -DSTM32F072xB -c -I../Core/Inc -I../Drivers/STM32F0xx_HAL_Driver/Inc -I../Drivers/STM32F0xx_HAL_Driver/Inc/Legacy -I../Drivers/CMSIS/Device/ST/STM32F0xx/Include -I../Drivers/CMSIS/Include -I../TOUCHSENSING/App -I../Middlewares/ST/STM32_TouchSensing_Library/inc -O0 -ffunction-sections -fdata-sections -Wall -fstack-usage -fcyclomatic-complexity -MMD -MP -MF"Core/Src/stm32f0xx_hal_msp.d" -MT"Core/Src/stm32f0xx_hal_msp.o" --specs=nano.specs -mfloat-abi=soft -mthumb -o "Core/Src/stm32f0xx_hal_msp.o"
arm-none-eabi-gcc "../Core/Src/stm32f0xx_it.c" -mcpu=cortex-m0 -std=gnu11 -g3 -DDEBUG -DUSE_HAL_DRIVER -DSTM32F072xB -c -I../Core/Inc -I../Drivers/STM32F0xx_HAL_Driver/Inc -I../Drivers/STM32F0xx_HAL_Driver/Inc/Legacy -I../Drivers/CMSIS/Device/ST/STM32F0xx/Include -I../Drivers/CMSIS/Include -I../TOUCHSENSING/App -I../Middlewares/ST/STM32_TouchSensing_Library/inc -O0 -ffunction-sections -fdata-sections -Wall -fstack-usage -fcyclomatic-complexity -MMD -MP -MF"Core/Src/stm32f0xx_it.d" -MT"Core/Src/stm32f0xx_it.o" --specs=nano.specs -mfloat-abi=soft -mthumb -o "Core/Src/stm32f0xx_it.o"
arm-none-eabi-gcc -o "Normal_TSC.elf" @"objects.list"   -mcpu=cortex-m0 -T"C:\Users\lagoeirl\STM32CubeIDE\TSC\Normal_TSC\STM32F072RBTX_FLASH.ld" --specs=nosys.specs -Wl,-Map="Normal_TSC.map" -Wl,--gc-sections -static --specs=nano.specs -mfloat-abi=soft -mthumb -Wl,--start-group -lc -lm -Wl,--end-group
Finished building target: Normal_TSC.elf
 
arm-none-eabi-size  Normal_TSC.elf 
arm-none-eabi-objdump -h -S Normal_TSC.elf  > "Normal_TSC.list"
   text	   data	    bss	    dec	    hex	filename
  23424	    136	   3152	  26712	   6858	Normal_TSC.elf
Finished building: default.size.stdout
 
Finished building: Normal_TSC.list
 
14:20:41 **** Incremental Build of configuration Debug for project Normal_TSC ****
make -j8 all 
arm-none-eabi-gcc -o "Normal_TSC.elf" @"objects.list"   -mcpu=cortex-m0 -T"C:\Users\lagoeirl\STM32CubeIDE\TSC\Normal_TSC\STM32F072RBTX_FLASH.ld" --specs=nosys.specs -Wl,-Map="Normal_TSC.map" -Wl,--gc-sections -static --specs=nano.specs -mfloat-abi=soft -mthumb -Wl,--start-group -lc -lm -Wl,--end-group
Finished building target: Normal_TSC.elf
 
arm-none-eabi-size  Normal_TSC.elf 
arm-none-eabi-objdump -h -S Normal_TSC.elf  > "Normal_TSC.list"
   text	   data	    bss	    dec	    hex	filename
  23424	    136	   3152	  26712	   6858	Normal_TSC.elf
Finished building: default.size.stdout
 
Finished building: Normal_TSC.list
 
14:24:12 **** Incremental Build of configuration Debug for project Normal_TSC ****
make -j8 all 
arm-none-eabi-gcc "../Core/Src/main.c" -mcpu=cortex-m0 -std=gnu11 -g3 -DDEBUG -DUSE_HAL_DRIVER -DSTM32F072xB -c -I../Core/Inc -I../Drivers/STM32F0xx_HAL_Driver/Inc -I../Drivers/STM32F0xx_HAL_Driver/Inc/Legacy -I../Drivers/CMSIS/Device/ST/STM32F0xx/Include -I../Drivers/CMSIS/Include -I../TOUCHSENSING/App -I../Middlewares/ST/STM32_TouchSensing_Library/inc -O0 -ffunction-sections -fdata-sections -Wall -fstack-usage -fcyclomatic-complexity -MMD -MP -MF"Core/Src/main.d" -MT"Core/Src/main.o" --specs=nano.specs -mfloat-abi=soft -mthumb -o "Core/Src/main.o"
../Core/Src/main.c: In function '__io_putchar':
../Core/Src/main.c:394:28: error: 'huart2' undeclared (first use in this function); did you mean 'huart1'?
  394 |         HAL_UART_Transmit(&huart2, (uint8_t*) &ch, 1, HAL_MAX_DELAY);
      |                            ^~~~~~
      |                            huart1
../Core/Src/main.c:394:28: note: each undeclared identifier is reported only once for each function it appears in
make: *** [Core/Src/subdir.mk:34: Core/Src/main.o] Error 1
"make -j8 all" terminated with exit code 2. Build might be incomplete.
14:24:13 **** Incremental Build of configuration Debug for project STM32F072B-Discovery ****
make all 
arm-none-eabi-size  STM32F072B-Discovery.elf 
   text	   data	    bss	    dec	    hex	filename
   9428	     72	   1760	  11260	   2bfc	STM32F072B-Discovery.elf
Finished building: default.size.stdout
 
14:24:18 **** Incremental Build of configuration Debug for project Normal_TSC ****
make -j8 all 
arm-none-eabi-gcc "../Core/Src/main.c" -mcpu=cortex-m0 -std=gnu11 -g3 -DDEBUG -DUSE_HAL_DRIVER -DSTM32F072xB -c -I../Core/Inc -I../Drivers/STM32F0xx_HAL_Driver/Inc -I../Drivers/STM32F0xx_HAL_Driver/Inc/Legacy -I../Drivers/CMSIS/Device/ST/STM32F0xx/Include -I../Drivers/CMSIS/Include -I../TOUCHSENSING/App -I../Middlewares/ST/STM32_TouchSensing_Library/inc -O0 -ffunction-sections -fdata-sections -Wall -fstack-usage -fcyclomatic-complexity -MMD -MP -MF"Core/Src/main.d" -MT"Core/Src/main.o" --specs=nano.specs -mfloat-abi=soft -mthumb -o "Core/Src/main.o"
../Core/Src/main.c: In function '__io_putchar':
../Core/Src/main.c:394:28: error: 'huart2' undeclared (first use in this function); did you mean 'huart1'?
  394 |         HAL_UART_Transmit(&huart2, (uint8_t*) &ch, 1, HAL_MAX_DELAY);
      |                            ^~~~~~
      |                            huart1
../Core/Src/main.c:394:28: note: each undeclared identifier is reported only once for each function it appears in
make: *** [Core/Src/subdir.mk:34: Core/Src/main.o] Error 1
"make -j8 all" terminated with exit code 2. Build might be incomplete.
14:24:19 **** Incremental Build of configuration Debug for project STM32F072B-Discovery ****
make all 
arm-none-eabi-size  STM32F072B-Discovery.elf 
   text	   data	    bss	    dec	    hex	filename
   9428	     72	   1760	  11260	   2bfc	STM32F072B-Discovery.elf
Finished building: default.size.stdout
 
14:24:31 **** Incremental Build of configuration Debug for project Normal_TSC ****
make -j8 all 
arm-none-eabi-gcc "../Core/Src/main.c" -mcpu=cortex-m0 -std=gnu11 -g3 -DDEBUG -DUSE_HAL_DRIVER -DSTM32F072xB -c -I../Core/Inc -I../Drivers/STM32F0xx_HAL_Driver/Inc -I../Drivers/STM32F0xx_HAL_Driver/Inc/Legacy -I../Drivers/CMSIS/Device/ST/STM32F0xx/Include -I../Drivers/CMSIS/Include -I../TOUCHSENSING/App -I../Middlewares/ST/STM32_TouchSensing_Library/inc -O0 -ffunction-sections -fdata-sections -Wall -fstack-usage -fcyclomatic-complexity -MMD -MP -MF"Core/Src/main.d" -MT"Core/Src/main.o" --specs=nano.specs -mfloat-abi=soft -mthumb -o "Core/Src/main.o"
arm-none-eabi-gcc -o "Normal_TSC.elf" @"objects.list"   -mcpu=cortex-m0 -T"C:\Users\lagoeirl\STM32CubeIDE\TSC\Normal_TSC\STM32F072RBTX_FLASH.ld" --specs=nosys.specs -Wl,-Map="Normal_TSC.map" -Wl,--gc-sections -static --specs=nano.specs -mfloat-abi=soft -mthumb -Wl,--start-group -lc -lm -Wl,--end-group
Finished building target: Normal_TSC.elf
 
arm-none-eabi-size  Normal_TSC.elf 
arm-none-eabi-objdump -h -S Normal_TSC.elf  > "Normal_TSC.list"
   text	   data	    bss	    dec	    hex	filename
  23424	    136	   3152	  26712	   6858	Normal_TSC.elf
Finished building: default.size.stdout
 
Finished building: Normal_TSC.list
 
14:24:33 **** Incremental Build of configuration Debug for project STM32F072B-Discovery ****
make all 
arm-none-eabi-size  STM32F072B-Discovery.elf 
   text	   data	    bss	    dec	    hex	filename
   9428	     72	   1760	  11260	   2bfc	STM32F072B-Discovery.elf
Finished building: default.size.stdout
 
14:26:41 **** Incremental Build of configuration Debug for project Normal_TSC ****
make -j8 all 
arm-none-eabi-gcc "../Core/Src/main.c" -mcpu=cortex-m0 -std=gnu11 -g3 -DDEBUG -DUSE_HAL_DRIVER -DSTM32F072xB -c -I../Core/Inc -I../Drivers/STM32F0xx_HAL_Driver/Inc -I../Drivers/STM32F0xx_HAL_Driver/Inc/Legacy -I../Drivers/CMSIS/Device/ST/STM32F0xx/Include -I../Drivers/CMSIS/Include -I../TOUCHSENSING/App -I../Middlewares/ST/STM32_TouchSensing_Library/inc -O0 -ffunction-sections -fdata-sections -Wall -fstack-usage -fcyclomatic-complexity -MMD -MP -MF"Core/Src/main.d" -MT"Core/Src/main.o" --specs=nano.specs -mfloat-abi=soft -mthumb -o "Core/Src/main.o"
arm-none-eabi-gcc -o "Normal_TSC.elf" @"objects.list"   -mcpu=cortex-m0 -T"C:\Users\lagoeirl\STM32CubeIDE\TSC\Normal_TSC\STM32F072RBTX_FLASH.ld" --specs=nosys.specs -Wl,-Map="Normal_TSC.map" -Wl,--gc-sections -static --specs=nano.specs -mfloat-abi=soft -mthumb -Wl,--start-group -lc -lm -Wl,--end-group
Finished building target: Normal_TSC.elf
 
arm-none-eabi-size  Normal_TSC.elf 
arm-none-eabi-objdump -h -S Normal_TSC.elf  > "Normal_TSC.list"
   text	   data	    bss	    dec	    hex	filename
  23428	    136	   3152	  26716	   685c	Normal_TSC.elf
Finished building: default.size.stdout
 
Finished building: Normal_TSC.list
 
14:29:02 **** Incremental Build of configuration Debug for project Normal_TSC ****
make -j8 all 
arm-none-eabi-size  Normal_TSC.elf 
   text	   data	    bss	    dec	    hex	filename
  23428	    136	   3152	  26716	   685c	Normal_TSC.elf
Finished building: default.size.stdout
 
14:29:25 **** Incremental Build of configuration Debug for project Normal_TSC ****
make -j8 all 
arm-none-eabi-size  Normal_TSC.elf 
   text	   data	    bss	    dec	    hex	filename
  23428	    136	   3152	  26716	   685c	Normal_TSC.elf
Finished building: default.size.stdout
 
14:31:54 **** Incremental Build of configuration Debug for project Normal_TSC ****
make -j8 all 
arm-none-eabi-gcc "../Core/Src/stm32f0xx_hal_msp.c" -mcpu=cortex-m0 -std=gnu11 -g3 -DDEBUG -DUSE_HAL_DRIVER -DSTM32F072xB -c -I../Core/Inc -I../Drivers/STM32F0xx_HAL_Driver/Inc -I../Drivers/STM32F0xx_HAL_Driver/Inc/Legacy -I../Drivers/CMSIS/Device/ST/STM32F0xx/Include -I../Drivers/CMSIS/Include -I../TOUCHSENSING/App -I../Middlewares/ST/STM32_TouchSensing_Library/inc -O0 -ffunction-sections -fdata-sections -Wall -fstack-usage -fcyclomatic-complexity -MMD -MP -MF"Core/Src/stm32f0xx_hal_msp.d" -MT"Core/Src/stm32f0xx_hal_msp.o" --specs=nano.specs -mfloat-abi=soft -mthumb -o "Core/Src/stm32f0xx_hal_msp.o"
arm-none-eabi-gcc "../Core/Src/stm32f0xx_it.c" -mcpu=cortex-m0 -std=gnu11 -g3 -DDEBUG -DUSE_HAL_DRIVER -DSTM32F072xB -c -I../Core/Inc -I../Drivers/STM32F0xx_HAL_Driver/Inc -I../Drivers/STM32F0xx_HAL_Driver/Inc/Legacy -I../Drivers/CMSIS/Device/ST/STM32F0xx/Include -I../Drivers/CMSIS/Include -I../TOUCHSENSING/App -I../Middlewares/ST/STM32_TouchSensing_Library/inc -O0 -ffunction-sections -fdata-sections -Wall -fstack-usage -fcyclomatic-complexity -MMD -MP -MF"Core/Src/stm32f0xx_it.d" -MT"Core/Src/stm32f0xx_it.o" --specs=nano.specs -mfloat-abi=soft -mthumb -o "Core/Src/stm32f0xx_it.o"
arm-none-eabi-gcc -o "Normal_TSC.elf" @"objects.list"   -mcpu=cortex-m0 -T"C:\Users\lagoeirl\STM32CubeIDE\TSC\Normal_TSC\STM32F072RBTX_FLASH.ld" --specs=nosys.specs -Wl,-Map="Normal_TSC.map" -Wl,--gc-sections -static --specs=nano.specs -mfloat-abi=soft -mthumb -Wl,--start-group -lc -lm -Wl,--end-group
Finished building target: Normal_TSC.elf
 
arm-none-eabi-size  Normal_TSC.elf 
arm-none-eabi-objdump -h -S Normal_TSC.elf  > "Normal_TSC.list"
   text	   data	    bss	    dec	    hex	filename
  21460	    136	   3152	  24748	   60ac	Normal_TSC.elf
Finished building: default.size.stdout
 
Finished building: Normal_TSC.list
 
14:33:49 **** Incremental Build of configuration Debug for project Normal_TSC ****
make -j8 all 
arm-none-eabi-gcc "../Core/Src/main.c" -mcpu=cortex-m0 -std=gnu11 -g3 -DDEBUG -DUSE_HAL_DRIVER -DSTM32F072xB -c -I../Core/Inc -I../Drivers/STM32F0xx_HAL_Driver/Inc -I../Drivers/STM32F0xx_HAL_Driver/Inc/Legacy -I../Drivers/CMSIS/Device/ST/STM32F0xx/Include -I../Drivers/CMSIS/Include -I../TOUCHSENSING/App -I../Middlewares/ST/STM32_TouchSensing_Library/inc -O0 -ffunction-sections -fdata-sections -Wall -fstack-usage -fcyclomatic-complexity -MMD -MP -MF"Core/Src/main.d" -MT"Core/Src/main.o" --specs=nano.specs -mfloat-abi=soft -mthumb -o "Core/Src/main.o"
../Core/Src/main.c: In function 'Process_Sensors':
../Core/Src/main.c:407:33: error: 'SampleBuffer' undeclared (first use in this function)
  407 |                                 SampleBuffer[i] = 0;  // Clean the Buffer
      |                                 ^~~~~~~~~~~~
../Core/Src/main.c:407:33: note: each undeclared identifier is reported only once for each function it appears in
make: *** [Core/Src/subdir.mk:34: Core/Src/main.o] Error 1
"make -j8 all" terminated with exit code 2. Build might be incomplete.
14:33:50 **** Incremental Build of configuration Debug for project STM32F072B-Discovery ****
make all 
arm-none-eabi-size  STM32F072B-Discovery.elf 
   text	   data	    bss	    dec	    hex	filename
   9428	     72	   1760	  11260	   2bfc	STM32F072B-Discovery.elf
Finished building: default.size.stdout
 
14:34:13 **** Incremental Build of configuration Debug for project Normal_TSC ****
make -j8 all 
arm-none-eabi-gcc "../Core/Src/main.c" -mcpu=cortex-m0 -std=gnu11 -g3 -DDEBUG -DUSE_HAL_DRIVER -DSTM32F072xB -c -I../Core/Inc -I../Drivers/STM32F0xx_HAL_Driver/Inc -I../Drivers/STM32F0xx_HAL_Driver/Inc/Legacy -I../Drivers/CMSIS/Device/ST/STM32F0xx/Include -I../Drivers/CMSIS/Include -I../TOUCHSENSING/App -I../Middlewares/ST/STM32_TouchSensing_Library/inc -O0 -ffunction-sections -fdata-sections -Wall -fstack-usage -fcyclomatic-complexity -MMD -MP -MF"Core/Src/main.d" -MT"Core/Src/main.o" --specs=nano.specs -mfloat-abi=soft -mthumb -o "Core/Src/main.o"
../Core/Src/main.c: In function 'Process_Sensors':
../Core/Src/main.c:408:33: error: 'SampleBuffer' undeclared (first use in this function)
  408 |                                 SampleBuffer[i] = 0;  // Clean the Buffer
      |                                 ^~~~~~~~~~~~
../Core/Src/main.c:408:33: note: each undeclared identifier is reported only once for each function it appears in
make: *** [Core/Src/subdir.mk:34: Core/Src/main.o] Error 1
"make -j8 all" terminated with exit code 2. Build might be incomplete.
14:34:14 **** Incremental Build of configuration Debug for project STM32F072B-Discovery ****
make all 
arm-none-eabi-size  STM32F072B-Discovery.elf 
   text	   data	    bss	    dec	    hex	filename
   9428	     72	   1760	  11260	   2bfc	STM32F072B-Discovery.elf
Finished building: default.size.stdout
 
14:34:27 **** Incremental Build of configuration Debug for project Normal_TSC ****
make -j8 all 
arm-none-eabi-gcc "../Core/Src/main.c" -mcpu=cortex-m0 -std=gnu11 -g3 -DDEBUG -DUSE_HAL_DRIVER -DSTM32F072xB -c -I../Core/Inc -I../Drivers/STM32F0xx_HAL_Driver/Inc -I../Drivers/STM32F0xx_HAL_Driver/Inc/Legacy -I../Drivers/CMSIS/Device/ST/STM32F0xx/Include -I../Drivers/CMSIS/Include -I../TOUCHSENSING/App -I../Middlewares/ST/STM32_TouchSensing_Library/inc -O0 -ffunction-sections -fdata-sections -Wall -fstack-usage -fcyclomatic-complexity -MMD -MP -MF"Core/Src/main.d" -MT"Core/Src/main.o" --specs=nano.specs -mfloat-abi=soft -mthumb -o "Core/Src/main.o"
arm-none-eabi-gcc -o "Normal_TSC.elf" @"objects.list"   -mcpu=cortex-m0 -T"C:\Users\lagoeirl\STM32CubeIDE\TSC\Normal_TSC\STM32F072RBTX_FLASH.ld" --specs=nosys.specs -Wl,-Map="Normal_TSC.map" -Wl,--gc-sections -static --specs=nano.specs -mfloat-abi=soft -mthumb -Wl,--start-group -lc -lm -Wl,--end-group
Finished building target: Normal_TSC.elf
 
arm-none-eabi-size  Normal_TSC.elf 
arm-none-eabi-objdump -h -S Normal_TSC.elf  > "Normal_TSC.list"
   text	   data	    bss	    dec	    hex	filename
  21460	    136	   3152	  24748	   60ac	Normal_TSC.elf
Finished building: default.size.stdout
 
Finished building: Normal_TSC.list
 
14:34:29 **** Incremental Build of configuration Debug for project STM32F072B-Discovery ****
make all 
arm-none-eabi-size  STM32F072B-Discovery.elf 
   text	   data	    bss	    dec	    hex	filename
   9428	     72	   1760	  11260	   2bfc	STM32F072B-Discovery.elf
Finished building: default.size.stdout
 
