14:34:27 **** Incremental Build of configuration Debug for project Normal_TSC ****
make -j8 all 
arm-none-eabi-gcc "../Core/Src/main.c" -mcpu=cortex-m0 -std=gnu11 -g3 -DDEBUG -DUSE_HAL_DRIVER -DSTM32F072xB -c -I../Core/Inc -I../Drivers/STM32F0xx_HAL_Driver/Inc -I../Drivers/STM32F0xx_HAL_Driver/Inc/Legacy -I../Drivers/CMSIS/Device/ST/STM32F0xx/Include -I../Drivers/CMSIS/Include -I../TOUCHSENSING/App -I../Middlewares/ST/STM32_TouchSensing_Library/inc -O0 -ffunction-sections -fdata-sections -Wall -fstack-usage -fcyclomatic-complexity -MMD -MP -MF"Core/Src/main.d" -MT"Core/Src/main.o" --specs=nano.specs -mfloat-abi=soft -mthumb -o "Core/Src/main.o"
arm-none-eabi-gcc -o "Normal_TSC.elf" @"objects.list"   -mcpu=cortex-m0 -T"C:\Users\lagoeirl\STM32CubeIDE\TSC\Normal_TSC\STM32F072RBTX_FLASH.ld" --specs=nosys.specs -Wl,-Map="Normal_TSC.map" -Wl,--gc-sections -static --specs=nano.specs -mfloat-abi=soft -mthumb -Wl,--start-group -lc -lm -Wl,--end-group
Finished building target: Normal_TSC.elf
 
arm-none-eabi-size  Normal_TSC.elf 
arm-none-eabi-objdump -h -S Normal_TSC.elf  > "Normal_TSC.list"
   text	   data	    bss	    dec	    hex	filename
  21460	    136	   3152	  24748	   60ac	Normal_TSC.elf
Finished building: default.size.stdout
 
Finished building: Normal_TSC.list
 

14:34:29 Build Finished. 0 errors, 0 warnings. (took 1s.844ms)

