Archive member included to satisfy reference by file (symbol)

C:/ST/STM32CubeIDE_1.16.0/STM32CubeIDE/plugins/com.st.stm32cube.ide.mcu.externaltools.gnu-tools-for-stm32.12.3.rel1.win32_1.0.200.202406191623/tools/bin/../lib/gcc/arm-none-eabi/12.3.1/../../../../arm-none-eabi/lib/thumb/v7e-m+fp/hard\libc_nano.a(libc_a-exit.o)
                              C:/ST/STM32CubeIDE_1.16.0/STM32CubeIDE/plugins/com.st.stm32cube.ide.mcu.externaltools.gnu-tools-for-stm32.12.3.rel1.win32_1.0.200.202406191623/tools/bin/../lib/gcc/arm-none-eabi/12.3.1/../../../../arm-none-eabi/lib/thumb/v7e-m+fp/hard/crt0.o (exit)
C:/ST/STM32CubeIDE_1.16.0/STM32CubeIDE/plugins/com.st.stm32cube.ide.mcu.externaltools.gnu-tools-for-stm32.12.3.rel1.win32_1.0.200.202406191623/tools/bin/../lib/gcc/arm-none-eabi/12.3.1/../../../../arm-none-eabi/lib/thumb/v7e-m+fp/hard\libc_nano.a(libc_a-findfp.o)
                              C:/ST/STM32CubeIDE_1.16.0/STM32CubeIDE/plugins/com.st.stm32cube.ide.mcu.externaltools.gnu-tools-for-stm32.12.3.rel1.win32_1.0.200.202406191623/tools/bin/../lib/gcc/arm-none-eabi/12.3.1/../../../../arm-none-eabi/lib/thumb/v7e-m+fp/hard\libc_nano.a(libc_a-exit.o) (__stdio_exit_handler)
C:/ST/STM32CubeIDE_1.16.0/STM32CubeIDE/plugins/com.st.stm32cube.ide.mcu.externaltools.gnu-tools-for-stm32.12.3.rel1.win32_1.0.200.202406191623/tools/bin/../lib/gcc/arm-none-eabi/12.3.1/../../../../arm-none-eabi/lib/thumb/v7e-m+fp/hard\libc_nano.a(libc_a-fwalk.o)
                              C:/ST/STM32CubeIDE_1.16.0/STM32CubeIDE/plugins/com.st.stm32cube.ide.mcu.externaltools.gnu-tools-for-stm32.12.3.rel1.win32_1.0.200.202406191623/tools/bin/../lib/gcc/arm-none-eabi/12.3.1/../../../../arm-none-eabi/lib/thumb/v7e-m+fp/hard\libc_nano.a(libc_a-findfp.o) (_fwalk_sglue)
C:/ST/STM32CubeIDE_1.16.0/STM32CubeIDE/plugins/com.st.stm32cube.ide.mcu.externaltools.gnu-tools-for-stm32.12.3.rel1.win32_1.0.200.202406191623/tools/bin/../lib/gcc/arm-none-eabi/12.3.1/../../../../arm-none-eabi/lib/thumb/v7e-m+fp/hard\libc_nano.a(libc_a-printf.o)
                              ./Core/Src/main.o (printf)
C:/ST/STM32CubeIDE_1.16.0/STM32CubeIDE/plugins/com.st.stm32cube.ide.mcu.externaltools.gnu-tools-for-stm32.12.3.rel1.win32_1.0.200.202406191623/tools/bin/../lib/gcc/arm-none-eabi/12.3.1/../../../../arm-none-eabi/lib/thumb/v7e-m+fp/hard\libc_nano.a(libc_a-stdio.o)
                              C:/ST/STM32CubeIDE_1.16.0/STM32CubeIDE/plugins/com.st.stm32cube.ide.mcu.externaltools.gnu-tools-for-stm32.12.3.rel1.win32_1.0.200.202406191623/tools/bin/../lib/gcc/arm-none-eabi/12.3.1/../../../../arm-none-eabi/lib/thumb/v7e-m+fp/hard\libc_nano.a(libc_a-findfp.o) (__sread)
C:/ST/STM32CubeIDE_1.16.0/STM32CubeIDE/plugins/com.st.stm32cube.ide.mcu.externaltools.gnu-tools-for-stm32.12.3.rel1.win32_1.0.200.202406191623/tools/bin/../lib/gcc/arm-none-eabi/12.3.1/../../../../arm-none-eabi/lib/thumb/v7e-m+fp/hard\libc_nano.a(libc_a-memset.o)
                              C:/ST/STM32CubeIDE_1.16.0/STM32CubeIDE/plugins/com.st.stm32cube.ide.mcu.externaltools.gnu-tools-for-stm32.12.3.rel1.win32_1.0.200.202406191623/tools/bin/../lib/gcc/arm-none-eabi/12.3.1/../../../../arm-none-eabi/lib/thumb/v7e-m+fp/hard/crt0.o (memset)
C:/ST/STM32CubeIDE_1.16.0/STM32CubeIDE/plugins/com.st.stm32cube.ide.mcu.externaltools.gnu-tools-for-stm32.12.3.rel1.win32_1.0.200.202406191623/tools/bin/../lib/gcc/arm-none-eabi/12.3.1/../../../../arm-none-eabi/lib/thumb/v7e-m+fp/hard\libc_nano.a(libc_a-closer.o)
                              C:/ST/STM32CubeIDE_1.16.0/STM32CubeIDE/plugins/com.st.stm32cube.ide.mcu.externaltools.gnu-tools-for-stm32.12.3.rel1.win32_1.0.200.202406191623/tools/bin/../lib/gcc/arm-none-eabi/12.3.1/../../../../arm-none-eabi/lib/thumb/v7e-m+fp/hard\libc_nano.a(libc_a-stdio.o) (_close_r)
C:/ST/STM32CubeIDE_1.16.0/STM32CubeIDE/plugins/com.st.stm32cube.ide.mcu.externaltools.gnu-tools-for-stm32.12.3.rel1.win32_1.0.200.202406191623/tools/bin/../lib/gcc/arm-none-eabi/12.3.1/../../../../arm-none-eabi/lib/thumb/v7e-m+fp/hard\libc_nano.a(libc_a-reent.o)
                              C:/ST/STM32CubeIDE_1.16.0/STM32CubeIDE/plugins/com.st.stm32cube.ide.mcu.externaltools.gnu-tools-for-stm32.12.3.rel1.win32_1.0.200.202406191623/tools/bin/../lib/gcc/arm-none-eabi/12.3.1/../../../../arm-none-eabi/lib/thumb/v7e-m+fp/hard\libc_nano.a(libc_a-closer.o) (errno)
C:/ST/STM32CubeIDE_1.16.0/STM32CubeIDE/plugins/com.st.stm32cube.ide.mcu.externaltools.gnu-tools-for-stm32.12.3.rel1.win32_1.0.200.202406191623/tools/bin/../lib/gcc/arm-none-eabi/12.3.1/../../../../arm-none-eabi/lib/thumb/v7e-m+fp/hard\libc_nano.a(libc_a-impure.o)
                              C:/ST/STM32CubeIDE_1.16.0/STM32CubeIDE/plugins/com.st.stm32cube.ide.mcu.externaltools.gnu-tools-for-stm32.12.3.rel1.win32_1.0.200.202406191623/tools/bin/../lib/gcc/arm-none-eabi/12.3.1/../../../../arm-none-eabi/lib/thumb/v7e-m+fp/hard\libc_nano.a(libc_a-printf.o) (_impure_ptr)
[...]
Memory Configuration

Name             Origin             Length             Attributes
RAM              0x20000000         0x00028000         xrw
RAM2             0x10000000         0x00008000         xrw
FLASH            0x08000000         0x00080000         xr
*default*        0x00000000         0xffffffff

Linker script and memory map

LOAD C:/ST/STM32CubeIDE_1.16.0/STM32CubeIDE/plugins/com.st.stm32cube.ide.mcu.externaltools.gnu-tools-for-stm32.12.3.rel1.win32_1.0.200.202406191623/tools/bin/../lib/gcc/arm-none-eabi/12.3.1/thumb/v7e-m+fp/hard/crti.o
LOAD C:/ST/STM32CubeIDE_1.16.0/STM32CubeIDE/plugins/com.st.stm32cube.ide.mcu.externaltools.gnu-tools-for-stm32.12.3.rel1.win32_1.0.200.202406191623/tools/bin/../lib/gcc/arm-none-eabi/12.3.1/thumb/v7e-m+fp/hard/crtbegin.o
LOAD C:/ST/STM32CubeIDE_1.16.0/STM32CubeIDE/plugins/com.st.stm32cube.ide.mcu.externaltools.gnu-tools-for-stm32.12.3.rel1.win32_1.0.200.202406191623/tools/bin/../lib/gcc/arm-none-eabi/12.3.1/../../../../arm-none-eabi/lib/thumb/v7e-m+fp/hard/crt0.o
LOAD ./Core/Src/main.o
LOAD ./Core/Src/stm32l4xx_hal_msp.o
LOAD ./Core/Src/stm32l4xx_it.o
LOAD ./Core/Src/stm32l4xx_nucleo_bus.o
LOAD ./Core/Src/syscalls.o
LOAD ./Core/Src/sysmem.o
LOAD ./Core/Src/system_stm32l4xx.o
LOAD ./Core/Startup/startup_stm32l452retx.o
LOAD ./Drivers/BSP/Components/hts221/hts221.o
LOAD ./Drivers/BSP/Components/hts221/hts221_reg.o
LOAD ./Drivers/BSP/Components/lis2dw12/lis2dw12.o
LOAD ./Drivers/BSP/Components/lis2dw12/lis2dw12_reg.o
LOAD ./Drivers/BSP/Components/lis2mdl/lis2mdl.o
LOAD ./Drivers/BSP/Components/lis2mdl/lis2mdl_reg.o
LOAD ./Drivers/BSP/Components/lps22hh/lps22hh.o
LOAD ./Drivers/BSP/Components/lps22hh/lps22hh_reg.o
LOAD ./Drivers/BSP/Components/lsm6dso/lsm6dso.o
LOAD ./Drivers/BSP/Components/lsm6dso/lsm6dso_reg.o
LOAD ./Drivers/BSP/Components/stts751/stts751.o
LOAD ./Drivers/BSP/Components/stts751/stts751_reg.o
LOAD ./Drivers/BSP/IKS01A3/iks01a3_env_sensors.o
LOAD ./Drivers/BSP/IKS01A3/iks01a3_env_sensors_ex.o
LOAD ./Drivers/BSP/IKS01A3/iks01a3_motion_sensors.o
LOAD ./Drivers/BSP/IKS01A3/iks01a3_motion_sensors_ex.o
LOAD ./Drivers/STM32L4xx_HAL_Driver/Src/stm32l4xx_hal.o
LOAD ./Drivers/STM32L4xx_HAL_Driver/Src/stm32l4xx_hal_cortex.o
LOAD ./Drivers/STM32L4xx_HAL_Driver/Src/stm32l4xx_hal_dma.o
LOAD ./Drivers/STM32L4xx_HAL_Driver/Src/stm32l4xx_hal_dma_ex.o
LOAD ./Drivers/STM32L4xx_HAL_Driver/Src/stm32l4xx_hal_exti.o
LOAD ./Drivers/STM32L4xx_HAL_Driver/Src/stm32l4xx_hal_flash.o
LOAD ./Drivers/STM32L4xx_HAL_Driver/Src/stm32l4xx_hal_flash_ex.o
LOAD ./Drivers/STM32L4xx_HAL_Driver/Src/stm32l4xx_hal_flash_ramfunc.o
LOAD ./Drivers/STM32L4xx_HAL_Driver/Src/stm32l4xx_hal_gpio.o
LOAD ./Drivers/STM32L4xx_HAL_Driver/Src/stm32l4xx_hal_i2c.o
LOAD ./Drivers/STM32L4xx_HAL_Driver/Src/stm32l4xx_hal_i2c_ex.o
LOAD ./Drivers/STM32L4xx_HAL_Driver/Src/stm32l4xx_hal_pwr.o
LOAD ./Drivers/STM32L4xx_HAL_Driver/Src/stm32l4xx_hal_pwr_ex.o
LOAD ./Drivers/STM32L4xx_HAL_Driver/Src/stm32l4xx_hal_rcc.o
LOAD ./Drivers/STM32L4xx_HAL_Driver/Src/stm32l4xx_hal_rcc_ex.o
LOAD ./Drivers/STM32L4xx_HAL_Driver/Src/stm32l4xx_hal_tim.o
LOAD ./Drivers/STM32L4xx_HAL_Driver/Src/stm32l4xx_hal_tim_ex.o
LOAD ./Drivers/STM32L4xx_HAL_Driver/Src/stm32l4xx_hal_uart.o
LOAD ./Drivers/STM32L4xx_HAL_Driver/Src/stm32l4xx_hal_uart_ex.o
START GROUP
LOAD C:/ST/STM32CubeIDE_1.16.0/STM32CubeIDE/plugins/com.st.stm32cube.ide.mcu.externaltools.gnu-tools-for-stm32.12.3.rel1.win32_1.0.200.202406191623/tools/bin/../lib/gcc/arm-none-eabi/12.3.1/../../../../arm-none-eabi/lib/thumb/v7e-m+fp/hard\libc_nano.a
LOAD C:/ST/STM32CubeIDE_1.16.0/STM32CubeIDE/plugins/com.st.stm32cube.ide.mcu.externaltools.gnu-tools-for-stm32.12.3.rel1.win32_1.0.200.202406191623/tools/bin/../lib/gcc/arm-none-eabi/12.3.1/../../../../arm-none-eabi/lib/thumb/v7e-m+fp/hard\libm.a
END GROUP
START GROUP
LOAD C:/ST/STM32CubeIDE_1.16.0/STM32CubeIDE/plugins/com.st.stm32cube.ide.mcu.externaltools.gnu-tools-for-stm32.12.3.rel1.win32_1.0.200.202406191623/tools/bin/../lib/gcc/arm-none-eabi/12.3.1/thumb/v7e-m+fp/hard\libgcc.a
LOAD C:/ST/STM32CubeIDE_1.16.0/STM32CubeIDE/plugins/com.st.stm32cube.ide.mcu.externaltools.gnu-tools-for-stm32.12.3.rel1.win32_1.0.200.202406191623/tools/bin/../lib/gcc/arm-none-eabi/12.3.1/../../../../arm-none-eabi/lib/thumb/v7e-m+fp/hard\libc_nano.a
END GROUP
START GROUP
LOAD C:/ST/STM32CubeIDE_1.16.0/STM32CubeIDE/plugins/com.st.stm32cube.ide.mcu.externaltools.gnu-tools-for-stm32.12.3.rel1.win32_1.0.200.202406191623/tools/bin/../lib/gcc/arm-none-eabi/12.3.1/thumb/v7e-m+fp/hard\libgcc.a
LOAD C:/ST/STM32CubeIDE_1.16.0/STM32CubeIDE/plugins/com.st.stm32cube.ide.mcu.externaltools.gnu-tools-for-stm32.12.3.rel1.win32_1.0.200.202406191623/tools/bin/../lib/gcc/arm-none-eabi/12.3.1/../../../../arm-none-eabi/lib/thumb/v7e-m+fp/hard\libc_nano.a
LOAD C:/ST/STM32CubeIDE_1.16.0/STM32CubeIDE/plugins/com.st.stm32cube.ide.mcu.externaltools.gnu-tools-for-stm32.12.3.rel1.win32_1.0.200.202406191623/tools/bin/../lib/gcc/arm-none-eabi/12.3.1/../../../../arm-none-eabi/lib/thumb/v7e-m+fp/hard\libnosys.a
END GROUP
START GROUP
LOAD C:/ST/STM32CubeIDE_1.16.0/STM32CubeIDE/plugins/com.st.stm32cube.ide.mcu.externaltools.gnu-tools-for-stm32.12.3.rel1.win32_1.0.200.202406191623/tools/bin/../lib/gcc/arm-none-eabi/12.3.1/thumb/v7e-m+fp/hard\libgcc.a
LOAD C:/ST/STM32CubeIDE_1.16.0/STM32CubeIDE/plugins/com.st.stm32cube.ide.mcu.externaltools.gnu-tools-for-stm32.12.3.rel1.win32_1.0.200.202406191623/tools/bin/../lib/gcc/arm-none-eabi/12.3.1/../../../../arm-none-eabi/lib/thumb/v7e-m+fp/hard\libc_nano.a
LOAD C:/ST/STM32CubeIDE_1.16.0/STM32CubeIDE/plugins/com.st.stm32cube.ide.mcu.externaltools.gnu-tools-for-stm32.12.3.rel1.win32_1.0.200.202406191623/tools/bin/../lib/gcc/arm-none-eabi/12.3.1/../../../../arm-none-eabi/lib/thumb/v7e-m+fp/hard\libnosys.a
END GROUP
LOAD C:/ST/STM32CubeIDE_1.16.0/STM32CubeIDE/plugins/com.st.stm32cube.ide.mcu.externaltools.gnu-tools-for-stm32.12.3.rel1.win32_1.0.200.202406191623/tools/bin/../lib/gcc/arm-none-eabi/12.3.1/thumb/v7e-m+fp/hard/crtend.o
LOAD C:/ST/STM32CubeIDE_1.16.0/STM32CubeIDE/plugins/com.st.stm32cube.ide.mcu.externaltools.gnu-tools-for-stm32.12.3.rel1.win32_1.0.200.202406191623/tools/bin/../lib/gcc/arm-none-eabi/12.3.1/thumb/v7e-m+fp/hard/crtn.o
                0x20028000                        _estack = (ORIGIN (RAM) + LENGTH (RAM))
                0x00000200                        _Min_Heap_Size = 0x200
                0x00000400                        _Min_Stack_Size = 0x400

.isr_vector     0x08000000      0x194
                0x08000000                        . = ALIGN (0x4)
 *(.isr_vector)
 .isr_vector    0x08000000      0x194 ./Core/Startup/startup_stm32l452retx.o
                0x08000000                g_pfnVectors
                0x08000194                        . = ALIGN (0x4)

.text           0x080001a0     0x9a00
                0x080001a0                        . = ALIGN (0x4)
 *(.text)
 .text          0x080001a0       0x40 C:/ST/STM32CubeIDE_1.16.0/STM32CubeIDE/plugins/com.st.stm32cube.ide.mcu.externaltools.gnu-tools-for-stm32.12.3.rel1.win32_1.0.200.202406191623/tools/bin/../lib/gcc/arm-none-eabi/12.3.1/thumb/v7e-m+fp/hard/crtbegin.o
 .text          0x080001e0       0xa0 C:/ST/STM32CubeIDE_1.16.0/STM32CubeIDE/plugins/com.st.stm32cube.ide.mcu.externaltools.gnu-tools-for-stm32.12.3.rel1.win32_1.0.200.202406191623/tools/bin/../lib/gcc/arm-none-eabi/12.3.1/../../../../arm-none-eabi/lib/thumb/v7e-m+fp/hard\libc_nano.a(libc_a-memchr.o)
                0x080001e0                memchr
 .text          0x08000280       0x30 C:/ST/STM32CubeIDE_1.16.0/STM32CubeIDE/plugins/com.st.stm32cube.ide.mcu.externaltools.gnu-tools-for-stm32.12.3.rel1.win32_1.0.200.202406191623/tools/bin/../lib/gcc/arm-none-eabi/12.3.1/thumb/v7e-m+fp/hard\libgcc.a(_aeabi_uldivmod.o)
                0x08000280                __aeabi_uldivmod
 .text          0x080002b0      0x2bc C:/ST/STM32CubeIDE_1.16.0/STM32CubeIDE/plugins/com.st.stm32cube.ide.mcu.externaltools.gnu-tools-for-stm32.12.3.rel1.win32_1.0.200.202406191623/tools/bin/../lib/gcc/arm-none-eabi/12.3.1/thumb/v7e-m+fp/hard\libgcc.a(_udivmoddi4.o)
                0x080002b0                __udivmoddi4
 .text          0x0800056c        0x4 C:/ST/STM32CubeIDE_1.16.0/STM32CubeIDE/plugins/com.st.stm32cube.ide.mcu.externaltools.gnu-tools-for-stm32.12.3.rel1.win32_1.0.200.202406191623/tools/bin/../lib/gcc/arm-none-eabi/12.3.1/thumb/v7e-m+fp/hard\libgcc.a(_dvmd_tls.o)
                0x0800056c                __aeabi_idiv0
                0x0800056c                __aeabi_ldiv0
 *(.text*)
 .text.main     0x08000570       0x40 ./Core/Src/main.o
                0x08000570                main
 .text.SystemClock_Config
                0x080005b0       0xa2 ./Core/Src/main.o
                0x080005b0                SystemClock_Config
 *fill*         0x08000652        0x2 
 .text.MX_USART2_UART_Init
                0x08000654       0x60 ./Core/Src/main.o
 .text.MX_GPIO_Init
                0x080006b4       0xcc ./Core/Src/main.o
 .text.__io_putchar
                0x08000780       0x24 ./Core/Src/main.o
                0x08000780                __io_putchar
 .text.Error_Handler
                0x080007a4        0xc ./Core/Src/main.o
                0x080007a4                Error_Handler
 .text.HAL_MspInit
                0x080007b0       0x48 ./Core/Src/stm32l4xx_hal_msp.o
                0x080007b0                HAL_MspInit
 .text.HAL_UART_MspInit
                0x080007f8       0xb8 ./Core/Src/stm32l4xx_hal_msp.o
                0x080007f8                HAL_UART_MspInit
 .text.NMI_Handler
                0x080008b0        0x8 ./Core/Src/stm32l4xx_it.o
                0x080008b0                NMI_Handler
 .text.HardFault_Handler
                0x080008b8        0x8 ./Core/Src/stm32l4xx_it.o
                0x080008b8                HardFault_Handler
 .text.MemManage_Handler
                0x080008c0        0x8 ./Core/Src/stm32l4xx_it.o
                0x080008c0                MemManage_Handler
 .text.BusFault_Handler
                0x080008c8        0x8 ./Core/Src/stm32l4xx_it.o
                0x080008c8                BusFault_Handler
 .text.UsageFault_Handler
                0x080008d0        0x8 ./Core/Src/stm32l4xx_it.o
                0x080008d0                UsageFault_Handler
 .text.SVC_Handler
                0x080008d8        0xe ./Core/Src/stm32l4xx_it.o
                0x080008d8                SVC_Handler
 .text.DebugMon_Handler
                0x080008e6        0xe ./Core/Src/stm32l4xx_it.o
                0x080008e6                DebugMon_Handler
 .text.PendSV_Handler
                0x080008f4        0xe ./Core/Src/stm32l4xx_it.o
                0x080008f4                PendSV_Handler
 .text.SysTick_Handler
                0x08000902        0xc ./Core/Src/stm32l4xx_it.o
                0x08000902                SysTick_Handler
 *fill*         0x0800090e        0x2 
 .text.BSP_I2C1_Init
                0x08000910       0x7c ./Core/Src/stm32l4xx_nucleo_bus.o
                0x08000910                BSP_I2C1_Init
 .text.BSP_I2C1_DeInit
                0x0800098c       0x50 ./Core/Src/stm32l4xx_nucleo_bus.o
                0x0800098c                BSP_I2C1_DeInit
 .text.BSP_I2C1_WriteReg
                0x080009dc       0x64 ./Core/Src/stm32l4xx_nucleo_bus.o
                0x080009dc                BSP_I2C1_WriteReg
 .text.BSP_I2C1_ReadReg
                0x08000a40       0x64 ./Core/Src/stm32l4xx_nucleo_bus.o
                0x08000a40                BSP_I2C1_ReadReg
 .text.BSP_GetTick
                0x08000aa4        0xe ./Core/Src/stm32l4xx_nucleo_bus.o
                0x08000aa4                BSP_GetTick
 *fill*         0x08000ab2        0x2 
 .text.MX_I2C1_Init
                0x08000ab4       0x88 ./Core/Src/stm32l4xx_nucleo_bus.o
                0x08000ab4                MX_I2C1_Init
 .text.I2C1_MspInit
                0x08000b3c       0xbc ./Core/Src/stm32l4xx_nucleo_bus.o
 .text.I2C1_MspDeInit
                0x08000bf8       0x38 ./Core/Src/stm32l4xx_nucleo_bus.o
 .text._read    0x08000c30       0x3a ./Core/Src/syscalls.o
                0x08000c30                _read
 .text._write   0x08000c6a       0x38 ./Core/Src/syscalls.o
                0x08000c6a                _write
 .text._close   0x08000ca2       0x18 ./Core/Src/syscalls.o
                0x08000ca2                _close
 .text._fstat   0x08000cba       0x20 ./Core/Src/syscalls.o
                0x08000cba                _fstat
 .text._isatty  0x08000cda       0x16 ./Core/Src/syscalls.o
                0x08000cda                _isatty
 .text._lseek   0x08000cf0       0x1a ./Core/Src/syscalls.o
                0x08000cf0                _lseek
 *fill*         0x08000d0a        0x2 
 .text._sbrk    0x08000d0c       0x6c ./Core/Src/sysmem.o
                0x08000d0c                _sbrk
 .text.SystemInit
                0x08000d78       0x24 ./Core/Src/system_stm32l4xx.o
                0x08000d78                SystemInit
 .text.Reset_Handler
                0x08000d9c       0x50 ./Core/Startup/startup_stm32l452retx.o
                0x08000d9c                Reset_Handler
 .text.Default_Handler
                0x08000dec        0x2 ./Core/Startup/startup_stm32l452retx.o
                0x08000dec                RTC_Alarm_IRQHandler
                0x08000dec                EXTI2_IRQHandler
                0x08000dec                TIM1_CC_IRQHandler
                0x08000dec                TSC_IRQHandler
                0x08000dec                TAMP_STAMP_IRQHandler
                0x08000dec                EXTI3_IRQHandler
                0x08000dec                LPTIM2_IRQHandler
                0x08000dec                DFSDM1_FLT1_IRQHandler
                0x08000dec                I2C3_ER_IRQHandler
                0x08000dec                EXTI0_IRQHandler
                0x08000dec                I2C2_EV_IRQHandler
                0x08000dec                CAN1_RX0_IRQHandler
                0x08000dec                FPU_IRQHandler
                0x08000dec                TIM1_UP_TIM16_IRQHandler
                0x08000dec                SPI1_IRQHandler
                0x08000dec                TIM6_DAC_IRQHandler
                0x08000dec                DMA2_Channel2_IRQHandler
                0x08000dec                DMA1_Channel4_IRQHandler
                0x08000dec                ADC1_IRQHandler
                0x08000dec                USART3_IRQHandler
                0x08000dec                DMA1_Channel7_IRQHandler
                0x08000dec                CAN1_RX1_IRQHandler
                0x08000dec                DMA2_Channel1_IRQHandler
                0x08000dec                QUADSPI_IRQHandler
                0x08000dec                I2C1_EV_IRQHandler
                0x08000dec                DMA1_Channel6_IRQHandler
                0x08000dec                UART4_IRQHandler
                0x08000dec                DMA2_Channel4_IRQHandler
                0x08000dec                TIM3_IRQHandler
                0x08000dec                RCC_IRQHandler
                0x08000dec                TIM1_TRG_COM_IRQHandler
                0x08000dec                DMA1_Channel1_IRQHandler
                0x08000dec                Default_Handler
                0x08000dec                DMA2_Channel7_IRQHandler
                0x08000dec                EXTI15_10_IRQHandler
                0x08000dec                SDMMC1_IRQHandler
                0x08000dec                I2C3_EV_IRQHandler
                0x08000dec                USB_IRQHandler
                0x08000dec                EXTI9_5_IRQHandler
                0x08000dec                RTC_WKUP_IRQHandler
                0x08000dec                PVD_PVM_IRQHandler
                0x08000dec                SPI2_IRQHandler
                0x08000dec                CAN1_TX_IRQHandler
                0x08000dec                DMA2_Channel5_IRQHandler
                0x08000dec                CRS_IRQHandler
                0x08000dec                DMA1_Channel5_IRQHandler
                0x08000dec                EXTI4_IRQHandler
                0x08000dec                RNG_IRQHandler
                0x08000dec                DMA1_Channel3_IRQHandler
                0x08000dec                COMP_IRQHandler
                0x08000dec                WWDG_IRQHandler
                0x08000dec                I2C4_EV_IRQHandler
                0x08000dec                LPUART1_IRQHandler
                0x08000dec                DMA2_Channel6_IRQHandler
                0x08000dec                TIM2_IRQHandler
                0x08000dec                EXTI1_IRQHandler
                0x08000dec                USART2_IRQHandler
                0x08000dec                DFSDM1_FLT0_IRQHandler
                0x08000dec                I2C2_ER_IRQHandler
                0x08000dec                DMA1_Channel2_IRQHandler
                0x08000dec                CAN1_SCE_IRQHandler
                0x08000dec                FLASH_IRQHandler
                0x08000dec                USART1_IRQHandler
                0x08000dec                SPI3_IRQHandler
                0x08000dec                I2C1_ER_IRQHandler
                0x08000dec                LPTIM1_IRQHandler
                0x08000dec                I2C4_ER_IRQHandler
                0x08000dec                SAI1_IRQHandler
                0x08000dec                DMA2_Channel3_IRQHandler
                0x08000dec                TIM1_BRK_TIM15_IRQHandler
 *fill*         0x08000dee        0x2 
 .text.LIS2DW12_RegisterBusIO
                0x08000df0       0xd4 ./Drivers/BSP/Components/lis2dw12/lis2dw12.o
                0x08000df0                LIS2DW12_RegisterBusIO
 .text.LIS2DW12_Init
                0x08000ec4       0xc4 ./Drivers/BSP/Components/lis2dw12/lis2dw12.o
                0x08000ec4                LIS2DW12_Init
 .text.LIS2DW12_DeInit
                0x08000f88       0x44 ./Drivers/BSP/Components/lis2dw12/lis2dw12.o
                0x08000f88                LIS2DW12_DeInit
 .text.LIS2DW12_ReadID
                0x08000fcc       0x2c ./Drivers/BSP/Components/lis2dw12/lis2dw12.o
                0x08000fcc                LIS2DW12_ReadID
 .text.LIS2DW12_GetCapabilities
                0x08000ff8       0x5c ./Drivers/BSP/Components/lis2dw12/lis2dw12.o
                0x08000ff8                LIS2DW12_GetCapabilities
 .text.LIS2DW12_ACC_Enable
                0x08001054       0x52 ./Drivers/BSP/Components/lis2dw12/lis2dw12.o
                0x08001054                LIS2DW12_ACC_Enable
 .text.LIS2DW12_ACC_Disable
                0x080010a6       0x40 ./Drivers/BSP/Components/lis2dw12/lis2dw12.o
                0x080010a6                LIS2DW12_ACC_Disable
 *fill*         0x080010e6        0x2 
 .text.LIS2DW12_ACC_GetSensitivity
                0x080010e8      0x150 ./Drivers/BSP/Components/lis2dw12/lis2dw12.o
                0x080010e8                LIS2DW12_ACC_GetSensitivity
 .text.LIS2DW12_ACC_GetOutputDataRate
                0x08001238      0x2fc ./Drivers/BSP/Components/lis2dw12/lis2dw12.o
                0x08001238                LIS2DW12_ACC_GetOutputDataRate
 .text.LIS2DW12_ACC_SetOutputDataRate
                0x08001534       0x24 ./Drivers/BSP/Components/lis2dw12/lis2dw12.o
                0x08001534                LIS2DW12_ACC_SetOutputDataRate
 .text.LIS2DW12_ACC_SetOutputDataRate_With_Mode
                0x08001558       0x4c ./Drivers/BSP/Components/lis2dw12/lis2dw12.o
                0x08001558                LIS2DW12_ACC_SetOutputDataRate_With_Mode
 .text.LIS2DW12_ACC_GetFullScale
                0x080015a4       0x84 ./Drivers/BSP/Components/lis2dw12/lis2dw12.o
                0x080015a4                LIS2DW12_ACC_GetFullScale
 .text.LIS2DW12_ACC_SetFullScale
                0x08001628       0x50 ./Drivers/BSP/Components/lis2dw12/lis2dw12.o
                0x08001628                LIS2DW12_ACC_SetFullScale
 .text.LIS2DW12_ACC_GetAxesRaw
                0x08001678      0x104 ./Drivers/BSP/Components/lis2dw12/lis2dw12.o
                0x08001678                LIS2DW12_ACC_GetAxesRaw
 .text.LIS2DW12_ACC_GetAxes
                0x0800177c       0xaa ./Drivers/BSP/Components/lis2dw12/lis2dw12.o
                0x0800177c                LIS2DW12_ACC_GetAxes
 .text.LIS2DW12_Write_Reg
                0x08001826       0x36 ./Drivers/BSP/Components/lis2dw12/lis2dw12.o
                0x08001826                LIS2DW12_Write_Reg
 .text.LIS2DW12_ACC_SetOutputDataRate_When_Enabled
                0x0800185c      0x238 ./Drivers/BSP/Components/lis2dw12/lis2dw12.o
 .text.LIS2DW12_ACC_SetOutputDataRate_When_Disabled
                0x08001a94      0x124 ./Drivers/BSP/Components/lis2dw12/lis2dw12.o
 .text.ReadRegWrap
                0x08001bb8       0x36 ./Drivers/BSP/Components/lis2dw12/lis2dw12.o
 .text.WriteRegWrap
                0x08001bee       0x36 ./Drivers/BSP/Components/lis2dw12/lis2dw12.o
 .text.lis2dw12_read_reg
                0x08001c24       0x30 ./Drivers/BSP/Components/lis2dw12/lis2dw12_reg.o
                0x08001c24                lis2dw12_read_reg
 .text.lis2dw12_write_reg
                0x08001c54       0x30 ./Drivers/BSP/Components/lis2dw12/lis2dw12_reg.o
                0x08001c54                lis2dw12_write_reg
 .text.lis2dw12_power_mode_set
                0x08001c84       0x9c ./Drivers/BSP/Components/lis2dw12/lis2dw12_reg.o
                0x08001c84                lis2dw12_power_mode_set
 .text.lis2dw12_power_mode_get
                0x08001d20      0x174 ./Drivers/BSP/Components/lis2dw12/lis2dw12_reg.o
                0x08001d20                lis2dw12_power_mode_get
 .text.lis2dw12_data_rate_set
                0x08001e94       0x8a ./Drivers/BSP/Components/lis2dw12/lis2dw12_reg.o
                0x08001e94                lis2dw12_data_rate_set
 *fill*         0x08001f1e        0x2 
 .text.lis2dw12_data_rate_get
                0x08001f20      0x194 ./Drivers/BSP/Components/lis2dw12/lis2dw12_reg.o
                0x08001f20                lis2dw12_data_rate_get
 .text.lis2dw12_block_data_update_set
                0x080020b4       0x4c ./Drivers/BSP/Components/lis2dw12/lis2dw12_reg.o
                0x080020b4                lis2dw12_block_data_update_set
 .text.lis2dw12_full_scale_set
                0x08002100       0x4c ./Drivers/BSP/Components/lis2dw12/lis2dw12_reg.o
                0x08002100                lis2dw12_full_scale_set
 .text.lis2dw12_full_scale_get
                0x0800214c       0x70 ./Drivers/BSP/Components/lis2dw12/lis2dw12_reg.o
                0x0800214c                lis2dw12_full_scale_get
 .text.lis2dw12_acceleration_raw_get
                0x080021bc       0x90 ./Drivers/BSP/Components/lis2dw12/lis2dw12_reg.o
                0x080021bc                lis2dw12_acceleration_raw_get
 .text.lis2dw12_device_id_get
                0x0800224c       0x22 ./Drivers/BSP/Components/lis2dw12/lis2dw12_reg.o
                0x0800224c                lis2dw12_device_id_get
 .text.lis2dw12_auto_increment_set
                0x0800226e       0x4c ./Drivers/BSP/Components/lis2dw12/lis2dw12_reg.o
                0x0800226e                lis2dw12_auto_increment_set
 .text.lis2dw12_fifo_mode_set
                0x080022ba       0x4c ./Drivers/BSP/Components/lis2dw12/lis2dw12_reg.o
                0x080022ba                lis2dw12_fifo_mode_set
 *fill*         0x08002306        0x2 
 .text.LIS2MDL_RegisterBusIO
                0x08002308      0x100 ./Drivers/BSP/Components/lis2mdl/lis2mdl.o
                0x08002308                LIS2MDL_RegisterBusIO
 .text.LIS2MDL_Init
                0x08002408      0x10c ./Drivers/BSP/Components/lis2mdl/lis2mdl.o
                0x08002408                LIS2MDL_Init
 .text.LIS2MDL_DeInit
                0x08002514       0x2c ./Drivers/BSP/Components/lis2mdl/lis2mdl.o
                0x08002514                LIS2MDL_DeInit
 .text.LIS2MDL_ReadID
                0x08002540       0x4c ./Drivers/BSP/Components/lis2mdl/lis2mdl.o
                0x08002540                LIS2MDL_ReadID
 .text.LIS2MDL_GetCapabilities
                0x0800258c       0x5c ./Drivers/BSP/Components/lis2mdl/lis2mdl.o
                0x0800258c                LIS2MDL_GetCapabilities
 .text.LIS2MDL_MAG_Enable
                0x080025e8       0x84 ./Drivers/BSP/Components/lis2mdl/lis2mdl.o
                0x080025e8                LIS2MDL_MAG_Enable
 .text.LIS2MDL_MAG_Disable
                0x0800266c       0x86 ./Drivers/BSP/Components/lis2mdl/lis2mdl.o
                0x0800266c                LIS2MDL_MAG_Disable
 .text.LIS2MDL_MAG_GetSensitivity
                0x080026f2       0x20 ./Drivers/BSP/Components/lis2mdl/lis2mdl.o
                0x080026f2                LIS2MDL_MAG_GetSensitivity
 *fill*         0x08002712        0x2 
 .text.LIS2MDL_MAG_GetOutputDataRate
                0x08002714       0x8c ./Drivers/BSP/Components/lis2mdl/lis2mdl.o
                0x08002714                LIS2MDL_MAG_GetOutputDataRate
 .text.LIS2MDL_MAG_SetOutputDataRate
                0x080027a0       0xc8 ./Drivers/BSP/Components/lis2mdl/lis2mdl.o
                0x080027a0                LIS2MDL_MAG_SetOutputDataRate
 .text.LIS2MDL_MAG_GetFullScale
                0x08002868       0x1e ./Drivers/BSP/Components/lis2mdl/lis2mdl.o
                0x08002868                LIS2MDL_MAG_GetFullScale
 .text.LIS2MDL_MAG_SetFullScale
                0x08002886       0x18 ./Drivers/BSP/Components/lis2mdl/lis2mdl.o
                0x08002886                LIS2MDL_MAG_SetFullScale
 .text.LIS2MDL_MAG_GetAxesRaw
                0x0800289e       0x48 ./Drivers/BSP/Components/lis2mdl/lis2mdl.o
                0x0800289e                LIS2MDL_MAG_GetAxesRaw
 .text.LIS2MDL_MAG_GetAxes
                0x080028e6      0x10e ./Drivers/BSP/Components/lis2mdl/lis2mdl.o
                0x080028e6                LIS2MDL_MAG_GetAxes
 .text.LIS2MDL_Write_Reg
                0x080029f4       0x56 ./Drivers/BSP/Components/lis2mdl/lis2mdl.o
                0x080029f4                LIS2MDL_Write_Reg
 .text.ReadMagRegWrap
                0x08002a4a       0x82 ./Drivers/BSP/Components/lis2mdl/lis2mdl.o
 .text.WriteMagRegWrap
                0x08002acc       0x82 ./Drivers/BSP/Components/lis2mdl/lis2mdl.o
 .text.LSM6DSOX_SENSORHUB_LIS2MDL_ReadShData
                0x08002b4e      0x27e ./Drivers/BSP/Components/lis2mdl/lis2mdl.o
 .text.LSM6DSOX_SENSORHUB_LIS2MDL_WriteShData
                0x08002dcc      0x23c ./Drivers/BSP/Components/lis2mdl/lis2mdl.o
 .text.lis2mdl_read_reg
                0x08003008       0x30 ./Drivers/BSP/Components/lis2mdl/lis2mdl_reg.o
                0x08003008                lis2mdl_read_reg
 .text.lis2mdl_write_reg
                0x08003038       0x30 ./Drivers/BSP/Components/lis2mdl/lis2mdl_reg.o
                0x08003038                lis2mdl_write_reg
 .text.lis2mdl_operating_mode_set
                0x08003068       0x4c ./Drivers/BSP/Components/lis2mdl/lis2mdl_reg.o
                0x08003068                lis2mdl_operating_mode_set
 .text.lis2mdl_data_rate_set
                0x080030b4       0x4c ./Drivers/BSP/Components/lis2mdl/lis2mdl_reg.o
                0x080030b4                lis2mdl_data_rate_set
 .text.lis2mdl_data_rate_get
                0x08003100       0x70 ./Drivers/BSP/Components/lis2mdl/lis2mdl_reg.o
                0x08003100                lis2mdl_data_rate_get
 .text.lis2mdl_block_data_update_set
                0x08003170       0x4c ./Drivers/BSP/Components/lis2mdl/lis2mdl_reg.o
                0x08003170                lis2mdl_block_data_update_set
 .text.lis2mdl_magnetic_raw_get
                0x080031bc       0x90 ./Drivers/BSP/Components/lis2mdl/lis2mdl_reg.o
                0x080031bc                lis2mdl_magnetic_raw_get
 .text.lis2mdl_device_id_get
                0x0800324c       0x22 ./Drivers/BSP/Components/lis2mdl/lis2mdl_reg.o
                0x0800324c                lis2mdl_device_id_get
 .text.lis2mdl_self_test_set
                0x0800326e       0x4c ./Drivers/BSP/Components/lis2mdl/lis2mdl_reg.o
                0x0800326e                lis2mdl_self_test_set
 .text.lis2mdl_i2c_interface_set
                0x080032ba       0x4c ./Drivers/BSP/Components/lis2mdl/lis2mdl_reg.o
                0x080032ba                lis2mdl_i2c_interface_set
 *fill*         0x08003306        0x2 
 .text.LSM6DSO_RegisterBusIO
                0x08003308       0xd4 ./Drivers/BSP/Components/lsm6dso/lsm6dso.o
                0x08003308                LSM6DSO_RegisterBusIO
 .text.LSM6DSO_Init
                0x080033dc       0xf2 ./Drivers/BSP/Components/lsm6dso/lsm6dso.o
                0x080033dc                LSM6DSO_Init
 .text.LSM6DSO_DeInit
                0x080034ce       0x4e ./Drivers/BSP/Components/lsm6dso/lsm6dso.o
                0x080034ce                LSM6DSO_DeInit
 .text.LSM6DSO_ReadID
                0x0800351c       0x2c ./Drivers/BSP/Components/lsm6dso/lsm6dso.o
                0x0800351c                LSM6DSO_ReadID
 .text.LSM6DSO_GetCapabilities
                0x08003548       0x5c ./Drivers/BSP/Components/lsm6dso/lsm6dso.o
                0x08003548                LSM6DSO_GetCapabilities
 .text.LSM6DSO_ACC_Enable
                0x080035a4       0x48 ./Drivers/BSP/Components/lsm6dso/lsm6dso.o
                0x080035a4                LSM6DSO_ACC_Enable
 .text.LSM6DSO_ACC_Disable
                0x080035ec       0x5e ./Drivers/BSP/Components/lsm6dso/lsm6dso.o
                0x080035ec                LSM6DSO_ACC_Disable
 *fill*         0x0800364a        0x2 
 .text.LSM6DSO_ACC_GetSensitivity
                0x0800364c       0x8c ./Drivers/BSP/Components/lsm6dso/lsm6dso.o
                0x0800364c                LSM6DSO_ACC_GetSensitivity
 .text.LSM6DSO_ACC_GetOutputDataRate
                0x080036d8      0x108 ./Drivers/BSP/Components/lsm6dso/lsm6dso.o
                0x080036d8                LSM6DSO_ACC_GetOutputDataRate
 .text.LSM6DSO_ACC_SetOutputDataRate
                0x080037e0       0x22 ./Drivers/BSP/Components/lsm6dso/lsm6dso.o
                0x080037e0                LSM6DSO_ACC_SetOutputDataRate
 *fill*         0x08003802        0x2 
 .text.LSM6DSO_ACC_SetOutputDataRate_With_Mode
                0x08003804      0x33c ./Drivers/BSP/Components/lsm6dso/lsm6dso.o
                0x08003804                LSM6DSO_ACC_SetOutputDataRate_With_Mode
 .text.LSM6DSO_ACC_GetFullScale
                0x08003b40       0x7c ./Drivers/BSP/Components/lsm6dso/lsm6dso.o
                0x08003b40                LSM6DSO_ACC_GetFullScale
 .text.LSM6DSO_ACC_SetFullScale
                0x08003bbc       0x50 ./Drivers/BSP/Components/lsm6dso/lsm6dso.o
                0x08003bbc                LSM6DSO_ACC_SetFullScale
 .text.LSM6DSO_ACC_GetAxesRaw
                0x08003c0c       0x48 ./Drivers/BSP/Components/lsm6dso/lsm6dso.o
                0x08003c0c                LSM6DSO_ACC_GetAxesRaw
 .text.LSM6DSO_ACC_GetAxes
                0x08003c54       0xae ./Drivers/BSP/Components/lsm6dso/lsm6dso.o
                0x08003c54                LSM6DSO_ACC_GetAxes
 .text.LSM6DSO_GYRO_Enable
                0x08003d02       0x48 ./Drivers/BSP/Components/lsm6dso/lsm6dso.o
                0x08003d02                LSM6DSO_GYRO_Enable
 .text.LSM6DSO_GYRO_Disable
                0x08003d4a       0x5e ./Drivers/BSP/Components/lsm6dso/lsm6dso.o
                0x08003d4a                LSM6DSO_GYRO_Disable
 .text.LSM6DSO_GYRO_GetSensitivity
                0x08003da8       0xa4 ./Drivers/BSP/Components/lsm6dso/lsm6dso.o
                0x08003da8                LSM6DSO_GYRO_GetSensitivity
 .text.LSM6DSO_GYRO_GetOutputDataRate
                0x08003e4c       0xf8 ./Drivers/BSP/Components/lsm6dso/lsm6dso.o
                0x08003e4c                LSM6DSO_GYRO_GetOutputDataRate
 .text.LSM6DSO_GYRO_SetOutputDataRate
                0x08003f44       0x22 ./Drivers/BSP/Components/lsm6dso/lsm6dso.o
                0x08003f44                LSM6DSO_GYRO_SetOutputDataRate
 *fill*         0x08003f66        0x2 
 .text.LSM6DSO_GYRO_SetOutputDataRate_With_Mode
                0x08003f68      0x12c ./Drivers/BSP/Components/lsm6dso/lsm6dso.o
                0x08003f68                LSM6DSO_GYRO_SetOutputDataRate_With_Mode
 .text.LSM6DSO_GYRO_GetFullScale
                0x08004094       0x94 ./Drivers/BSP/Components/lsm6dso/lsm6dso.o
                0x08004094                LSM6DSO_GYRO_GetFullScale
 .text.LSM6DSO_GYRO_SetFullScale
                0x08004128       0x5e ./Drivers/BSP/Components/lsm6dso/lsm6dso.o
                0x08004128                LSM6DSO_GYRO_SetFullScale
 .text.LSM6DSO_GYRO_GetAxesRaw
                0x08004186       0x48 ./Drivers/BSP/Components/lsm6dso/lsm6dso.o
                0x08004186                LSM6DSO_GYRO_GetAxesRaw
 .text.LSM6DSO_GYRO_GetAxes
                0x080041ce       0xa8 ./Drivers/BSP/Components/lsm6dso/lsm6dso.o
                0x080041ce                LSM6DSO_GYRO_GetAxes
 .text.LSM6DSO_Write_Reg
                0x08004276       0x36 ./Drivers/BSP/Components/lsm6dso/lsm6dso.o
                0x08004276                LSM6DSO_Write_Reg
 .text.LSM6DSO_ACC_SetOutputDataRate_When_Enabled
                0x080042ac      0x130 ./Drivers/BSP/Components/lsm6dso/lsm6dso.o
 .text.LSM6DSO_ACC_SetOutputDataRate_When_Disabled
                0x080043dc      0x120 ./Drivers/BSP/Components/lsm6dso/lsm6dso.o
 .text.LSM6DSO_GYRO_SetOutputDataRate_When_Enabled
                0x080044fc      0x118 ./Drivers/BSP/Components/lsm6dso/lsm6dso.o
 .text.LSM6DSO_GYRO_SetOutputDataRate_When_Disabled
                0x08004614      0x104 ./Drivers/BSP/Components/lsm6dso/lsm6dso.o
 .text.ReadRegWrap
                0x08004718       0x36 ./Drivers/BSP/Components/lsm6dso/lsm6dso.o
 .text.WriteRegWrap
                0x0800474e       0x36 ./Drivers/BSP/Components/lsm6dso/lsm6dso.o
 .text.lsm6dso_read_reg
                0x08004784       0x30 ./Drivers/BSP/Components/lsm6dso/lsm6dso_reg.o
                0x08004784                lsm6dso_read_reg
 .text.lsm6dso_write_reg
                0x080047b4       0x30 ./Drivers/BSP/Components/lsm6dso/lsm6dso_reg.o
                0x080047b4                lsm6dso_write_reg
 .text.lsm6dso_xl_full_scale_set
                0x080047e4       0x4c ./Drivers/BSP/Components/lsm6dso/lsm6dso_reg.o
                0x080047e4                lsm6dso_xl_full_scale_set
 .text.lsm6dso_xl_full_scale_get
                0x08004830       0x70 ./Drivers/BSP/Components/lsm6dso/lsm6dso_reg.o
                0x08004830                lsm6dso_xl_full_scale_get
 .text.lsm6dso_xl_data_rate_set
                0x080048a0      0x1f4 ./Drivers/BSP/Components/lsm6dso/lsm6dso_reg.o
                0x080048a0                lsm6dso_xl_data_rate_set
 .text.lsm6dso_xl_data_rate_get
                0x08004a94       0xd0 ./Drivers/BSP/Components/lsm6dso/lsm6dso_reg.o
                0x08004a94                lsm6dso_xl_data_rate_get
 .text.lsm6dso_gy_full_scale_set
                0x08004b64       0x4c ./Drivers/BSP/Components/lsm6dso/lsm6dso_reg.o
                0x08004b64                lsm6dso_gy_full_scale_set
 .text.lsm6dso_gy_full_scale_get
                0x08004bb0       0x84 ./Drivers/BSP/Components/lsm6dso/lsm6dso_reg.o
                0x08004bb0                lsm6dso_gy_full_scale_get
 .text.lsm6dso_gy_data_rate_set
                0x08004c34      0x1f4 ./Drivers/BSP/Components/lsm6dso/lsm6dso_reg.o
                0x08004c34                lsm6dso_gy_data_rate_set
 .text.lsm6dso_gy_data_rate_get
                0x08004e28       0xc4 ./Drivers/BSP/Components/lsm6dso/lsm6dso_reg.o
                0x08004e28                lsm6dso_gy_data_rate_get
 .text.lsm6dso_block_data_update_set
                0x08004eec       0x4c ./Drivers/BSP/Components/lsm6dso/lsm6dso_reg.o
                0x08004eec                lsm6dso_block_data_update_set
 .text.lsm6dso_angular_rate_raw_get
                0x08004f38       0x90 ./Drivers/BSP/Components/lsm6dso/lsm6dso_reg.o
                0x08004f38                lsm6dso_angular_rate_raw_get
 .text.lsm6dso_acceleration_raw_get
                0x08004fc8       0x90 ./Drivers/BSP/Components/lsm6dso/lsm6dso_reg.o
                0x08004fc8                lsm6dso_acceleration_raw_get
 .text.lsm6dso_mem_bank_set
                0x08005058       0x3a ./Drivers/BSP/Components/lsm6dso/lsm6dso_reg.o
                0x08005058                lsm6dso_mem_bank_set
 .text.lsm6dso_device_id_get
                0x08005092       0x22 ./Drivers/BSP/Components/lsm6dso/lsm6dso_reg.o
                0x08005092                lsm6dso_device_id_get
 .text.lsm6dso_auto_increment_set
                0x080050b4       0x4c ./Drivers/BSP/Components/lsm6dso/lsm6dso_reg.o
                0x080050b4                lsm6dso_auto_increment_set
 .text.lsm6dso_i3c_disable_set
                0x08005100       0x90 ./Drivers/BSP/Components/lsm6dso/lsm6dso_reg.o
                0x08005100                lsm6dso_i3c_disable_set
 .text.lsm6dso_fifo_mode_set
                0x08005190       0x4c ./Drivers/BSP/Components/lsm6dso/lsm6dso_reg.o
                0x08005190                lsm6dso_fifo_mode_set
 .text.lsm6dso_fsm_enable_get
                0x080051dc       0x42 ./Drivers/BSP/Components/lsm6dso/lsm6dso_reg.o
                0x080051dc                lsm6dso_fsm_enable_get
 *fill*         0x0800521e        0x2 
 .text.lsm6dso_fsm_data_rate_get
                0x08005220       0x9c ./Drivers/BSP/Components/lsm6dso/lsm6dso_reg.o
                0x08005220                lsm6dso_fsm_data_rate_get
 .text.IKS01A3_MOTION_SENSOR_Init
                0x080052bc      0x1f8 ./Drivers/BSP/IKS01A3/iks01a3_motion_sensors.o
                0x080052bc                IKS01A3_MOTION_SENSOR_Init
 .text.IKS01A3_MOTION_SENSOR_GetAxes
                0x080054b4       0x88 ./Drivers/BSP/IKS01A3/iks01a3_motion_sensors.o
                0x080054b4                IKS01A3_MOTION_SENSOR_GetAxes
 .text.LSM6DSO_0_Probe
                0x0800553c      0x180 ./Drivers/BSP/IKS01A3/iks01a3_motion_sensors.o
 .text.LIS2DW12_0_Probe
                0x080056bc      0x150 ./Drivers/BSP/IKS01A3/iks01a3_motion_sensors.o
 .text.LIS2MDL_0_Probe
                0x0800580c      0x150 ./Drivers/BSP/IKS01A3/iks01a3_motion_sensors.o
 .text.HAL_Init
                0x0800595c       0x40 ./Drivers/STM32L4xx_HAL_Driver/Src/stm32l4xx_hal.o
                0x0800595c                HAL_Init
 .text.HAL_InitTick
                0x0800599c       0x78 ./Drivers/STM32L4xx_HAL_Driver/Src/stm32l4xx_hal.o
                0x0800599c                HAL_InitTick
 .text.HAL_IncTick
                0x08005a14       0x28 ./Drivers/STM32L4xx_HAL_Driver/Src/stm32l4xx_hal.o
                0x08005a14                HAL_IncTick
 .text.HAL_GetTick
                0x08005a3c       0x18 ./Drivers/STM32L4xx_HAL_Driver/Src/stm32l4xx_hal.o
                0x08005a3c                HAL_GetTick
 .text.HAL_Delay
                0x08005a54       0x48 ./Drivers/STM32L4xx_HAL_Driver/Src/stm32l4xx_hal.o
                0x08005a54                HAL_Delay
 .text.__NVIC_SetPriorityGrouping
                0x08005a9c       0x48 ./Drivers/STM32L4xx_HAL_Driver/Src/stm32l4xx_hal_cortex.o
 .text.__NVIC_GetPriorityGrouping
                0x08005ae4       0x1c ./Drivers/STM32L4xx_HAL_Driver/Src/stm32l4xx_hal_cortex.o
 .text.__NVIC_SetPriority
                0x08005b00       0x54 ./Drivers/STM32L4xx_HAL_Driver/Src/stm32l4xx_hal_cortex.o
 .text.NVIC_EncodePriority
                0x08005b54       0x66 ./Drivers/STM32L4xx_HAL_Driver/Src/stm32l4xx_hal_cortex.o
 *fill*         0x08005bba        0x2 
 .text.SysTick_Config
                0x08005bbc       0x44 ./Drivers/STM32L4xx_HAL_Driver/Src/stm32l4xx_hal_cortex.o
 .text.HAL_NVIC_SetPriorityGrouping
                0x08005c00       0x16 ./Drivers/STM32L4xx_HAL_Driver/Src/stm32l4xx_hal_cortex.o
                0x08005c00                HAL_NVIC_SetPriorityGrouping
 .text.HAL_NVIC_SetPriority
                0x08005c16       0x38 ./Drivers/STM32L4xx_HAL_Driver/Src/stm32l4xx_hal_cortex.o
                0x08005c16                HAL_NVIC_SetPriority
 .text.HAL_SYSTICK_Config
                0x08005c4e       0x18 ./Drivers/STM32L4xx_HAL_Driver/Src/stm32l4xx_hal_cortex.o
                0x08005c4e                HAL_SYSTICK_Config
 *fill*         0x08005c66        0x2 
 .text.HAL_GPIO_Init
                0x08005c68      0x2f4 ./Drivers/STM32L4xx_HAL_Driver/Src/stm32l4xx_hal_gpio.o
                0x08005c68                HAL_GPIO_Init
 .text.HAL_GPIO_DeInit
                0x08005f5c      0x1b4 ./Drivers/STM32L4xx_HAL_Driver/Src/stm32l4xx_hal_gpio.o
                0x08005f5c                HAL_GPIO_DeInit
 .text.HAL_GPIO_WritePin
                0x08006110       0x30 ./Drivers/STM32L4xx_HAL_Driver/Src/stm32l4xx_hal_gpio.o
                0x08006110                HAL_GPIO_WritePin
 .text.HAL_I2C_Init
                0x08006140      0x136 ./Drivers/STM32L4xx_HAL_Driver/Src/stm32l4xx_hal_i2c.o
                0x08006140                HAL_I2C_Init
 .text.HAL_I2C_DeInit
                0x08006276       0x5e ./Drivers/STM32L4xx_HAL_Driver/Src/stm32l4xx_hal_i2c.o
                0x08006276                HAL_I2C_DeInit
 .text.HAL_I2C_MspInit
                0x080062d4       0x14 ./Drivers/STM32L4xx_HAL_Driver/Src/stm32l4xx_hal_i2c.o
                0x080062d4                HAL_I2C_MspInit
 .text.HAL_I2C_MspDeInit
                0x080062e8       0x14 ./Drivers/STM32L4xx_HAL_Driver/Src/stm32l4xx_hal_i2c.o
                0x080062e8                HAL_I2C_MspDeInit
 .text.HAL_I2C_Mem_Write
                0x080062fc      0x228 ./Drivers/STM32L4xx_HAL_Driver/Src/stm32l4xx_hal_i2c.o
                0x080062fc                HAL_I2C_Mem_Write
 .text.HAL_I2C_Mem_Read
                0x08006524      0x234 ./Drivers/STM32L4xx_HAL_Driver/Src/stm32l4xx_hal_i2c.o
                0x08006524                HAL_I2C_Mem_Read
 .text.HAL_I2C_GetState
                0x08006758       0x1c ./Drivers/STM32L4xx_HAL_Driver/Src/stm32l4xx_hal_i2c.o
                0x08006758                HAL_I2C_GetState
 .text.HAL_I2C_GetError
                0x08006774       0x18 ./Drivers/STM32L4xx_HAL_Driver/Src/stm32l4xx_hal_i2c.o
                0x08006774                HAL_I2C_GetError
 .text.I2C_RequestMemoryWrite
                0x0800678c       0xa8 ./Drivers/STM32L4xx_HAL_Driver/Src/stm32l4xx_hal_i2c.o
 .text.I2C_RequestMemoryRead
                0x08006834       0xa8 ./Drivers/STM32L4xx_HAL_Driver/Src/stm32l4xx_hal_i2c.o
 .text.I2C_Flush_TXDR
                0x080068dc       0x48 ./Drivers/STM32L4xx_HAL_Driver/Src/stm32l4xx_hal_i2c.o
 .text.I2C_WaitOnFlagUntilTimeout
                0x08006924       0xb2 ./Drivers/STM32L4xx_HAL_Driver/Src/stm32l4xx_hal_i2c.o
 .text.I2C_WaitOnTXISFlagUntilTimeout
                0x080069d6       0x8e ./Drivers/STM32L4xx_HAL_Driver/Src/stm32l4xx_hal_i2c.o
 .text.I2C_WaitOnSTOPFlagUntilTimeout
                0x08006a64       0x86 ./Drivers/STM32L4xx_HAL_Driver/Src/stm32l4xx_hal_i2c.o
 *fill*         0x08006aea        0x2 
 .text.I2C_IsErrorOccurred
                0x08006aec      0x1c0 ./Drivers/STM32L4xx_HAL_Driver/Src/stm32l4xx_hal_i2c.o
 .text.I2C_TransferConfig
                0x08006cac       0x64 ./Drivers/STM32L4xx_HAL_Driver/Src/stm32l4xx_hal_i2c.o
 .text.HAL_I2CEx_ConfigAnalogFilter
                0x08006d10       0x96 ./Drivers/STM32L4xx_HAL_Driver/Src/stm32l4xx_hal_i2c_ex.o
                0x08006d10                HAL_I2CEx_ConfigAnalogFilter
 .text.HAL_I2CEx_ConfigDigitalFilter
                0x08006da6       0x98 ./Drivers/STM32L4xx_HAL_Driver/Src/stm32l4xx_hal_i2c_ex.o
                0x08006da6                HAL_I2CEx_ConfigDigitalFilter
 *fill*         0x08006e3e        0x2 
 .text.HAL_PWREx_GetVoltageRange
                0x08006e40       0x1c ./Drivers/STM32L4xx_HAL_Driver/Src/stm32l4xx_hal_pwr_ex.o
                0x08006e40                HAL_PWREx_GetVoltageRange
 .text.HAL_PWREx_ControlVoltageScaling
                0x08006e5c       0xac ./Drivers/STM32L4xx_HAL_Driver/Src/stm32l4xx_hal_pwr_ex.o
                0x08006e5c                HAL_PWREx_ControlVoltageScaling
 .text.HAL_RCC_OscConfig
                0x08006f08      0x828 ./Drivers/STM32L4xx_HAL_Driver/Src/stm32l4xx_hal_rcc.o
                0x08006f08                HAL_RCC_OscConfig
 .text.HAL_RCC_ClockConfig
                0x08007730      0x200 ./Drivers/STM32L4xx_HAL_Driver/Src/stm32l4xx_hal_rcc.o
                0x08007730                HAL_RCC_ClockConfig
 .text.HAL_RCC_GetSysClockFreq
                0x08007930      0x118 ./Drivers/STM32L4xx_HAL_Driver/Src/stm32l4xx_hal_rcc.o
                0x08007930                HAL_RCC_GetSysClockFreq
 .text.HAL_RCC_GetHCLKFreq
                0x08007a48       0x18 ./Drivers/STM32L4xx_HAL_Driver/Src/stm32l4xx_hal_rcc.o
                0x08007a48                HAL_RCC_GetHCLKFreq
 .text.HAL_RCC_GetPCLK1Freq
                0x08007a60       0x2c ./Drivers/STM32L4xx_HAL_Driver/Src/stm32l4xx_hal_rcc.o
                0x08007a60                HAL_RCC_GetPCLK1Freq
 .text.HAL_RCC_GetPCLK2Freq
                0x08007a8c       0x2c ./Drivers/STM32L4xx_HAL_Driver/Src/stm32l4xx_hal_rcc.o
                0x08007a8c                HAL_RCC_GetPCLK2Freq
 .text.RCC_SetFlashLatencyFromMSIRange
                0x08007ab8       0xc0 ./Drivers/STM32L4xx_HAL_Driver/Src/stm32l4xx_hal_rcc.o
 .text.HAL_RCCEx_PeriphCLKConfig
                0x08007b78      0x4d8 ./Drivers/STM32L4xx_HAL_Driver/Src/stm32l4xx_hal_rcc_ex.o
                0x08007b78                HAL_RCCEx_PeriphCLKConfig
 .text.RCCEx_PLLSAI1_Config
                0x08008050      0x1e4 ./Drivers/STM32L4xx_HAL_Driver/Src/stm32l4xx_hal_rcc_ex.o
 .text.HAL_UART_Init
                0x08008234       0x9c ./Drivers/STM32L4xx_HAL_Driver/Src/stm32l4xx_hal_uart.o
                0x08008234                HAL_UART_Init
 .text.HAL_UART_Transmit
                0x080082d0      0x112 ./Drivers/STM32L4xx_HAL_Driver/Src/stm32l4xx_hal_uart.o
                0x080082d0                HAL_UART_Transmit
 *fill*         0x080083e2        0x2 
 .text.UART_SetConfig
                0x080083e4      0x50c ./Drivers/STM32L4xx_HAL_Driver/Src/stm32l4xx_hal_uart.o
                0x080083e4                UART_SetConfig
 .text.UART_AdvFeatureConfig
                0x080088f0      0x144 ./Drivers/STM32L4xx_HAL_Driver/Src/stm32l4xx_hal_uart.o
                0x080088f0                UART_AdvFeatureConfig
 .text.UART_CheckIdleState
                0x08008a34      0x150 ./Drivers/STM32L4xx_HAL_Driver/Src/stm32l4xx_hal_uart.o
                0x08008a34                UART_CheckIdleState
 .text.UART_WaitOnFlagUntilTimeout
                0x08008b84       0xda ./Drivers/STM32L4xx_HAL_Driver/Src/stm32l4xx_hal_uart.o
                0x08008b84                UART_WaitOnFlagUntilTimeout
 .text.UART_EndRxTransfer
                0x08008c5e       0xc8 ./Drivers/STM32L4xx_HAL_Driver/Src/stm32l4xx_hal_uart.o
 *fill*         0x08008d26        0x2 
 .text.std      0x08008d28       0x6c C:/ST/STM32CubeIDE_1.16.0/STM32CubeIDE/plugins/com.st.stm32cube.ide.mcu.externaltools.gnu-tools-for-stm32.12.3.rel1.win32_1.0.200.202406191623/tools/bin/../lib/gcc/arm-none-eabi/12.3.1/../../../../arm-none-eabi/lib/thumb/v7e-m+fp/hard\libc_nano.a(libc_a-findfp.o)
 .text.stdio_exit_handler
                0x08008d94       0x18 C:/ST/STM32CubeIDE_1.16.0/STM32CubeIDE/plugins/com.st.stm32cube.ide.mcu.externaltools.gnu-tools-for-stm32.12.3.rel1.win32_1.0.200.202406191623/tools/bin/../lib/gcc/arm-none-eabi/12.3.1/../../../../arm-none-eabi/lib/thumb/v7e-m+fp/hard\libc_nano.a(libc_a-findfp.o)
 .text.cleanup_stdio
                0x08008dac       0x40 C:/ST/STM32CubeIDE_1.16.0/STM32CubeIDE/plugins/com.st.stm32cube.ide.mcu.externaltools.gnu-tools-for-stm32.12.3.rel1.win32_1.0.200.202406191623/tools/bin/../lib/gcc/arm-none-eabi/12.3.1/../../../../arm-none-eabi/lib/thumb/v7e-m+fp/hard\libc_nano.a(libc_a-findfp.o)
 .text.global_stdio_init.part.0
                0x08008dec       0x3c C:/ST/STM32CubeIDE_1.16.0/STM32CubeIDE/plugins/com.st.stm32cube.ide.mcu.externaltools.gnu-tools-for-stm32.12.3.rel1.win32_1.0.200.202406191623/tools/bin/../lib/gcc/arm-none-eabi/12.3.1/../../../../arm-none-eabi/lib/thumb/v7e-m+fp/hard\libc_nano.a(libc_a-findfp.o)
 .text.__sfp_lock_acquire
                0x08008e28        0xc C:/ST/STM32CubeIDE_1.16.0/STM32CubeIDE/plugins/com.st.stm32cube.ide.mcu.externaltools.gnu-tools-for-stm32.12.3.rel1.win32_1.0.200.202406191623/tools/bin/../lib/gcc/arm-none-eabi/12.3.1/../../../../arm-none-eabi/lib/thumb/v7e-m+fp/hard\libc_nano.a(libc_a-findfp.o)
                0x08008e28                __sfp_lock_acquire
 .text.__sfp_lock_release
                0x08008e34        0xc C:/ST/STM32CubeIDE_1.16.0/STM32CubeIDE/plugins/com.st.stm32cube.ide.mcu.externaltools.gnu-tools-for-stm32.12.3.rel1.win32_1.0.200.202406191623/tools/bin/../lib/gcc/arm-none-eabi/12.3.1/../../../../arm-none-eabi/lib/thumb/v7e-m+fp/hard\libc_nano.a(libc_a-findfp.o)
                0x08008e34                __sfp_lock_release
 .text.__sinit  0x08008e40       0x30 C:/ST/STM32CubeIDE_1.16.0/STM32CubeIDE/plugins/com.st.stm32cube.ide.mcu.externaltools.gnu-tools-for-stm32.12.3.rel1.win32_1.0.200.202406191623/tools/bin/../lib/gcc/arm-none-eabi/12.3.1/../../../../arm-none-eabi/lib/thumb/v7e-m+fp/hard\libc_nano.a(libc_a-findfp.o)
                0x08008e40                __sinit
 .text._fwalk_sglue
                0x08008e70       0x3c C:/ST/STM32CubeIDE_1.16.0/STM32CubeIDE/plugins/com.st.stm32cube.ide.mcu.externaltools.gnu-tools-for-stm32.12.3.rel1.win32_1.0.200.202406191623/tools/bin/../lib/gcc/arm-none-eabi/12.3.1/../../../../arm-none-eabi/lib/thumb/v7e-m+fp/hard\libc_nano.a(libc_a-fwalk.o)
                0x08008e70                _fwalk_sglue
 .text.printf   0x08008eac       0x24 C:/ST/STM32CubeIDE_1.16.0/STM32CubeIDE/plugins/com.st.stm32cube.ide.mcu.externaltools.gnu-tools-for-stm32.12.3.rel1.win32_1.0.200.202406191623/tools/bin/../lib/gcc/arm-none-eabi/12.3.1/../../../../arm-none-eabi/lib/thumb/v7e-m+fp/hard\libc_nano.a(libc_a-printf.o)
                0x08008eac                iprintf
                0x08008eac                printf
 .text.__sread  0x08008ed0       0x22 C:/ST/STM32CubeIDE_1.16.0/STM32CubeIDE/plugins/com.st.stm32cube.ide.mcu.externaltools.gnu-tools-for-stm32.12.3.rel1.win32_1.0.200.202406191623/tools/bin/../lib/gcc/arm-none-eabi/12.3.1/../../../../arm-none-eabi/lib/thumb/v7e-m+fp/hard\libc_nano.a(libc_a-stdio.o)
                0x08008ed0                __sread
 .text.__swrite
                0x08008ef2       0x38 C:/ST/STM32CubeIDE_1.16.0/STM32CubeIDE/plugins/com.st.stm32cube.ide.mcu.externaltools.gnu-tools-for-stm32.12.3.rel1.win32_1.0.200.202406191623/tools/bin/../lib/gcc/arm-none-eabi/12.3.1/../../../../arm-none-eabi/lib/thumb/v7e-m+fp/hard\libc_nano.a(libc_a-stdio.o)
                0x08008ef2                __swrite
 .text.__sseek  0x08008f2a       0x24 C:/ST/STM32CubeIDE_1.16.0/STM32CubeIDE/plugins/com.st.stm32cube.ide.mcu.externaltools.gnu-tools-for-stm32.12.3.rel1.win32_1.0.200.202406191623/tools/bin/../lib/gcc/arm-none-eabi/12.3.1/../../../../arm-none-eabi/lib/thumb/v7e-m+fp/hard\libc_nano.a(libc_a-stdio.o)
                0x08008f2a                __sseek
 .text.__sclose
                0x08008f4e        0x8 C:/ST/STM32CubeIDE_1.16.0/STM32CubeIDE/plugins/com.st.stm32cube.ide.mcu.externaltools.gnu-tools-for-stm32.12.3.rel1.win32_1.0.200.202406191623/tools/bin/../lib/gcc/arm-none-eabi/12.3.1/../../../../arm-none-eabi/lib/thumb/v7e-m+fp/hard\libc_nano.a(libc_a-stdio.o)
                0x08008f4e                __sclose
 .text.memset   0x08008f56       0x10 C:/ST/STM32CubeIDE_1.16.0/STM32CubeIDE/plugins/com.st.stm32cube.ide.mcu.externaltools.gnu-tools-for-stm32.12.3.rel1.win32_1.0.200.202406191623/tools/bin/../lib/gcc/arm-none-eabi/12.3.1/../../../../arm-none-eabi/lib/thumb/v7e-m+fp/hard\libc_nano.a(libc_a-memset.o)
                0x08008f56                memset
 *fill*         0x08008f66        0x2 
 .text._close_r
                0x08008f68       0x20 C:/ST/STM32CubeIDE_1.16.0/STM32CubeIDE/plugins/com.st.stm32cube.ide.mcu.externaltools.gnu-tools-for-stm32.12.3.rel1.win32_1.0.200.202406191623/tools/bin/../lib/gcc/arm-none-eabi/12.3.1/../../../../arm-none-eabi/lib/thumb/v7e-m+fp/hard\libc_nano.a(libc_a-closer.o)
                0x08008f68                _close_r
 .text._lseek_r
                0x08008f88       0x24 C:/ST/STM32CubeIDE_1.16.0/STM32CubeIDE/plugins/com.st.stm32cube.ide.mcu.externaltools.gnu-tools-for-stm32.12.3.rel1.win32_1.0.200.202406191623/tools/bin/../lib/gcc/arm-none-eabi/12.3.1/../../../../arm-none-eabi/lib/thumb/v7e-m+fp/hard\libc_nano.a(libc_a-lseekr.o)
                0x08008f88                _lseek_r
 .text._read_r  0x08008fac       0x24 C:/ST/STM32CubeIDE_1.16.0/STM32CubeIDE/plugins/com.st.stm32cube.ide.mcu.externaltools.gnu-tools-for-stm32.12.3.rel1.win32_1.0.200.202406191623/tools/bin/../lib/gcc/arm-none-eabi/12.3.1/../../../../arm-none-eabi/lib/thumb/v7e-m+fp/hard\libc_nano.a(libc_a-readr.o)
                0x08008fac                _read_r
 .text._write_r
                0x08008fd0       0x24 C:/ST/STM32CubeIDE_1.16.0/STM32CubeIDE/plugins/com.st.stm32cube.ide.mcu.externaltools.gnu-tools-for-stm32.12.3.rel1.win32_1.0.200.202406191623/tools/bin/../lib/gcc/arm-none-eabi/12.3.1/../../../../arm-none-eabi/lib/thumb/v7e-m+fp/hard\libc_nano.a(libc_a-writer.o)
                0x08008fd0                _write_r
 .text.__errno  0x08008ff4        0xc C:/ST/STM32CubeIDE_1.16.0/STM32CubeIDE/plugins/com.st.stm32cube.ide.mcu.externaltools.gnu-tools-for-stm32.12.3.rel1.win32_1.0.200.202406191623/tools/bin/../lib/gcc/arm-none-eabi/12.3.1/../../../../arm-none-eabi/lib/thumb/v7e-m+fp/hard\libc_nano.a(libc_a-errno.o)
                0x08008ff4                __errno
 .text.__libc_init_array
                0x08009000       0x48 C:/ST/STM32CubeIDE_1.16.0/STM32CubeIDE/plugins/com.st.stm32cube.ide.mcu.externaltools.gnu-tools-for-stm32.12.3.rel1.win32_1.0.200.202406191623/tools/bin/../lib/gcc/arm-none-eabi/12.3.1/../../../../arm-none-eabi/lib/thumb/v7e-m+fp/hard\libc_nano.a(libc_a-init.o)
                0x08009000                __libc_init_array
 .text.__retarget_lock_init_recursive
                0x08009048        0x2 C:/ST/STM32CubeIDE_1.16.0/STM32CubeIDE/plugins/com.st.stm32cube.ide.mcu.externaltools.gnu-tools-for-stm32.12.3.rel1.win32_1.0.200.202406191623/tools/bin/../lib/gcc/arm-none-eabi/12.3.1/../../../../arm-none-eabi/lib/thumb/v7e-m+fp/hard\libc_nano.a(libc_a-lock.o)
                0x08009048                __retarget_lock_init_recursive
 .text.__retarget_lock_acquire_recursive
                0x0800904a        0x2 C:/ST/STM32CubeIDE_1.16.0/STM32CubeIDE/plugins/com.st.stm32cube.ide.mcu.externaltools.gnu-tools-for-stm32.12.3.rel1.win32_1.0.200.202406191623/tools/bin/../lib/gcc/arm-none-eabi/12.3.1/../../../../arm-none-eabi/lib/thumb/v7e-m+fp/hard\libc_nano.a(libc_a-lock.o)
                0x0800904a                __retarget_lock_acquire_recursive
 .text.__retarget_lock_release_recursive
                0x0800904c        0x2 C:/ST/STM32CubeIDE_1.16.0/STM32CubeIDE/plugins/com.st.stm32cube.ide.mcu.externaltools.gnu-tools-for-stm32.12.3.rel1.win32_1.0.200.202406191623/tools/bin/../lib/gcc/arm-none-eabi/12.3.1/../../../../arm-none-eabi/lib/thumb/v7e-m+fp/hard\libc_nano.a(libc_a-lock.o)
                0x0800904c                __retarget_lock_release_recursive
 *fill*         0x0800904e        0x2 
 .text._free_r  0x08009050       0x94 C:/ST/STM32CubeIDE_1.16.0/STM32CubeIDE/plugins/com.st.stm32cube.ide.mcu.externaltools.gnu-tools-for-stm32.12.3.rel1.win32_1.0.200.202406191623/tools/bin/../lib/gcc/arm-none-eabi/12.3.1/../../../../arm-none-eabi/lib/thumb/v7e-m+fp/hard\libc_nano.a(libc_a-freer.o)
                0x08009050                _free_r
 .text.sbrk_aligned
                0x080090e4       0x44 C:/ST/STM32CubeIDE_1.16.0/STM32CubeIDE/plugins/com.st.stm32cube.ide.mcu.externaltools.gnu-tools-for-stm32.12.3.rel1.win32_1.0.200.202406191623/tools/bin/../lib/gcc/arm-none-eabi/12.3.1/../../../../arm-none-eabi/lib/thumb/v7e-m+fp/hard\libc_nano.a(libc_a-mallocr.o)
 .text._malloc_r
                0x08009128      0x100 C:/ST/STM32CubeIDE_1.16.0/STM32CubeIDE/plugins/com.st.stm32cube.ide.mcu.externaltools.gnu-tools-for-stm32.12.3.rel1.win32_1.0.200.202406191623/tools/bin/../lib/gcc/arm-none-eabi/12.3.1/../../../../arm-none-eabi/lib/thumb/v7e-m+fp/hard\libc_nano.a(libc_a-mallocr.o)
                0x08009128                _malloc_r
 .text.__malloc_lock
                0x08009228        0xc C:/ST/STM32CubeIDE_1.16.0/STM32CubeIDE/plugins/com.st.stm32cube.ide.mcu.externaltools.gnu-tools-for-stm32.12.3.rel1.win32_1.0.200.202406191623/tools/bin/../lib/gcc/arm-none-eabi/12.3.1/../../../../arm-none-eabi/lib/thumb/v7e-m+fp/hard\libc_nano.a(libc_a-mlock.o)
                0x08009228                __malloc_lock
 .text.__malloc_unlock
                0x08009234        0xc C:/ST/STM32CubeIDE_1.16.0/STM32CubeIDE/plugins/com.st.stm32cube.ide.mcu.externaltools.gnu-tools-for-stm32.12.3.rel1.win32_1.0.200.202406191623/tools/bin/../lib/gcc/arm-none-eabi/12.3.1/../../../../arm-none-eabi/lib/thumb/v7e-m+fp/hard\libc_nano.a(libc_a-mlock.o)
                0x08009234                __malloc_unlock
 .text.__sfputc_r
                0x08009240       0x2e C:/ST/STM32CubeIDE_1.16.0/STM32CubeIDE/plugins/com.st.stm32cube.ide.mcu.externaltools.gnu-tools-for-stm32.12.3.rel1.win32_1.0.200.202406191623/tools/bin/../lib/gcc/arm-none-eabi/12.3.1/../../../../arm-none-eabi/lib/thumb/v7e-m+fp/hard\libc_nano.a(libc_a-nano-vfprintf.o)
 .text.__sfputs_r
                0x0800926e       0x24 C:/ST/STM32CubeIDE_1.16.0/STM32CubeIDE/plugins/com.st.stm32cube.ide.mcu.externaltools.gnu-tools-for-stm32.12.3.rel1.win32_1.0.200.202406191623/tools/bin/../lib/gcc/arm-none-eabi/12.3.1/../../../../arm-none-eabi/lib/thumb/v7e-m+fp/hard\libc_nano.a(libc_a-nano-vfprintf.o)
                0x0800926e                __sfputs_r
 *fill*         0x08009292        0x2 
 .text._vfprintf_r
                0x08009294      0x230 C:/ST/STM32CubeIDE_1.16.0/STM32CubeIDE/plugins/com.st.stm32cube.ide.mcu.externaltools.gnu-tools-for-stm32.12.3.rel1.win32_1.0.200.202406191623/tools/bin/../lib/gcc/arm-none-eabi/12.3.1/../../../../arm-none-eabi/lib/thumb/v7e-m+fp/hard\libc_nano.a(libc_a-nano-vfprintf.o)
                0x08009294                _vfprintf_r
                0x08009294                _vfiprintf_r
 .text._printf_common
                0x080094c4       0xda C:/ST/STM32CubeIDE_1.16.0/STM32CubeIDE/plugins/com.st.stm32cube.ide.mcu.externaltools.gnu-tools-for-stm32.12.3.rel1.win32_1.0.200.202406191623/tools/bin/../lib/gcc/arm-none-eabi/12.3.1/../../../../arm-none-eabi/lib/thumb/v7e-m+fp/hard\libc_nano.a(libc_a-nano-vfprintf_i.o)
                0x080094c4                _printf_common
 *fill*         0x0800959e        0x2 
 .text._printf_i
                0x080095a0      0x240 C:/ST/STM32CubeIDE_1.16.0/STM32CubeIDE/plugins/com.st.stm32cube.ide.mcu.externaltools.gnu-tools-for-stm32.12.3.rel1.win32_1.0.200.202406191623/tools/bin/../lib/gcc/arm-none-eabi/12.3.1/../../../../arm-none-eabi/lib/thumb/v7e-m+fp/hard\libc_nano.a(libc_a-nano-vfprintf_i.o)
                0x080095a0                _printf_i
 .text.__sflush_r
                0x080097e0      0x108 C:/ST/STM32CubeIDE_1.16.0/STM32CubeIDE/plugins/com.st.stm32cube.ide.mcu.externaltools.gnu-tools-for-stm32.12.3.rel1.win32_1.0.200.202406191623/tools/bin/../lib/gcc/arm-none-eabi/12.3.1/../../../../arm-none-eabi/lib/thumb/v7e-m+fp/hard\libc_nano.a(libc_a-fflush.o)
                0x080097e0                __sflush_r
 .text._fflush_r
                0x080098e8       0x50 C:/ST/STM32CubeIDE_1.16.0/STM32CubeIDE/plugins/com.st.stm32cube.ide.mcu.externaltools.gnu-tools-for-stm32.12.3.rel1.win32_1.0.200.202406191623/tools/bin/../lib/gcc/arm-none-eabi/12.3.1/../../../../arm-none-eabi/lib/thumb/v7e-m+fp/hard\libc_nano.a(libc_a-fflush.o)
                0x080098e8                _fflush_r
 .text.__swbuf_r
                0x08009938       0x7c C:/ST/STM32CubeIDE_1.16.0/STM32CubeIDE/plugins/com.st.stm32cube.ide.mcu.externaltools.gnu-tools-for-stm32.12.3.rel1.win32_1.0.200.202406191623/tools/bin/../lib/gcc/arm-none-eabi/12.3.1/../../../../arm-none-eabi/lib/thumb/v7e-m+fp/hard\libc_nano.a(libc_a-wbuf.o)
                0x08009938                __swbuf_r
 .text.__swsetup_r
                0x080099b4       0xac C:/ST/STM32CubeIDE_1.16.0/STM32CubeIDE/plugins/com.st.stm32cube.ide.mcu.externaltools.gnu-tools-for-stm32.12.3.rel1.win32_1.0.200.202406191623/tools/bin/../lib/gcc/arm-none-eabi/12.3.1/../../../../arm-none-eabi/lib/thumb/v7e-m+fp/hard\libc_nano.a(libc_a-wsetup.o)
                0x080099b4                __swsetup_r
 .text._sbrk_r  0x08009a60       0x20 C:/ST/STM32CubeIDE_1.16.0/STM32CubeIDE/plugins/com.st.stm32cube.ide.mcu.externaltools.gnu-tools-for-stm32.12.3.rel1.win32_1.0.200.202406191623/tools/bin/../lib/gcc/arm-none-eabi/12.3.1/../../../../arm-none-eabi/lib/thumb/v7e-m+fp/hard\libc_nano.a(libc_a-sbrkr.o)
                0x08009a60                _sbrk_r
 .text.__swhatbuf_r
                0x08009a80       0x4c C:/ST/STM32CubeIDE_1.16.0/STM32CubeIDE/plugins/com.st.stm32cube.ide.mcu.externaltools.gnu-tools-for-stm32.12.3.rel1.win32_1.0.200.202406191623/tools/bin/../lib/gcc/arm-none-eabi/12.3.1/../../../../arm-none-eabi/lib/thumb/v7e-m+fp/hard\libc_nano.a(libc_a-makebuf.o)
                0x08009a80                __swhatbuf_r
 .text.__smakebuf_r
                0x08009acc       0x78 C:/ST/STM32CubeIDE_1.16.0/STM32CubeIDE/plugins/com.st.stm32cube.ide.mcu.externaltools.gnu-tools-for-stm32.12.3.rel1.win32_1.0.200.202406191623/tools/bin/../lib/gcc/arm-none-eabi/12.3.1/../../../../arm-none-eabi/lib/thumb/v7e-m+fp/hard\libc_nano.a(libc_a-makebuf.o)
                0x08009acc                __smakebuf_r
 .text._fstat_r
                0x08009b44       0x24 C:/ST/STM32CubeIDE_1.16.0/STM32CubeIDE/plugins/com.st.stm32cube.ide.mcu.externaltools.gnu-tools-for-stm32.12.3.rel1.win32_1.0.200.202406191623/tools/bin/../lib/gcc/arm-none-eabi/12.3.1/../../../../arm-none-eabi/lib/thumb/v7e-m+fp/hard\libc_nano.a(libc_a-fstatr.o)
                0x08009b44                _fstat_r
 .text._isatty_r
                0x08009b68       0x20 C:/ST/STM32CubeIDE_1.16.0/STM32CubeIDE/plugins/com.st.stm32cube.ide.mcu.externaltools.gnu-tools-for-stm32.12.3.rel1.win32_1.0.200.202406191623/tools/bin/../lib/gcc/arm-none-eabi/12.3.1/../../../../arm-none-eabi/lib/thumb/v7e-m+fp/hard\libc_nano.a(libc_a-isattyr.o)
                0x08009b68                _isatty_r
 *(.glue_7)
 .glue_7        0x08009b88        0x0 linker stubs
 *(.glue_7t)
 .glue_7t       0x08009b88        0x0 linker stubs
 *(.eh_frame)
 .eh_frame      0x08009b88        0x0 C:/ST/STM32CubeIDE_1.16.0/STM32CubeIDE/plugins/com.st.stm32cube.ide.mcu.externaltools.gnu-tools-for-stm32.12.3.rel1.win32_1.0.200.202406191623/tools/bin/../lib/gcc/arm-none-eabi/12.3.1/thumb/v7e-m+fp/hard/crtbegin.o
 *(.init)
 .init          0x08009b88        0x4 C:/ST/STM32CubeIDE_1.16.0/STM32CubeIDE/plugins/com.st.stm32cube.ide.mcu.externaltools.gnu-tools-for-stm32.12.3.rel1.win32_1.0.200.202406191623/tools/bin/../lib/gcc/arm-none-eabi/12.3.1/thumb/v7e-m+fp/hard/crti.o
                0x08009b88                _init
 .init          0x08009b8c        0x8 C:/ST/STM32CubeIDE_1.16.0/STM32CubeIDE/plugins/com.st.stm32cube.ide.mcu.externaltools.gnu-tools-for-stm32.12.3.rel1.win32_1.0.200.202406191623/tools/bin/../lib/gcc/arm-none-eabi/12.3.1/thumb/v7e-m+fp/hard/crtn.o
 *(.fini)
 .fini          0x08009b94        0x4 C:/ST/STM32CubeIDE_1.16.0/STM32CubeIDE/plugins/com.st.stm32cube.ide.mcu.externaltools.gnu-tools-for-stm32.12.3.rel1.win32_1.0.200.202406191623/tools/bin/../lib/gcc/arm-none-eabi/12.3.1/thumb/v7e-m+fp/hard/crti.o
                0x08009b94                _fini
 .fini          0x08009b98        0x8 C:/ST/STM32CubeIDE_1.16.0/STM32CubeIDE/plugins/com.st.stm32cube.ide.mcu.externaltools.gnu-tools-for-stm32.12.3.rel1.win32_1.0.200.202406191623/tools/bin/../lib/gcc/arm-none-eabi/12.3.1/thumb/v7e-m+fp/hard/crtn.o
                0x08009ba0                        . = ALIGN (0x4)
                0x08009ba0                        _etext = .

.vfp11_veneer   0x08009ba0        0x0
 .vfp11_veneer  0x08009ba0        0x0 linker stubs

.v4_bx          0x08009ba0        0x0
 .v4_bx         0x08009ba0        0x0 linker stubs

.iplt           0x08009ba0        0x0
 .iplt          0x08009ba0        0x0 C:/ST/STM32CubeIDE_1.16.0/STM32CubeIDE/plugins/com.st.stm32cube.ide.mcu.externaltools.gnu-tools-for-stm32.12.3.rel1.win32_1.0.200.202406191623/tools/bin/../lib/gcc/arm-none-eabi/12.3.1/thumb/v7e-m+fp/hard/crtbegin.o

.rodata         0x08009ba0       0x84
                0x08009ba0                        . = ALIGN (0x4)
 *(.rodata)
 .rodata        0x08009ba0        0x7 ./Core/Src/main.o
 *(.rodata*)
 *fill*         0x08009ba7        0x1 
 .rodata.AHBPrescTable
                0x08009ba8       0x10 ./Core/Src/system_stm32l4xx.o
                0x08009ba8                AHBPrescTable
 .rodata.APBPrescTable
                0x08009bb8        0x8 ./Core/Src/system_stm32l4xx.o
                0x08009bb8                APBPrescTable
 .rodata.MSIRangeTable
                0x08009bc0       0x30 ./Core/Src/system_stm32l4xx.o
                0x08009bc0                MSIRangeTable
 .rodata._vfprintf_r.str1.1
                0x08009bf0       0x11 C:/ST/STM32CubeIDE_1.16.0/STM32CubeIDE/plugins/com.st.stm32cube.ide.mcu.externaltools.gnu-tools-for-stm32.12.3.rel1.win32_1.0.200.202406191623/tools/bin/../lib/gcc/arm-none-eabi/12.3.1/../../../../arm-none-eabi/lib/thumb/v7e-m+fp/hard\libc_nano.a(libc_a-nano-vfprintf.o)
 .rodata._printf_i.str1.1
                0x08009c01       0x22 C:/ST/STM32CubeIDE_1.16.0/STM32CubeIDE/plugins/com.st.stm32cube.ide.mcu.externaltools.gnu-tools-for-stm32.12.3.rel1.win32_1.0.200.202406191623/tools/bin/../lib/gcc/arm-none-eabi/12.3.1/../../../../arm-none-eabi/lib/thumb/v7e-m+fp/hard\libc_nano.a(libc_a-nano-vfprintf_i.o)
                0x08009c24                        . = ALIGN (0x4)
 *fill*         0x08009c23        0x1 

.ARM.extab      0x08009c24        0x0
                0x08009c24                        . = ALIGN (0x4)
 *(.ARM.extab* .gnu.linkonce.armextab.*)
                0x08009c24                        . = ALIGN (0x4)

.ARM            0x08009c24        0x8
                0x08009c24                        . = ALIGN (0x4)
                0x08009c24                        __exidx_start = .
 *(.ARM.exidx*)
 .ARM.exidx     0x08009c24        0x8 C:/ST/STM32CubeIDE_1.16.0/STM32CubeIDE/plugins/com.st.stm32cube.ide.mcu.externaltools.gnu-tools-for-stm32.12.3.rel1.win32_1.0.200.202406191623/tools/bin/../lib/gcc/arm-none-eabi/12.3.1/../../../../arm-none-eabi/lib/thumb/v7e-m+fp/hard\libc_nano.a(libc_a-memchr.o)
 .ARM.exidx     0x08009c2c        0x0 C:/ST/STM32CubeIDE_1.16.0/STM32CubeIDE/plugins/com.st.stm32cube.ide.mcu.externaltools.gnu-tools-for-stm32.12.3.rel1.win32_1.0.200.202406191623/tools/bin/../lib/gcc/arm-none-eabi/12.3.1/thumb/v7e-m+fp/hard\libgcc.a(_udivmoddi4.o)
                                  0x8 (size before relaxing)
                0x08009c2c                        __exidx_end = .
                0x08009c2c                        . = ALIGN (0x4)

.preinit_array  0x08009c2c        0x0
                0x08009c2c                        . = ALIGN (0x4)
                0x08009c2c                        PROVIDE (__preinit_array_start = .)
 *(.preinit_array*)
                0x08009c2c                        PROVIDE (__preinit_array_end = .)
                0x08009c2c                        . = ALIGN (0x4)

.init_array     0x08009c2c        0x4
                0x08009c2c                        . = ALIGN (0x4)
                0x08009c2c                        PROVIDE (__init_array_start = .)
 *(SORT_BY_NAME(.init_array.*))
 *(.init_array*)
 .init_array    0x08009c2c        0x4 C:/ST/STM32CubeIDE_1.16.0/STM32CubeIDE/plugins/com.st.stm32cube.ide.mcu.externaltools.gnu-tools-for-stm32.12.3.rel1.win32_1.0.200.202406191623/tools/bin/../lib/gcc/arm-none-eabi/12.3.1/thumb/v7e-m+fp/hard/crtbegin.o
                0x08009c30                        PROVIDE (__init_array_end = .)
                0x08009c30                        . = ALIGN (0x4)

.fini_array     0x08009c30        0x4
                0x08009c30                        . = ALIGN (0x4)
                [!provide]                        PROVIDE (__fini_array_start = .)
 *(SORT_BY_NAME(.fini_array.*))
 *(.fini_array*)
 .fini_array    0x08009c30        0x4 C:/ST/STM32CubeIDE_1.16.0/STM32CubeIDE/plugins/com.st.stm32cube.ide.mcu.externaltools.gnu-tools-for-stm32.12.3.rel1.win32_1.0.200.202406191623/tools/bin/../lib/gcc/arm-none-eabi/12.3.1/thumb/v7e-m+fp/hard/crtbegin.o
                [!provide]                        PROVIDE (__fini_array_end = .)
                0x08009c34                        . = ALIGN (0x4)
                0x08009c34                        _sidata = LOADADDR (.data)

.rel.dyn        0x08009c34        0x0
 .rel.iplt      0x08009c34        0x0 C:/ST/STM32CubeIDE_1.16.0/STM32CubeIDE/plugins/com.st.stm32cube.ide.mcu.externaltools.gnu-tools-for-stm32.12.3.rel1.win32_1.0.200.202406191623/tools/bin/../lib/gcc/arm-none-eabi/12.3.1/thumb/v7e-m+fp/hard/crtbegin.o

.data           0x20000000      0x13c load address 0x08009c34
                0x20000000                        . = ALIGN (0x4)
                0x20000000                        _sdata = .
 *(.data)
 *(.data*)
 .data.SystemCoreClock
                0x20000000        0x4 ./Core/Src/system_stm32l4xx.o
                0x20000000                SystemCoreClock
 .data.LIS2DW12_COMMON_Driver
                0x20000004       0x10 ./Drivers/BSP/Components/lis2dw12/lis2dw12.o
                0x20000004                LIS2DW12_COMMON_Driver
 .data.LIS2DW12_ACC_Driver
                0x20000014       0x24 ./Drivers/BSP/Components/lis2dw12/lis2dw12.o
                0x20000014                LIS2DW12_ACC_Driver
 .data.LIS2MDL_COMMON_Driver
                0x20000038       0x10 ./Drivers/BSP/Components/lis2mdl/lis2mdl.o
                0x20000038                LIS2MDL_COMMON_Driver
 .data.LIS2MDL_MAG_Driver
                0x20000048       0x24 ./Drivers/BSP/Components/lis2mdl/lis2mdl.o
                0x20000048                LIS2MDL_MAG_Driver
 .data.LSM6DSO_COMMON_Driver
                0x2000006c       0x10 ./Drivers/BSP/Components/lsm6dso/lsm6dso.o
                0x2000006c                LSM6DSO_COMMON_Driver
 .data.LSM6DSO_ACC_Driver
                0x2000007c       0x24 ./Drivers/BSP/Components/lsm6dso/lsm6dso.o
                0x2000007c                LSM6DSO_ACC_Driver
 .data.LSM6DSO_GYRO_Driver
                0x200000a0       0x24 ./Drivers/BSP/Components/lsm6dso/lsm6dso.o
                0x200000a0                LSM6DSO_GYRO_Driver
 .data.FunctionIndex
                0x200000c4       0x14 ./Drivers/BSP/IKS01A3/iks01a3_motion_sensors.o
 .data.uwTickPrio
                0x200000d8        0x4 ./Drivers/STM32L4xx_HAL_Driver/Src/stm32l4xx_hal.o
                0x200000d8                uwTickPrio
 .data.uwTickFreq
                0x200000dc        0x1 ./Drivers/STM32L4xx_HAL_Driver/Src/stm32l4xx_hal.o
                0x200000dc                uwTickFreq
 *fill*         0x200000dd        0x3 
 .data.__sglue  0x200000e0        0xc C:/ST/STM32CubeIDE_1.16.0/STM32CubeIDE/plugins/com.st.stm32cube.ide.mcu.externaltools.gnu-tools-for-stm32.12.3.rel1.win32_1.0.200.202406191623/tools/bin/../lib/gcc/arm-none-eabi/12.3.1/../../../../arm-none-eabi/lib/thumb/v7e-m+fp/hard\libc_nano.a(libc_a-findfp.o)
                0x200000e0                __sglue
 .data._impure_ptr
                0x200000ec        0x4 C:/ST/STM32CubeIDE_1.16.0/STM32CubeIDE/plugins/com.st.stm32cube.ide.mcu.externaltools.gnu-tools-for-stm32.12.3.rel1.win32_1.0.200.202406191623/tools/bin/../lib/gcc/arm-none-eabi/12.3.1/../../../../arm-none-eabi/lib/thumb/v7e-m+fp/hard\libc_nano.a(libc_a-impure.o)
                0x200000ec                _impure_ptr
 .data._impure_data
                0x200000f0       0x4c C:/ST/STM32CubeIDE_1.16.0/STM32CubeIDE/plugins/com.st.stm32cube.ide.mcu.externaltools.gnu-tools-for-stm32.12.3.rel1.win32_1.0.200.202406191623/tools/bin/../lib/gcc/arm-none-eabi/12.3.1/../../../../arm-none-eabi/lib/thumb/v7e-m+fp/hard\libc_nano.a(libc_a-impure.o)
                0x200000f0                _impure_data
 *(.RamFunc)
 *(.RamFunc*)
                0x2000013c                        . = ALIGN (0x4)
                0x2000013c                        _edata = .

.igot.plt       0x2000013c        0x0 load address 0x08009d70
 .igot.plt      0x2000013c        0x0 C:/ST/STM32CubeIDE_1.16.0/STM32CubeIDE/plugins/com.st.stm32cube.ide.mcu.externaltools.gnu-tools-for-stm32.12.3.rel1.win32_1.0.200.202406191623/tools/bin/../lib/gcc/arm-none-eabi/12.3.1/thumb/v7e-m+fp/hard/crtbegin.o
                0x2000013c                        . = ALIGN (0x4)

.bss            0x2000013c      0x34c load address 0x08009d70
                0x2000013c                        _sbss = .
                0x2000013c                        __bss_start__ = _sbss
 *(.bss)
 .bss           0x2000013c       0x1c C:/ST/STM32CubeIDE_1.16.0/STM32CubeIDE/plugins/com.st.stm32cube.ide.mcu.externaltools.gnu-tools-for-stm32.12.3.rel1.win32_1.0.200.202406191623/tools/bin/../lib/gcc/arm-none-eabi/12.3.1/thumb/v7e-m+fp/hard/crtbegin.o
 *(.bss*)
 .bss.huart2    0x20000158       0x88 ./Core/Src/main.o
                0x20000158                huart2
 .bss.Axes      0x200001e0        0xc ./Core/Src/main.o
                0x200001e0                Axes
 .bss.hi2c1     0x200001ec       0x54 ./Core/Src/stm32l4xx_nucleo_bus.o
                0x200001ec                hi2c1
 .bss.I2C1InitCounter
                0x20000240        0x4 ./Core/Src/stm32l4xx_nucleo_bus.o
 .bss.__sbrk_heap_end
                0x20000244        0x4 ./Core/Src/sysmem.o
 .bss.MotionCompObj
                0x20000248        0xc ./Drivers/BSP/IKS01A3/iks01a3_motion_sensors.o
                0x20000248                MotionCompObj
 .bss.MotionFuncDrv
                0x20000254       0x24 ./Drivers/BSP/IKS01A3/iks01a3_motion_sensors.o
 .bss.MotionDrv
                0x20000278        0xc ./Drivers/BSP/IKS01A3/iks01a3_motion_sensors.o
 .bss.MotionCtx
                0x20000284        0xc ./Drivers/BSP/IKS01A3/iks01a3_motion_sensors.o
 .bss.lsm6dso_obj_0.2
                0x20000290       0x38 ./Drivers/BSP/IKS01A3/iks01a3_motion_sensors.o
 .bss.lis2dw12_obj_0.1
                0x200002c8       0x3c ./Drivers/BSP/IKS01A3/iks01a3_motion_sensors.o
 .bss.lis2mdl_obj_0.0
                0x20000304       0x34 ./Drivers/BSP/IKS01A3/iks01a3_motion_sensors.o
 .bss.uwTick    0x20000338        0x4 ./Drivers/STM32L4xx_HAL_Driver/Src/stm32l4xx_hal.o
                0x20000338                uwTick
 .bss.__sf      0x2000033c      0x138 C:/ST/STM32CubeIDE_1.16.0/STM32CubeIDE/plugins/com.st.stm32cube.ide.mcu.externaltools.gnu-tools-for-stm32.12.3.rel1.win32_1.0.200.202406191623/tools/bin/../lib/gcc/arm-none-eabi/12.3.1/../../../../arm-none-eabi/lib/thumb/v7e-m+fp/hard\libc_nano.a(libc_a-findfp.o)
                0x2000033c                __sf
 .bss.__stdio_exit_handler
                0x20000474        0x4 C:/ST/STM32CubeIDE_1.16.0/STM32CubeIDE/plugins/com.st.stm32cube.ide.mcu.externaltools.gnu-tools-for-stm32.12.3.rel1.win32_1.0.200.202406191623/tools/bin/../lib/gcc/arm-none-eabi/12.3.1/../../../../arm-none-eabi/lib/thumb/v7e-m+fp/hard\libc_nano.a(libc_a-findfp.o)
                0x20000474                __stdio_exit_handler
 .bss.errno     0x20000478        0x4 C:/ST/STM32CubeIDE_1.16.0/STM32CubeIDE/plugins/com.st.stm32cube.ide.mcu.externaltools.gnu-tools-for-stm32.12.3.rel1.win32_1.0.200.202406191623/tools/bin/../lib/gcc/arm-none-eabi/12.3.1/../../../../arm-none-eabi/lib/thumb/v7e-m+fp/hard\libc_nano.a(libc_a-reent.o)
                0x20000478                errno
 .bss.__lock___malloc_recursive_mutex
                0x2000047c        0x1 C:/ST/STM32CubeIDE_1.16.0/STM32CubeIDE/plugins/com.st.stm32cube.ide.mcu.externaltools.gnu-tools-for-stm32.12.3.rel1.win32_1.0.200.202406191623/tools/bin/../lib/gcc/arm-none-eabi/12.3.1/../../../../arm-none-eabi/lib/thumb/v7e-m+fp/hard\libc_nano.a(libc_a-lock.o)
                0x2000047c                __lock___malloc_recursive_mutex
 .bss.__lock___sfp_recursive_mutex
                0x2000047d        0x1 C:/ST/STM32CubeIDE_1.16.0/STM32CubeIDE/plugins/com.st.stm32cube.ide.mcu.externaltools.gnu-tools-for-stm32.12.3.rel1.win32_1.0.200.202406191623/tools/bin/../lib/gcc/arm-none-eabi/12.3.1/../../../../arm-none-eabi/lib/thumb/v7e-m+fp/hard\libc_nano.a(libc_a-lock.o)
                0x2000047d                __lock___sfp_recursive_mutex
 *fill*         0x2000047e        0x2 
 .bss.__malloc_sbrk_start
                0x20000480        0x4 C:/ST/STM32CubeIDE_1.16.0/STM32CubeIDE/plugins/com.st.stm32cube.ide.mcu.externaltools.gnu-tools-for-stm32.12.3.rel1.win32_1.0.200.202406191623/tools/bin/../lib/gcc/arm-none-eabi/12.3.1/../../../../arm-none-eabi/lib/thumb/v7e-m+fp/hard\libc_nano.a(libc_a-mallocr.o)
                0x20000480                __malloc_sbrk_start
 .bss.__malloc_free_list
                0x20000484        0x4 C:/ST/STM32CubeIDE_1.16.0/STM32CubeIDE/plugins/com.st.stm32cube.ide.mcu.externaltools.gnu-tools-for-stm32.12.3.rel1.win32_1.0.200.202406191623/tools/bin/../lib/gcc/arm-none-eabi/12.3.1/../../../../arm-none-eabi/lib/thumb/v7e-m+fp/hard\libc_nano.a(libc_a-mallocr.o)
                0x20000484                __malloc_free_list
 *(COMMON)
                0x20000488                        . = ALIGN (0x4)
                0x20000488                        _ebss = .
                0x20000488                        __bss_end__ = _ebss

._user_heap_stack
                0x20000488      0x600 load address 0x08009d70
                0x20000488                        . = ALIGN (0x8)
                [!provide]                        PROVIDE (end = .)
                0x20000488                        PROVIDE (_end = .)
                0x20000688                        . = (. + _Min_Heap_Size)
 *fill*         0x20000488      0x200 
                0x20000a88                        . = (. + _Min_Stack_Size)
 *fill*         0x20000688      0x400 
                0x20000a88                        . = ALIGN (0x8)

/DISCARD/
 libc.a(*)
 libm.a(*)
 libgcc.a(*)

.ARM.attributes
                0x00000000       0x30
 *(.ARM.attributes)
 .ARM.attributes
                0x00000000       0x22 C:/ST/STM32CubeIDE_1.16.0/STM32CubeIDE/plugins/com.st.stm32cube.ide.mcu.externaltools.gnu-tools-for-stm32.12.3.rel1.win32_1.0.200.202406191623/tools/bin/../lib/gcc/arm-none-eabi/12.3.1/thumb/v7e-m+fp/hard/crti.o
 .ARM.attributes
                0x00000022       0x34 C:/ST/STM32CubeIDE_1.16.0/STM32CubeIDE/plugins/com.st.stm32cube.ide.mcu.externaltools.gnu-tools-for-stm32.12.3.rel1.win32_1.0.200.202406191623/tools/bin/../lib/gcc/arm-none-eabi/12.3.1/thumb/v7e-m+fp/hard/crtbegin.o
 .ARM.attributes
                0x00000056       0x34 ./Core/Src/main.o
 .ARM.attributes
                0x0000008a       0x34 ./Core/Src/stm32l4xx_hal_msp.o
 .ARM.attributes
                0x000000be       0x34 ./Core/Src/stm32l4xx_it.o
 .ARM.attributes
                0x000000f2       0x34 ./Core/Src/stm32l4xx_nucleo_bus.o
 .ARM.attributes
                0x00000126       0x34 ./Core/Src/syscalls.o
 .ARM.attributes
                0x0000015a       0x34 ./Core/Src/sysmem.o
 .ARM.attributes
                0x0000018e       0x34 ./Core/Src/system_stm32l4xx.o
 .ARM.attributes
                0x000001c2       0x21 ./Core/Startup/startup_stm32l452retx.o
 .ARM.attributes
                0x000001e3       0x34 ./Drivers/BSP/Components/lis2dw12/lis2dw12.o
 .ARM.attributes
                0x00000217       0x34 ./Drivers/BSP/Components/lis2dw12/lis2dw12_reg.o
 .ARM.attributes
                0x0000024b       0x34 ./Drivers/BSP/Components/lis2mdl/lis2mdl.o
 .ARM.attributes
                0x0000027f       0x34 ./Drivers/BSP/Components/lis2mdl/lis2mdl_reg.o
 .ARM.attributes
                0x000002b3       0x34 ./Drivers/BSP/Components/lsm6dso/lsm6dso.o
 .ARM.attributes
                0x000002e7       0x34 ./Drivers/BSP/Components/lsm6dso/lsm6dso_reg.o
 .ARM.attributes
                0x0000031b       0x34 ./Drivers/BSP/IKS01A3/iks01a3_motion_sensors.o
 .ARM.attributes
                0x0000034f       0x34 ./Drivers/STM32L4xx_HAL_Driver/Src/stm32l4xx_hal.o
 .ARM.attributes
                0x00000383       0x34 ./Drivers/STM32L4xx_HAL_Driver/Src/stm32l4xx_hal_cortex.o
 .ARM.attributes
                0x000003b7       0x34 ./Drivers/STM32L4xx_HAL_Driver/Src/stm32l4xx_hal_gpio.o
 .ARM.attributes
                0x000003eb       0x34 ./Drivers/STM32L4xx_HAL_Driver/Src/stm32l4xx_hal_i2c.o
 .ARM.attributes
                0x0000041f       0x34 ./Drivers/STM32L4xx_HAL_Driver/Src/stm32l4xx_hal_i2c_ex.o
 .ARM.attributes
                0x00000453       0x34 ./Drivers/STM32L4xx_HAL_Driver/Src/stm32l4xx_hal_pwr_ex.o
 .ARM.attributes
                0x00000487       0x34 ./Drivers/STM32L4xx_HAL_Driver/Src/stm32l4xx_hal_rcc.o
 .ARM.attributes
                0x000004bb       0x34 ./Drivers/STM32L4xx_HAL_Driver/Src/stm32l4xx_hal_rcc_ex.o
 .ARM.attributes
                0x000004ef       0x34 ./Drivers/STM32L4xx_HAL_Driver/Src/stm32l4xx_hal_uart.o
 .ARM.attributes
                0x00000523       0x34 C:/ST/STM32CubeIDE_1.16.0/STM32CubeIDE/plugins/com.st.stm32cube.ide.mcu.externaltools.gnu-tools-for-stm32.12.3.rel1.win32_1.0.200.202406191623/tools/bin/../lib/gcc/arm-none-eabi/12.3.1/../../../../arm-none-eabi/lib/thumb/v7e-m+fp/hard\libc_nano.a(libc_a-findfp.o)
 .ARM.attributes
                0x00000557       0x34 C:/ST/STM32CubeIDE_1.16.0/STM32CubeIDE/plugins/com.st.stm32cube.ide.mcu.externaltools.gnu-tools-for-stm32.12.3.rel1.win32_1.0.200.202406191623/tools/bin/../lib/gcc/arm-none-eabi/12.3.1/../../../../arm-none-eabi/lib/thumb/v7e-m+fp/hard\libc_nano.a(libc_a-fwalk.o)
 .ARM.attributes
                0x0000058b       0x34 C:/ST/STM32CubeIDE_1.16.0/STM32CubeIDE/plugins/com.st.stm32cube.ide.mcu.externaltools.gnu-tools-for-stm32.12.3.rel1.win32_1.0.200.202406191623/tools/bin/../lib/gcc/arm-none-eabi/12.3.1/../../../../arm-none-eabi/lib/thumb/v7e-m+fp/hard\libc_nano.a(libc_a-printf.o)
 .ARM.attributes
                0x000005bf       0x34 C:/ST/STM32CubeIDE_1.16.0/STM32CubeIDE/plugins/com.st.stm32cube.ide.mcu.externaltools.gnu-tools-for-stm32.12.3.rel1.win32_1.0.200.202406191623/tools/bin/../lib/gcc/arm-none-eabi/12.3.1/../../../../arm-none-eabi/lib/thumb/v7e-m+fp/hard\libc_nano.a(libc_a-stdio.o)
 .ARM.attributes
                0x000005f3       0x34 C:/ST/STM32CubeIDE_1.16.0/STM32CubeIDE/plugins/com.st.stm32cube.ide.mcu.externaltools.gnu-tools-for-stm32.12.3.rel1.win32_1.0.200.202406191623/tools/bin/../lib/gcc/arm-none-eabi/12.3.1/../../../../arm-none-eabi/lib/thumb/v7e-m+fp/hard\libc_nano.a(libc_a-memset.o)
 .ARM.attributes
                0x00000627       0x34 C:/ST/STM32CubeIDE_1.16.0/STM32CubeIDE/plugins/com.st.stm32cube.ide.mcu.externaltools.gnu-tools-for-stm32.12.3.rel1.win32_1.0.200.202406191623/tools/bin/../lib/gcc/arm-none-eabi/12.3.1/../../../../arm-none-eabi/lib/thumb/v7e-m+fp/hard\libc_nano.a(libc_a-closer.o)
 .ARM.attributes
                0x0000065b       0x34 C:/ST/STM32CubeIDE_1.16.0/STM32CubeIDE/plugins/com.st.stm32cube.ide.mcu.externaltools.gnu-tools-for-stm32.12.3.rel1.win32_1.0.200.202406191623/tools/bin/../lib/gcc/arm-none-eabi/12.3.1/../../../../arm-none-eabi/lib/thumb/v7e-m+fp/hard\libc_nano.a(libc_a-reent.o)
 .ARM.attributes
                0x0000068f       0x34 C:/ST/STM32CubeIDE_1.16.0/STM32CubeIDE/plugins/com.st.stm32cube.ide.mcu.externaltools.gnu-tools-for-stm32.12.3.rel1.win32_1.0.200.202406191623/tools/bin/../lib/gcc/arm-none-eabi/12.3.1/../../../../arm-none-eabi/lib/thumb/v7e-m+fp/hard\libc_nano.a(libc_a-impure.o)
 .ARM.attributes
                0x000006c3       0x34 C:/ST/STM32CubeIDE_1.16.0/STM32CubeIDE/plugins/com.st.stm32cube.ide.mcu.externaltools.gnu-tools-for-stm32.12.3.rel1.win32_1.0.200.202406191623/tools/bin/../lib/gcc/arm-none-eabi/12.3.1/../../../../arm-none-eabi/lib/thumb/v7e-m+fp/hard\libc_nano.a(libc_a-lseekr.o)
 .ARM.attributes
                0x000006f7       0x34 C:/ST/STM32CubeIDE_1.16.0/STM32CubeIDE/plugins/com.st.stm32cube.ide.mcu.externaltools.gnu-tools-for-stm32.12.3.rel1.win32_1.0.200.202406191623/tools/bin/../lib/gcc/arm-none-eabi/12.3.1/../../../../arm-none-eabi/lib/thumb/v7e-m+fp/hard\libc_nano.a(libc_a-readr.o)
 .ARM.attributes
                0x0000072b       0x34 C:/ST/STM32CubeIDE_1.16.0/STM32CubeIDE/plugins/com.st.stm32cube.ide.mcu.externaltools.gnu-tools-for-stm32.12.3.rel1.win32_1.0.200.202406191623/tools/bin/../lib/gcc/arm-none-eabi/12.3.1/../../../../arm-none-eabi/lib/thumb/v7e-m+fp/hard\libc_nano.a(libc_a-writer.o)
 .ARM.attributes
                0x0000075f       0x34 C:/ST/STM32CubeIDE_1.16.0/STM32CubeIDE/plugins/com.st.stm32cube.ide.mcu.externaltools.gnu-tools-for-stm32.12.3.rel1.win32_1.0.200.202406191623/tools/bin/../lib/gcc/arm-none-eabi/12.3.1/../../../../arm-none-eabi/lib/thumb/v7e-m+fp/hard\libc_nano.a(libc_a-errno.o)
 .ARM.attributes
                0x00000793       0x34 C:/ST/STM32CubeIDE_1.16.0/STM32CubeIDE/plugins/com.st.stm32cube.ide.mcu.externaltools.gnu-tools-for-stm32.12.3.rel1.win32_1.0.200.202406191623/tools/bin/../lib/gcc/arm-none-eabi/12.3.1/../../../../arm-none-eabi/lib/thumb/v7e-m+fp/hard\libc_nano.a(libc_a-init.o)
 .ARM.attributes
                0x000007c7       0x34 C:/ST/STM32CubeIDE_1.16.0/STM32CubeIDE/plugins/com.st.stm32cube.ide.mcu.externaltools.gnu-tools-for-stm32.12.3.rel1.win32_1.0.200.202406191623/tools/bin/../lib/gcc/arm-none-eabi/12.3.1/../../../../arm-none-eabi/lib/thumb/v7e-m+fp/hard\libc_nano.a(libc_a-lock.o)
 .ARM.attributes
                0x000007fb       0x34 C:/ST/STM32CubeIDE_1.16.0/STM32CubeIDE/plugins/com.st.stm32cube.ide.mcu.externaltools.gnu-tools-for-stm32.12.3.rel1.win32_1.0.200.202406191623/tools/bin/../lib/gcc/arm-none-eabi/12.3.1/../../../../arm-none-eabi/lib/thumb/v7e-m+fp/hard\libc_nano.a(libc_a-freer.o)
 .ARM.attributes
                0x0000082f       0x34 C:/ST/STM32CubeIDE_1.16.0/STM32CubeIDE/plugins/com.st.stm32cube.ide.mcu.externaltools.gnu-tools-for-stm32.12.3.rel1.win32_1.0.200.202406191623/tools/bin/../lib/gcc/arm-none-eabi/12.3.1/../../../../arm-none-eabi/lib/thumb/v7e-m+fp/hard\libc_nano.a(libc_a-mallocr.o)
 .ARM.attributes
                0x00000863       0x34 C:/ST/STM32CubeIDE_1.16.0/STM32CubeIDE/plugins/com.st.stm32cube.ide.mcu.externaltools.gnu-tools-for-stm32.12.3.rel1.win32_1.0.200.202406191623/tools/bin/../lib/gcc/arm-none-eabi/12.3.1/../../../../arm-none-eabi/lib/thumb/v7e-m+fp/hard\libc_nano.a(libc_a-mlock.o)
 .ARM.attributes
                0x00000897       0x34 C:/ST/STM32CubeIDE_1.16.0/STM32CubeIDE/plugins/com.st.stm32cube.ide.mcu.externaltools.gnu-tools-for-stm32.12.3.rel1.win32_1.0.200.202406191623/tools/bin/../lib/gcc/arm-none-eabi/12.3.1/../../../../arm-none-eabi/lib/thumb/v7e-m+fp/hard\libc_nano.a(libc_a-nano-vfprintf.o)
 .ARM.attributes
                0x000008cb       0x34 C:/ST/STM32CubeIDE_1.16.0/STM32CubeIDE/plugins/com.st.stm32cube.ide.mcu.externaltools.gnu-tools-for-stm32.12.3.rel1.win32_1.0.200.202406191623/tools/bin/../lib/gcc/arm-none-eabi/12.3.1/../../../../arm-none-eabi/lib/thumb/v7e-m+fp/hard\libc_nano.a(libc_a-nano-vfprintf_i.o)
 .ARM.attributes
                0x000008ff       0x34 C:/ST/STM32CubeIDE_1.16.0/STM32CubeIDE/plugins/com.st.stm32cube.ide.mcu.externaltools.gnu-tools-for-stm32.12.3.rel1.win32_1.0.200.202406191623/tools/bin/../lib/gcc/arm-none-eabi/12.3.1/../../../../arm-none-eabi/lib/thumb/v7e-m+fp/hard\libc_nano.a(libc_a-fflush.o)
 .ARM.attributes
                0x00000933       0x34 C:/ST/STM32CubeIDE_1.16.0/STM32CubeIDE/plugins/com.st.stm32cube.ide.mcu.externaltools.gnu-tools-for-stm32.12.3.rel1.win32_1.0.200.202406191623/tools/bin/../lib/gcc/arm-none-eabi/12.3.1/../../../../arm-none-eabi/lib/thumb/v7e-m+fp/hard\libc_nano.a(libc_a-wbuf.o)
 .ARM.attributes
                0x00000967       0x34 C:/ST/STM32CubeIDE_1.16.0/STM32CubeIDE/plugins/com.st.stm32cube.ide.mcu.externaltools.gnu-tools-for-stm32.12.3.rel1.win32_1.0.200.202406191623/tools/bin/../lib/gcc/arm-none-eabi/12.3.1/../../../../arm-none-eabi/lib/thumb/v7e-m+fp/hard\libc_nano.a(libc_a-wsetup.o)
 .ARM.attributes
                0x0000099b       0x34 C:/ST/STM32CubeIDE_1.16.0/STM32CubeIDE/plugins/com.st.stm32cube.ide.mcu.externaltools.gnu-tools-for-stm32.12.3.rel1.win32_1.0.200.202406191623/tools/bin/../lib/gcc/arm-none-eabi/12.3.1/../../../../arm-none-eabi/lib/thumb/v7e-m+fp/hard\libc_nano.a(libc_a-sbrkr.o)
 .ARM.attributes
                0x000009cf       0x1c C:/ST/STM32CubeIDE_1.16.0/STM32CubeIDE/plugins/com.st.stm32cube.ide.mcu.externaltools.gnu-tools-for-stm32.12.3.rel1.win32_1.0.200.202406191623/tools/bin/../lib/gcc/arm-none-eabi/12.3.1/../../../../arm-none-eabi/lib/thumb/v7e-m+fp/hard\libc_nano.a(libc_a-memchr.o)
 .ARM.attributes
                0x000009eb       0x34 C:/ST/STM32CubeIDE_1.16.0/STM32CubeIDE/plugins/com.st.stm32cube.ide.mcu.externaltools.gnu-tools-for-stm32.12.3.rel1.win32_1.0.200.202406191623/tools/bin/../lib/gcc/arm-none-eabi/12.3.1/../../../../arm-none-eabi/lib/thumb/v7e-m+fp/hard\libc_nano.a(libc_a-makebuf.o)
 .ARM.attributes
                0x00000a1f       0x34 C:/ST/STM32CubeIDE_1.16.0/STM32CubeIDE/plugins/com.st.stm32cube.ide.mcu.externaltools.gnu-tools-for-stm32.12.3.rel1.win32_1.0.200.202406191623/tools/bin/../lib/gcc/arm-none-eabi/12.3.1/../../../../arm-none-eabi/lib/thumb/v7e-m+fp/hard\libc_nano.a(libc_a-fstatr.o)
 .ARM.attributes
                0x00000a53       0x34 C:/ST/STM32CubeIDE_1.16.0/STM32CubeIDE/plugins/com.st.stm32cube.ide.mcu.externaltools.gnu-tools-for-stm32.12.3.rel1.win32_1.0.200.202406191623/tools/bin/../lib/gcc/arm-none-eabi/12.3.1/../../../../arm-none-eabi/lib/thumb/v7e-m+fp/hard\libc_nano.a(libc_a-isattyr.o)
 .ARM.attributes
                0x00000a87       0x22 C:/ST/STM32CubeIDE_1.16.0/STM32CubeIDE/plugins/com.st.stm32cube.ide.mcu.externaltools.gnu-tools-for-stm32.12.3.rel1.win32_1.0.200.202406191623/tools/bin/../lib/gcc/arm-none-eabi/12.3.1/thumb/v7e-m+fp/hard\libgcc.a(_aeabi_uldivmod.o)
 .ARM.attributes
                0x00000aa9       0x34 C:/ST/STM32CubeIDE_1.16.0/STM32CubeIDE/plugins/com.st.stm32cube.ide.mcu.externaltools.gnu-tools-for-stm32.12.3.rel1.win32_1.0.200.202406191623/tools/bin/../lib/gcc/arm-none-eabi/12.3.1/thumb/v7e-m+fp/hard\libgcc.a(_udivmoddi4.o)
 .ARM.attributes
                0x00000add       0x22 C:/ST/STM32CubeIDE_1.16.0/STM32CubeIDE/plugins/com.st.stm32cube.ide.mcu.externaltools.gnu-tools-for-stm32.12.3.rel1.win32_1.0.200.202406191623/tools/bin/../lib/gcc/arm-none-eabi/12.3.1/thumb/v7e-m+fp/hard\libgcc.a(_dvmd_tls.o)
 .ARM.attributes
                0x00000aff       0x22 C:/ST/STM32CubeIDE_1.16.0/STM32CubeIDE/plugins/com.st.stm32cube.ide.mcu.externaltools.gnu-tools-for-stm32.12.3.rel1.win32_1.0.200.202406191623/tools/bin/../lib/gcc/arm-none-eabi/12.3.1/thumb/v7e-m+fp/hard/crtn.o
OUTPUT(TestingX-NUCLEOSensors.elf elf32-littlearm)
LOAD linker stubs
LOAD C:/ST/STM32CubeIDE_1.16.0/STM32CubeIDE/plugins/com.st.stm32cube.ide.mcu.externaltools.gnu-tools-for-stm32.12.3.rel1.win32_1.0.200.202406191623/tools/bin/../lib/gcc/arm-none-eabi/12.3.1/../../../../arm-none-eabi/lib/thumb/v7e-m+fp/hard\libc.a
LOAD C:/ST/STM32CubeIDE_1.16.0/STM32CubeIDE/plugins/com.st.stm32cube.ide.mcu.externaltools.gnu-tools-for-stm32.12.3.rel1.win32_1.0.200.202406191623/tools/bin/../lib/gcc/arm-none-eabi/12.3.1/../../../../arm-none-eabi/lib/thumb/v7e-m+fp/hard\libm.a
LOAD C:/ST/STM32CubeIDE_1.16.0/STM32CubeIDE/plugins/com.st.stm32cube.ide.mcu.externaltools.gnu-tools-for-stm32.12.3.rel1.win32_1.0.200.202406191623/tools/bin/../lib/gcc/arm-none-eabi/12.3.1/thumb/v7e-m+fp/hard\libgcc.a

.debug_info     0x00000000    0x29b13
 .debug_info    0x00000000      0xe9a ./Core/Src/main.o
 .debug_info    0x00000e9a      0xca5 ./Core/Src/stm32l4xx_hal_msp.o
 .debug_info    0x00001b3f      0x113 ./Core/Src/stm32l4xx_it.o
 .debug_info    0x00001c52     0x10be ./Core/Src/stm32l4xx_nucleo_bus.o
 .debug_info    0x00002d10      0x6a3 ./Core/Src/syscalls.o
 .debug_info    0x000033b3      0x168 ./Core/Src/sysmem.o
 .debug_info    0x0000351b      0x5cd ./Core/Src/system_stm32l4xx.o
 .debug_info    0x00003ae8       0x30 ./Core/Startup/startup_stm32l452retx.o
 .debug_info    0x00003b18     0x1c21 ./Drivers/BSP/Components/lis2dw12/lis2dw12.o
 .debug_info    0x00005739     0x3439 ./Drivers/BSP/Components/lis2dw12/lis2dw12_reg.o
 .debug_info    0x00008b72     0x1300 ./Drivers/BSP/Components/lis2mdl/lis2mdl.o
 .debug_info    0x00009e72     0x1656 ./Drivers/BSP/Components/lis2mdl/lis2mdl_reg.o
 .debug_info    0x0000b4c8     0x69ae ./Drivers/BSP/Components/lsm6dso/lsm6dso.o
 .debug_info    0x00011e76     0xb85e ./Drivers/BSP/Components/lsm6dso/lsm6dso_reg.o
 .debug_info    0x0001d6d4     0x1a12 ./Drivers/BSP/IKS01A3/iks01a3_motion_sensors.o
 .debug_info    0x0001f0e6      0xb89 ./Drivers/STM32L4xx_HAL_Driver/Src/stm32l4xx_hal.o
 .debug_info    0x0001fc6f      0xd39 ./Drivers/STM32L4xx_HAL_Driver/Src/stm32l4xx_hal_cortex.o
 .debug_info    0x000209a8      0x763 ./Drivers/STM32L4xx_HAL_Driver/Src/stm32l4xx_hal_gpio.o
 .debug_info    0x0002110b     0x20d2 ./Drivers/STM32L4xx_HAL_Driver/Src/stm32l4xx_hal_i2c.o
 .debug_info    0x000231dd      0x98d ./Drivers/STM32L4xx_HAL_Driver/Src/stm32l4xx_hal_i2c_ex.o
 .debug_info    0x00023b6a      0x920 ./Drivers/STM32L4xx_HAL_Driver/Src/stm32l4xx_hal_pwr_ex.o
 .debug_info    0x0002448a      0xbd0 ./Drivers/STM32L4xx_HAL_Driver/Src/stm32l4xx_hal_rcc.o
 .debug_info    0x0002505a      0xf34 ./Drivers/STM32L4xx_HAL_Driver/Src/stm32l4xx_hal_rcc_ex.o
 .debug_info    0x00025f8e     0x3b85 ./Drivers/STM32L4xx_HAL_Driver/Src/stm32l4xx_hal_uart.o

.debug_abbrev   0x00000000     0x3338
 .debug_abbrev  0x00000000      0x28b ./Core/Src/main.o
 .debug_abbrev  0x0000028b      0x1d2 ./Core/Src/stm32l4xx_hal_msp.o
 .debug_abbrev  0x0000045d       0x73 ./Core/Src/stm32l4xx_it.o
 .debug_abbrev  0x000004d0      0x299 ./Core/Src/stm32l4xx_nucleo_bus.o
 .debug_abbrev  0x00000769      0x1b6 ./Core/Src/syscalls.o
 .debug_abbrev  0x0000091f       0xbc ./Core/Src/sysmem.o
 .debug_abbrev  0x000009db      0x11a ./Core/Src/system_stm32l4xx.o
 .debug_abbrev  0x00000af5       0x24 ./Core/Startup/startup_stm32l452retx.o
 .debug_abbrev  0x00000b19      0x309 ./Drivers/BSP/Components/lis2dw12/lis2dw12.o
 .debug_abbrev  0x00000e22      0x24e ./Drivers/BSP/Components/lis2dw12/lis2dw12_reg.o
 .debug_abbrev  0x00001070      0x2bb ./Drivers/BSP/Components/lis2mdl/lis2mdl.o
 .debug_abbrev  0x0000132b      0x23d ./Drivers/BSP/Components/lis2mdl/lis2mdl_reg.o
 .debug_abbrev  0x00001568      0x34c ./Drivers/BSP/Components/lsm6dso/lsm6dso.o