13:16:30 **** Incremental Build of configuration Debug for project USB_TEST ****
make -j8 all 
arm-none-eabi-gcc "../USB_Device/App/usbd_cdc_if.c" -mcpu=cortex-m0plus -std=gnu11 -g3 -DDEBUG -DUSE_HAL_DRIVER -DSTM32G0B1xx -c -I../Core/Inc -I../Drivers/STM32G0xx_HAL_Driver/Inc -I../Drivers/STM32G0xx_HAL_Driver/Inc/Legacy -I../Drivers/CMSIS/Device/ST/STM32G0xx/Include -I../Drivers/CMSIS/Include -I../USB_Device/App -I../USB_Device/Target -I../Middlewares/ST/STM32_USB_Device_Library/Core/Inc -I../Middlewares/ST/STM32_USB_Device_Library/Class/CDC/Inc -O0 -ffunction-sections -fdata-sections -Wall -fstack-usage -fcyclomatic-complexity -MMD -MP -MF"USB_Device/App/usbd_cdc_if.d" -MT"USB_Device/App/usbd_cdc_if.o" --specs=nano.specs -mfloat-abi=soft -mthumb -o "USB_Device/App/usbd_cdc_if.o"
arm-none-eabi-gcc -o "USB_TEST.elf" @"objects.list"   -mcpu=cortex-m0plus -T"C:\Users\lagoeirl\STM32CubeIDE\USB\USB_TEST\STM32G0B1RETX_FLASH.ld" --specs=nosys.specs -Wl,-Map="USB_TEST.map" -Wl,--gc-sections -static --specs=nano.specs -mfloat-abi=soft -mthumb -Wl,--start-group -lc -lm -Wl,--end-group
Finished building target: USB_TEST.elf
 
arm-none-eabi-size  USB_TEST.elf 
arm-none-eabi-objdump -h -S USB_TEST.elf  > "USB_TEST.list"
   text	   data	    bss	    dec	    hex	filename
  39172	    264	   5272	  44708	   aea4	USB_TEST.elf
Finished building: default.size.stdout
 
Finished building: USB_TEST.list
 

13:16:36 Build Finished. 0 errors, 0 warnings. (took 5s.685ms)

