../Core/Src/main.c:76:18:Blink	16	static
../Core/Src/main.c:81:18:TurnOn	8	static
../Core/Src/main.c:86:18:TurnOff	8	static
../Core/Src/main.c:92:47:TurnOnLED	16	static
../Core/Src/main.c:104:6:go2APP	24	static,ignoring_inline_asm
../Core/Src/main.c:129:5:_write	32	static
../Core/Src/main.c:144:5:main	8	static
../Core/Src/main.c:197:6:SystemClock_Config	88	static
../Core/Src/main.c:238:13:MX_USART2_UART_Init	8	static
../Core/Src/main.c:286:13:MX_GPIO_Init	48	static
../Core/Src/main.c:319:6:Error_Handler	8	static,ignoring_inline_asm
