../Core/Src/main.c:102:5:main	16	static
../Core/Src/main.c:190:6:SystemClock_Config	120	static
../Core/Src/main.c:249:13:MX_ADC1_Init	48	static
../Core/Src/main.c:317:13:MX_ETH_Init	8	static
../Core/Src/main.c:366:13:MX_TIM1_Init	96	static
../Core/Src/main.c:435:13:MX_USART3_UART_Init	8	static
../Core/Src/main.c:483:13:MX_USB_OTG_FS_PCD_Init	8	static
../Core/Src/main.c:519:13:MX_GPIO_Init	56	static
../Core/Src/main.c:549:6:HAL_ADC_ConvCpltCallback	16	static
../Core/Src/main.c:562:6:Error_Handler	4	static,ignoring_inline_asm
